[0.022s] Invoking command in '/usr/local/google/home/kbalasundar/aic_ws/src/aic/build/aic_task_interfaces': CMAKE_PREFIX_PATH=${CMAKE_PREFIX_PATH}:/opt/ros/kilted DEBUGINFOD_URLS=https://debuginfod.debian.net /usr/bin/cmake --build /usr/local/google/home/kbalasundar/aic_ws/src/aic/build/aic_task_interfaces -- -j64 -l64
[0.142s] [  2%] Built target aic_task_interfaces__rosidl_generator_type_description
[0.179s] [  2%] Built target ament_cmake_python_copy_aic_task_interfaces
[0.194s] [  4%] Built target aic_task_interfaces__cpp
[0.201s] [ 22%] Built target aic_task_interfaces__rosidl_generator_c
[0.262s] [ 43%] Built target aic_task_interfaces__rosidl_typesupport_introspection_c
[0.263s] [ 65%] Built target aic_task_interfaces__rosidl_typesupport_cpp
[0.263s] [ 65%] Built target aic_task_interfaces__rosidl_typesupport_fastrtps_cpp
[0.264s] [ 70%] Built target aic_task_interfaces__rosidl_typesupport_c
[0.264s] [ 75%] Built target aic_task_interfaces__rosidl_typesupport_introspection_cpp
[0.265s] [ 77%] Built target aic_task_interfaces__rosidl_typesupport_fastrtps_c
[0.318s] [ 77%] Built target aic_task_interfaces
[0.369s] [ 79%] Built target aic_task_interfaces__py
[0.426s] [ 86%] Built target aic_task_interfaces__rosidl_generator_py
[0.481s] [ 90%] Built target aic_task_interfaces_s__rosidl_typesupport_introspection_c
[0.482s] [ 95%] Built target aic_task_interfaces_s__rosidl_typesupport_fastrtps_c
[0.485s] [100%] Built target aic_task_interfaces_s__rosidl_typesupport_c
[0.526s] running egg_info
[0.564s] writing aic_task_interfaces.egg-info/PKG-INFO
[0.564s] writing dependency_links to aic_task_interfaces.egg-info/dependency_links.txt
[0.565s] writing top-level names to aic_task_interfaces.egg-info/top_level.txt
[0.674s] reading manifest file 'aic_task_interfaces.egg-info/SOURCES.txt'
[0.675s] writing manifest file 'aic_task_interfaces.egg-info/SOURCES.txt'
[0.719s] [100%] Built target ament_cmake_python_build_aic_task_interfaces_egg
[0.747s] Invoked command in '/usr/local/google/home/kbalasundar/aic_ws/src/aic/build/aic_task_interfaces' returned '0': CMAKE_PREFIX_PATH=${CMAKE_PREFIX_PATH}:/opt/ros/kilted DEBUGINFOD_URLS=https://debuginfod.debian.net /usr/bin/cmake --build /usr/local/google/home/kbalasundar/aic_ws/src/aic/build/aic_task_interfaces -- -j64 -l64
[0.769s] Invoking command in '/usr/local/google/home/kbalasundar/aic_ws/src/aic/build/aic_task_interfaces': CMAKE_PREFIX_PATH=${CMAKE_PREFIX_PATH}:/opt/ros/kilted DEBUGINFOD_URLS=https://debuginfod.debian.net /usr/bin/cmake --install /usr/local/google/home/kbalasundar/aic_ws/src/aic/build/aic_task_interfaces
[0.789s] -- Install configuration: ""
[0.789s] -- Up-to-date: /usr/local/google/home/kbalasundar/aic_ws/src/aic/install/aic_task_interfaces/share/ament_index/resource_index/rosidl_interfaces/aic_task_interfaces
[0.789s] -- Up-to-date: /usr/local/google/home/kbalasundar/aic_ws/src/aic/install/aic_task_interfaces/share/aic_task_interfaces/msg/Task.json
[0.789s] -- Up-to-date: /usr/local/google/home/kbalasundar/aic_ws/src/aic/install/aic_task_interfaces/share/aic_task_interfaces/action/InsertCable.json
[0.789s] -- Up-to-date: /usr/local/google/home/kbalasundar/aic_ws/src/aic/install/aic_task_interfaces/include/aic_task_interfaces/aic_task_interfaces
[0.789s] -- Up-to-date: /usr/local/google/home/kbalasundar/aic_ws/src/aic/install/aic_task_interfaces/include/aic_task_interfaces/aic_task_interfaces/msg
[0.790s] -- Up-to-date: /usr/local/google/home/kbalasundar/aic_ws/src/aic/install/aic_task_interfaces/include/aic_task_interfaces/aic_task_interfaces/msg/detail
[0.790s] -- Up-to-date: /usr/local/google/home/kbalasundar/aic_ws/src/aic/install/aic_task_interfaces/include/aic_task_interfaces/aic_task_interfaces/msg/detail/task__functions.h
[0.790s] -- Up-to-date: /usr/local/google/home/kbalasundar/aic_ws/src/aic/install/aic_task_interfaces/include/aic_task_interfaces/aic_task_interfaces/msg/detail/task__description.c
[0.790s] -- Up-to-date: /usr/local/google/home/kbalasundar/aic_ws/src/aic/install/aic_task_interfaces/include/aic_task_interfaces/aic_task_interfaces/msg/detail/task__functions.c
[0.790s] -- Up-to-date: /usr/local/google/home/kbalasundar/aic_ws/src/aic/install/aic_task_interfaces/include/aic_task_interfaces/aic_task_interfaces/msg/detail/task__type_support.c
[0.790s] -- Up-to-date: /usr/local/google/home/kbalasundar/aic_ws/src/aic/install/aic_task_interfaces/include/aic_task_interfaces/aic_task_interfaces/msg/detail/task__type_support.h
[0.790s] -- Up-to-date: /usr/local/google/home/kbalasundar/aic_ws/src/aic/install/aic_task_interfaces/include/aic_task_interfaces/aic_task_interfaces/msg/detail/task__struct.h
[0.791s] -- Up-to-date: /usr/local/google/home/kbalasundar/aic_ws/src/aic/install/aic_task_interfaces/include/aic_task_interfaces/aic_task_interfaces/msg/task.h
[0.791s] -- Up-to-date: /usr/local/google/home/kbalasundar/aic_ws/src/aic/install/aic_task_interfaces/include/aic_task_interfaces/aic_task_interfaces/msg/rosidl_generator_c__visibility_control.h
[0.791s] -- Up-to-date: /usr/local/google/home/kbalasundar/aic_ws/src/aic/install/aic_task_interfaces/include/aic_task_interfaces/aic_task_interfaces/action
[0.791s] -- Up-to-date: /usr/local/google/home/kbalasundar/aic_ws/src/aic/install/aic_task_interfaces/include/aic_task_interfaces/aic_task_interfaces/action/detail
[0.791s] -- Up-to-date: /usr/local/google/home/kbalasundar/aic_ws/src/aic/install/aic_task_interfaces/include/aic_task_interfaces/aic_task_interfaces/action/detail/insert_cable__functions.c
[0.791s] -- Up-to-date: /usr/local/google/home/kbalasundar/aic_ws/src/aic/install/aic_task_interfaces/include/aic_task_interfaces/aic_task_interfaces/action/detail/insert_cable__description.c
[0.791s] -- Up-to-date: /usr/local/google/home/kbalasundar/aic_ws/src/aic/install/aic_task_interfaces/include/aic_task_interfaces/aic_task_interfaces/action/detail/insert_cable__type_support.h
[0.791s] -- Up-to-date: /usr/local/google/home/kbalasundar/aic_ws/src/aic/install/aic_task_interfaces/include/aic_task_interfaces/aic_task_interfaces/action/detail/insert_cable__struct.h
[0.792s] -- Up-to-date: /usr/local/google/home/kbalasundar/aic_ws/src/aic/install/aic_task_interfaces/include/aic_task_interfaces/aic_task_interfaces/action/detail/insert_cable__functions.h
[0.792s] -- Up-to-date: /usr/local/google/home/kbalasundar/aic_ws/src/aic/install/aic_task_interfaces/include/aic_task_interfaces/aic_task_interfaces/action/detail/insert_cable__type_support.c
[0.792s] -- Up-to-date: /usr/local/google/home/kbalasundar/aic_ws/src/aic/install/aic_task_interfaces/include/aic_task_interfaces/aic_task_interfaces/action/insert_cable.h
[0.792s] -- Up-to-date: /usr/local/google/home/kbalasundar/aic_ws/src/aic/install/aic_task_interfaces/share/aic_task_interfaces/environment/library_path.sh
[0.792s] -- Up-to-date: /usr/local/google/home/kbalasundar/aic_ws/src/aic/install/aic_task_interfaces/share/aic_task_interfaces/environment/library_path.dsv
[0.792s] -- Up-to-date: /usr/local/google/home/kbalasundar/aic_ws/src/aic/install/aic_task_interfaces/lib/libaic_task_interfaces__rosidl_generator_c.so
[0.792s] -- Up-to-date: /usr/local/google/home/kbalasundar/aic_ws/src/aic/install/aic_task_interfaces/include/aic_task_interfaces/aic_task_interfaces
[0.792s] -- Up-to-date: /usr/local/google/home/kbalasundar/aic_ws/src/aic/install/aic_task_interfaces/include/aic_task_interfaces/aic_task_interfaces/msg
[0.792s] -- Up-to-date: /usr/local/google/home/kbalasundar/aic_ws/src/aic/install/aic_task_interfaces/include/aic_task_interfaces/aic_task_interfaces/msg/detail
[0.793s] -- Up-to-date: /usr/local/google/home/kbalasundar/aic_ws/src/aic/install/aic_task_interfaces/include/aic_task_interfaces/aic_task_interfaces/msg/detail/task__rosidl_typesupport_fastrtps_c.h
[0.793s] -- Up-to-date: /usr/local/google/home/kbalasundar/aic_ws/src/aic/install/aic_task_interfaces/include/aic_task_interfaces/aic_task_interfaces/msg/rosidl_typesupport_fastrtps_c__visibility_control.h
[0.793s] -- Up-to-date: /usr/local/google/home/kbalasundar/aic_ws/src/aic/install/aic_task_interfaces/include/aic_task_interfaces/aic_task_interfaces/action
[0.793s] -- Up-to-date: /usr/local/google/home/kbalasundar/aic_ws/src/aic/install/aic_task_interfaces/include/aic_task_interfaces/aic_task_interfaces/action/detail
[0.793s] -- Up-to-date: /usr/local/google/home/kbalasundar/aic_ws/src/aic/install/aic_task_interfaces/include/aic_task_interfaces/aic_task_interfaces/action/detail/insert_cable__rosidl_typesupport_fastrtps_c.h
[0.793s] -- Up-to-date: /usr/local/google/home/kbalasundar/aic_ws/src/aic/install/aic_task_interfaces/lib/libaic_task_interfaces__rosidl_typesupport_fastrtps_c.so
[0.793s] -- Up-to-date: /usr/local/google/home/kbalasundar/aic_ws/src/aic/install/aic_task_interfaces/include/aic_task_interfaces/aic_task_interfaces
[0.793s] -- Up-to-date: /usr/local/google/home/kbalasundar/aic_ws/src/aic/install/aic_task_interfaces/include/aic_task_interfaces/aic_task_interfaces/msg
[0.794s] -- Up-to-date: /usr/local/google/home/kbalasundar/aic_ws/src/aic/install/aic_task_interfaces/include/aic_task_interfaces/aic_task_interfaces/msg/detail
[0.794s] -- Up-to-date: /usr/local/google/home/kbalasundar/aic_ws/src/aic/install/aic_task_interfaces/include/aic_task_interfaces/aic_task_interfaces/msg/detail/task__traits.hpp
[0.794s] -- Up-to-date: /usr/local/google/home/kbalasundar/aic_ws/src/aic/install/aic_task_interfaces/include/aic_task_interfaces/aic_task_interfaces/msg/detail/task__builder.hpp
[0.794s] -- Up-to-date: /usr/local/google/home/kbalasundar/aic_ws/src/aic/install/aic_task_interfaces/include/aic_task_interfaces/aic_task_interfaces/msg/detail/task__struct.hpp
[0.794s] -- Up-to-date: /usr/local/google/home/kbalasundar/aic_ws/src/aic/install/aic_task_interfaces/include/aic_task_interfaces/aic_task_interfaces/msg/detail/task__type_support.hpp
[0.794s] -- Up-to-date: /usr/local/google/home/kbalasundar/aic_ws/src/aic/install/aic_task_interfaces/include/aic_task_interfaces/aic_task_interfaces/msg/rosidl_generator_cpp__visibility_control.hpp
[0.794s] -- Up-to-date: /usr/local/google/home/kbalasundar/aic_ws/src/aic/install/aic_task_interfaces/include/aic_task_interfaces/aic_task_interfaces/msg/task.hpp
[0.795s] -- Up-to-date: /usr/local/google/home/kbalasundar/aic_ws/src/aic/install/aic_task_interfaces/include/aic_task_interfaces/aic_task_interfaces/action
[0.795s] -- Up-to-date: /usr/local/google/home/kbalasundar/aic_ws/src/aic/install/aic_task_interfaces/include/aic_task_interfaces/aic_task_interfaces/action/detail
[0.795s] -- Up-to-date: /usr/local/google/home/kbalasundar/aic_ws/src/aic/install/aic_task_interfaces/include/aic_task_interfaces/aic_task_interfaces/action/detail/insert_cable__type_support.hpp
[0.795s] -- Up-to-date: /usr/local/google/home/kbalasundar/aic_ws/src/aic/install/aic_task_interfaces/include/aic_task_interfaces/aic_task_interfaces/action/detail/insert_cable__traits.hpp
[0.795s] -- Up-to-date: /usr/local/google/home/kbalasundar/aic_ws/src/aic/install/aic_task_interfaces/include/aic_task_interfaces/aic_task_interfaces/action/detail/insert_cable__struct.hpp
[0.795s] -- Up-to-date: /usr/local/google/home/kbalasundar/aic_ws/src/aic/install/aic_task_interfaces/include/aic_task_interfaces/aic_task_interfaces/action/detail/insert_cable__builder.hpp
[0.795s] -- Up-to-date: /usr/local/google/home/kbalasundar/aic_ws/src/aic/install/aic_task_interfaces/include/aic_task_interfaces/aic_task_interfaces/action/insert_cable.hpp
[0.795s] -- Up-to-date: /usr/local/google/home/kbalasundar/aic_ws/src/aic/install/aic_task_interfaces/include/aic_task_interfaces/aic_task_interfaces
[0.795s] -- Up-to-date: /usr/local/google/home/kbalasundar/aic_ws/src/aic/install/aic_task_interfaces/include/aic_task_interfaces/aic_task_interfaces/msg
[0.795s] -- Up-to-date: /usr/local/google/home/kbalasundar/aic_ws/src/aic/install/aic_task_interfaces/include/aic_task_interfaces/aic_task_interfaces/msg/detail
[0.796s] -- Up-to-date: /usr/local/google/home/kbalasundar/aic_ws/src/aic/install/aic_task_interfaces/include/aic_task_interfaces/aic_task_interfaces/msg/detail/task__rosidl_typesupport_fastrtps_cpp.hpp
[0.796s] -- Up-to-date: /usr/local/google/home/kbalasundar/aic_ws/src/aic/install/aic_task_interfaces/include/aic_task_interfaces/aic_task_interfaces/msg/detail/dds_fastrtps
[0.796s] -- Up-to-date: /usr/local/google/home/kbalasundar/aic_ws/src/aic/install/aic_task_interfaces/include/aic_task_interfaces/aic_task_interfaces/msg/rosidl_typesupport_fastrtps_cpp__visibility_control.h
[0.796s] -- Up-to-date: /usr/local/google/home/kbalasundar/aic_ws/src/aic/install/aic_task_interfaces/include/aic_task_interfaces/aic_task_interfaces/action
[0.796s] -- Up-to-date: /usr/local/google/home/kbalasundar/aic_ws/src/aic/install/aic_task_interfaces/include/aic_task_interfaces/aic_task_interfaces/action/detail
[0.796s] -- Up-to-date: /usr/local/google/home/kbalasundar/aic_ws/src/aic/install/aic_task_interfaces/include/aic_task_interfaces/aic_task_interfaces/action/detail/insert_cable__rosidl_typesupport_fastrtps_cpp.hpp
[0.796s] -- Up-to-date: /usr/local/google/home/kbalasundar/aic_ws/src/aic/install/aic_task_interfaces/include/aic_task_interfaces/aic_task_interfaces/action/detail/dds_fastrtps
[0.797s] -- Up-to-date: /usr/local/google/home/kbalasundar/aic_ws/src/aic/install/aic_task_interfaces/lib/libaic_task_interfaces__rosidl_typesupport_fastrtps_cpp.so
[0.797s] -- Up-to-date: /usr/local/google/home/kbalasundar/aic_ws/src/aic/install/aic_task_interfaces/include/aic_task_interfaces/aic_task_interfaces
[0.797s] -- Up-to-date: /usr/local/google/home/kbalasundar/aic_ws/src/aic/install/aic_task_interfaces/include/aic_task_interfaces/aic_task_interfaces/msg
[0.797s] -- Up-to-date: /usr/local/google/home/kbalasundar/aic_ws/src/aic/install/aic_task_interfaces/include/aic_task_interfaces/aic_task_interfaces/msg/detail
[0.797s] -- Up-to-date: /usr/local/google/home/kbalasundar/aic_ws/src/aic/install/aic_task_interfaces/include/aic_task_interfaces/aic_task_interfaces/msg/detail/task__rosidl_typesupport_introspection_c.h
[0.797s] -- Up-to-date: /usr/local/google/home/kbalasundar/aic_ws/src/aic/install/aic_task_interfaces/include/aic_task_interfaces/aic_task_interfaces/msg/detail/task__type_support.c
[0.797s] -- Up-to-date: /usr/local/google/home/kbalasundar/aic_ws/src/aic/install/aic_task_interfaces/include/aic_task_interfaces/aic_task_interfaces/msg/rosidl_typesupport_introspection_c__visibility_control.h
[0.797s] -- Up-to-date: /usr/local/google/home/kbalasundar/aic_ws/src/aic/install/aic_task_interfaces/include/aic_task_interfaces/aic_task_interfaces/action
[0.798s] -- Up-to-date: /usr/local/google/home/kbalasundar/aic_ws/src/aic/install/aic_task_interfaces/include/aic_task_interfaces/aic_task_interfaces/action/detail
[0.798s] -- Up-to-date: /usr/local/google/home/kbalasundar/aic_ws/src/aic/install/aic_task_interfaces/include/aic_task_interfaces/aic_task_interfaces/action/detail/insert_cable__rosidl_typesupport_introspection_c.h
[0.798s] -- Up-to-date: /usr/local/google/home/kbalasundar/aic_ws/src/aic/install/aic_task_interfaces/include/aic_task_interfaces/aic_task_interfaces/action/detail/insert_cable__type_support.c
[0.798s] -- Up-to-date: /usr/local/google/home/kbalasundar/aic_ws/src/aic/install/aic_task_interfaces/lib/libaic_task_interfaces__rosidl_typesupport_introspection_c.so
[0.798s] -- Up-to-date: /usr/local/google/home/kbalasundar/aic_ws/src/aic/install/aic_task_interfaces/lib/libaic_task_interfaces__rosidl_typesupport_c.so
[0.798s] -- Up-to-date: /usr/local/google/home/kbalasundar/aic_ws/src/aic/install/aic_task_interfaces/include/aic_task_interfaces/aic_task_interfaces
[0.799s] -- Up-to-date: /usr/local/google/home/kbalasundar/aic_ws/src/aic/install/aic_task_interfaces/include/aic_task_interfaces/aic_task_interfaces/msg
[0.799s] -- Up-to-date: /usr/local/google/home/kbalasundar/aic_ws/src/aic/install/aic_task_interfaces/include/aic_task_interfaces/aic_task_interfaces/msg/detail
[0.799s] -- Up-to-date: /usr/local/google/home/kbalasundar/aic_ws/src/aic/install/aic_task_interfaces/include/aic_task_interfaces/aic_task_interfaces/msg/detail/task__type_support.cpp
[0.799s] -- Up-to-date: /usr/local/google/home/kbalasundar/aic_ws/src/aic/install/aic_task_interfaces/include/aic_task_interfaces/aic_task_interfaces/msg/detail/task__rosidl_typesupport_introspection_cpp.hpp
[0.799s] -- Up-to-date: /usr/local/google/home/kbalasundar/aic_ws/src/aic/install/aic_task_interfaces/include/aic_task_interfaces/aic_task_interfaces/action
[0.799s] -- Up-to-date: /usr/local/google/home/kbalasundar/aic_ws/src/aic/install/aic_task_interfaces/include/aic_task_interfaces/aic_task_interfaces/action/detail
[0.799s] -- Up-to-date: /usr/local/google/home/kbalasundar/aic_ws/src/aic/install/aic_task_interfaces/include/aic_task_interfaces/aic_task_interfaces/action/detail/insert_cable__type_support.cpp
[0.800s] -- Up-to-date: /usr/local/google/home/kbalasundar/aic_ws/src/aic/install/aic_task_interfaces/include/aic_task_interfaces/aic_task_interfaces/action/detail/insert_cable__rosidl_typesupport_introspection_cpp.hpp
[0.800s] -- Up-to-date: /usr/local/google/home/kbalasundar/aic_ws/src/aic/install/aic_task_interfaces/lib/libaic_task_interfaces__rosidl_typesupport_introspection_cpp.so
[0.800s] -- Up-to-date: /usr/local/google/home/kbalasundar/aic_ws/src/aic/install/aic_task_interfaces/lib/libaic_task_interfaces__rosidl_typesupport_cpp.so
[0.801s] -- Up-to-date: /usr/local/google/home/kbalasundar/aic_ws/src/aic/install/aic_task_interfaces/share/aic_task_interfaces/environment/pythonpath.sh
[0.801s] -- Up-to-date: /usr/local/google/home/kbalasundar/aic_ws/src/aic/install/aic_task_interfaces/share/aic_task_interfaces/environment/pythonpath.dsv
[0.801s] -- Up-to-date: /usr/local/google/home/kbalasundar/aic_ws/src/aic/install/aic_task_interfaces/lib/python3.12/site-packages/aic_task_interfaces-0.0.1-py3.12.egg-info
[0.801s] -- Installing: /usr/local/google/home/kbalasundar/aic_ws/src/aic/install/aic_task_interfaces/lib/python3.12/site-packages/aic_task_interfaces-0.0.1-py3.12.egg-info/PKG-INFO
[0.802s] -- Installing: /usr/local/google/home/kbalasundar/aic_ws/src/aic/install/aic_task_interfaces/lib/python3.12/site-packages/aic_task_interfaces-0.0.1-py3.12.egg-info/top_level.txt
[0.804s] -- Installing: /usr/local/google/home/kbalasundar/aic_ws/src/aic/install/aic_task_interfaces/lib/python3.12/site-packages/aic_task_interfaces-0.0.1-py3.12.egg-info/SOURCES.txt
[0.805s] -- Installing: /usr/local/google/home/kbalasundar/aic_ws/src/aic/install/aic_task_interfaces/lib/python3.12/site-packages/aic_task_interfaces-0.0.1-py3.12.egg-info/dependency_links.txt
[0.806s] -- Up-to-date: /usr/local/google/home/kbalasundar/aic_ws/src/aic/install/aic_task_interfaces/lib/python3.12/site-packages/aic_task_interfaces
[0.806s] -- Up-to-date: /usr/local/google/home/kbalasundar/aic_ws/src/aic/install/aic_task_interfaces/lib/python3.12/site-packages/aic_task_interfaces/msg
[0.806s] -- Up-to-date: /usr/local/google/home/kbalasundar/aic_ws/src/aic/install/aic_task_interfaces/lib/python3.12/site-packages/aic_task_interfaces/msg/__init__.py
[0.807s] -- Up-to-date: /usr/local/google/home/kbalasundar/aic_ws/src/aic/install/aic_task_interfaces/lib/python3.12/site-packages/aic_task_interfaces/msg/_task.py
[0.807s] -- Up-to-date: /usr/local/google/home/kbalasundar/aic_ws/src/aic/install/aic_task_interfaces/lib/python3.12/site-packages/aic_task_interfaces/msg/_task_s.c
[0.807s] -- Up-to-date: /usr/local/google/home/kbalasundar/aic_ws/src/aic/install/aic_task_interfaces/lib/python3.12/site-packages/aic_task_interfaces/__init__.py
[0.807s] -- Up-to-date: /usr/local/google/home/kbalasundar/aic_ws/src/aic/install/aic_task_interfaces/lib/python3.12/site-packages/aic_task_interfaces/aic_task_interfaces_s__rosidl_typesupport_fastrtps_c.so
[0.807s] -- Up-to-date: /usr/local/google/home/kbalasundar/aic_ws/src/aic/install/aic_task_interfaces/lib/python3.12/site-packages/aic_task_interfaces/action
[0.807s] -- Up-to-date: /usr/local/google/home/kbalasundar/aic_ws/src/aic/install/aic_task_interfaces/lib/python3.12/site-packages/aic_task_interfaces/action/_insert_cable_s.c
[0.807s] -- Up-to-date: /usr/local/google/home/kbalasundar/aic_ws/src/aic/install/aic_task_interfaces/lib/python3.12/site-packages/aic_task_interfaces/action/__init__.py
[0.807s] -- Up-to-date: /usr/local/google/home/kbalasundar/aic_ws/src/aic/install/aic_task_interfaces/lib/python3.12/site-packages/aic_task_interfaces/action/_insert_cable.py
[0.808s] -- Up-to-date: /usr/local/google/home/kbalasundar/aic_ws/src/aic/install/aic_task_interfaces/lib/python3.12/site-packages/aic_task_interfaces/aic_task_interfaces_s__rosidl_typesupport_introspection_c.so
[0.808s] -- Up-to-date: /usr/local/google/home/kbalasundar/aic_ws/src/aic/install/aic_task_interfaces/lib/python3.12/site-packages/aic_task_interfaces/_aic_task_interfaces_s.ep.rosidl_typesupport_c.c
[0.808s] -- Up-to-date: /usr/local/google/home/kbalasundar/aic_ws/src/aic/install/aic_task_interfaces/lib/python3.12/site-packages/aic_task_interfaces/_aic_task_interfaces_s.ep.rosidl_typesupport_introspection_c.c
[0.808s] -- Up-to-date: /usr/local/google/home/kbalasundar/aic_ws/src/aic/install/aic_task_interfaces/lib/python3.12/site-packages/aic_task_interfaces/aic_task_interfaces_s__rosidl_typesupport_c.so
[0.808s] -- Up-to-date: /usr/local/google/home/kbalasundar/aic_ws/src/aic/install/aic_task_interfaces/lib/python3.12/site-packages/aic_task_interfaces/_aic_task_interfaces_s.ep.rosidl_typesupport_fastrtps_c.c
[0.851s] Listing '/usr/local/google/home/kbalasundar/aic_ws/src/aic/install/aic_task_interfaces/lib/python3.12/site-packages/aic_task_interfaces'...
[0.851s] Listing '/usr/local/google/home/kbalasundar/aic_ws/src/aic/install/aic_task_interfaces/lib/python3.12/site-packages/aic_task_interfaces/action'...
[0.851s] Listing '/usr/local/google/home/kbalasundar/aic_ws/src/aic/install/aic_task_interfaces/lib/python3.12/site-packages/aic_task_interfaces/msg'...
[0.857s] -- Up-to-date: /usr/local/google/home/kbalasundar/aic_ws/src/aic/install/aic_task_interfaces/lib/python3.12/site-packages/aic_task_interfaces/aic_task_interfaces_s__rosidl_typesupport_fastrtps_c.so
[0.858s] -- Up-to-date: /usr/local/google/home/kbalasundar/aic_ws/src/aic/install/aic_task_interfaces/lib/python3.12/site-packages/aic_task_interfaces/aic_task_interfaces_s__rosidl_typesupport_introspection_c.so
[0.859s] -- Up-to-date: /usr/local/google/home/kbalasundar/aic_ws/src/aic/install/aic_task_interfaces/lib/python3.12/site-packages/aic_task_interfaces/aic_task_interfaces_s__rosidl_typesupport_c.so
[0.859s] -- Up-to-date: /usr/local/google/home/kbalasundar/aic_ws/src/aic/install/aic_task_interfaces/lib/libaic_task_interfaces__rosidl_generator_py.so
[0.860s] -- Up-to-date: /usr/local/google/home/kbalasundar/aic_ws/src/aic/install/aic_task_interfaces/share/aic_task_interfaces/msg/Task.idl
[0.860s] -- Up-to-date: /usr/local/google/home/kbalasundar/aic_ws/src/aic/install/aic_task_interfaces/share/aic_task_interfaces/action/InsertCable.idl
[0.860s] -- Up-to-date: /usr/local/google/home/kbalasundar/aic_ws/src/aic/install/aic_task_interfaces/share/aic_task_interfaces/msg/Task.msg
[0.860s] -- Up-to-date: /usr/local/google/home/kbalasundar/aic_ws/src/aic/install/aic_task_interfaces/share/aic_task_interfaces/action/InsertCable.action
[0.860s] -- Up-to-date: /usr/local/google/home/kbalasundar/aic_ws/src/aic/install/aic_task_interfaces/share/ament_index/resource_index/package_run_dependencies/aic_task_interfaces
[0.861s] -- Up-to-date: /usr/local/google/home/kbalasundar/aic_ws/src/aic/install/aic_task_interfaces/share/ament_index/resource_index/parent_prefix_path/aic_task_interfaces
[0.861s] -- Up-to-date: /usr/local/google/home/kbalasundar/aic_ws/src/aic/install/aic_task_interfaces/share/aic_task_interfaces/environment/ament_prefix_path.sh
[0.861s] -- Up-to-date: /usr/local/google/home/kbalasundar/aic_ws/src/aic/install/aic_task_interfaces/share/aic_task_interfaces/environment/ament_prefix_path.dsv
[0.861s] -- Up-to-date: /usr/local/google/home/kbalasundar/aic_ws/src/aic/install/aic_task_interfaces/share/aic_task_interfaces/environment/path.sh
[0.861s] -- Up-to-date: /usr/local/google/home/kbalasundar/aic_ws/src/aic/install/aic_task_interfaces/share/aic_task_interfaces/environment/path.dsv
[0.861s] -- Up-to-date: /usr/local/google/home/kbalasundar/aic_ws/src/aic/install/aic_task_interfaces/share/aic_task_interfaces/local_setup.bash
[0.861s] -- Up-to-date: /usr/local/google/home/kbalasundar/aic_ws/src/aic/install/aic_task_interfaces/share/aic_task_interfaces/local_setup.sh
[0.861s] -- Up-to-date: /usr/local/google/home/kbalasundar/aic_ws/src/aic/install/aic_task_interfaces/share/aic_task_interfaces/local_setup.zsh
[0.862s] -- Up-to-date: /usr/local/google/home/kbalasundar/aic_ws/src/aic/install/aic_task_interfaces/share/aic_task_interfaces/local_setup.dsv
[0.862s] -- Installing: /usr/local/google/home/kbalasundar/aic_ws/src/aic/install/aic_task_interfaces/share/aic_task_interfaces/package.dsv
[0.863s] -- Up-to-date: /usr/local/google/home/kbalasundar/aic_ws/src/aic/install/aic_task_interfaces/share/ament_index/resource_index/packages/aic_task_interfaces
[0.863s] -- Up-to-date: /usr/local/google/home/kbalasundar/aic_ws/src/aic/install/aic_task_interfaces/share/aic_task_interfaces/cmake/export_aic_task_interfaces__rosidl_generator_cExport.cmake
[0.863s] -- Up-to-date: /usr/local/google/home/kbalasundar/aic_ws/src/aic/install/aic_task_interfaces/share/aic_task_interfaces/cmake/export_aic_task_interfaces__rosidl_generator_cExport-noconfig.cmake
[0.863s] -- Up-to-date: /usr/local/google/home/kbalasundar/aic_ws/src/aic/install/aic_task_interfaces/share/aic_task_interfaces/cmake/export_aic_task_interfaces__rosidl_typesupport_fastrtps_cExport.cmake
[0.864s] -- Up-to-date: /usr/local/google/home/kbalasundar/aic_ws/src/aic/install/aic_task_interfaces/share/aic_task_interfaces/cmake/export_aic_task_interfaces__rosidl_typesupport_fastrtps_cExport-noconfig.cmake
[0.864s] -- Up-to-date: /usr/local/google/home/kbalasundar/aic_ws/src/aic/install/aic_task_interfaces/share/aic_task_interfaces/cmake/export_aic_task_interfaces__rosidl_generator_cppExport.cmake
[0.864s] -- Up-to-date: /usr/local/google/home/kbalasundar/aic_ws/src/aic/install/aic_task_interfaces/share/aic_task_interfaces/cmake/export_aic_task_interfaces__rosidl_typesupport_fastrtps_cppExport.cmake
[0.864s] -- Up-to-date: /usr/local/google/home/kbalasundar/aic_ws/src/aic/install/aic_task_interfaces/share/aic_task_interfaces/cmake/export_aic_task_interfaces__rosidl_typesupport_fastrtps_cppExport-noconfig.cmake
[0.864s] -- Up-to-date: /usr/local/google/home/kbalasundar/aic_ws/src/aic/install/aic_task_interfaces/share/aic_task_interfaces/cmake/aic_task_interfaces__rosidl_typesupport_introspection_cExport.cmake
[0.865s] -- Up-to-date: /usr/local/google/home/kbalasundar/aic_ws/src/aic/install/aic_task_interfaces/share/aic_task_interfaces/cmake/aic_task_interfaces__rosidl_typesupport_introspection_cExport-noconfig.cmake
[0.865s] -- Up-to-date: /usr/local/google/home/kbalasundar/aic_ws/src/aic/install/aic_task_interfaces/share/aic_task_interfaces/cmake/aic_task_interfaces__rosidl_typesupport_cExport.cmake
[0.865s] -- Up-to-date: /usr/local/google/home/kbalasundar/aic_ws/src/aic/install/aic_task_interfaces/share/aic_task_interfaces/cmake/aic_task_interfaces__rosidl_typesupport_cExport-noconfig.cmake
[0.865s] -- Up-to-date: /usr/local/google/home/kbalasundar/aic_ws/src/aic/install/aic_task_interfaces/share/aic_task_interfaces/cmake/aic_task_interfaces__rosidl_typesupport_introspection_cppExport.cmake
[0.865s] -- Up-to-date: /usr/local/google/home/kbalasundar/aic_ws/src/aic/install/aic_task_interfaces/share/aic_task_interfaces/cmake/aic_task_interfaces__rosidl_typesupport_introspection_cppExport-noconfig.cmake
[0.865s] -- Up-to-date: /usr/local/google/home/kbalasundar/aic_ws/src/aic/install/aic_task_interfaces/share/aic_task_interfaces/cmake/aic_task_interfaces__rosidl_typesupport_cppExport.cmake
[0.865s] -- Up-to-date: /usr/local/google/home/kbalasundar/aic_ws/src/aic/install/aic_task_interfaces/share/aic_task_interfaces/cmake/aic_task_interfaces__rosidl_typesupport_cppExport-noconfig.cmake
[0.866s] -- Up-to-date: /usr/local/google/home/kbalasundar/aic_ws/src/aic/install/aic_task_interfaces/share/aic_task_interfaces/cmake/export_aic_task_interfaces__rosidl_generator_pyExport.cmake
[0.866s] -- Up-to-date: /usr/local/google/home/kbalasundar/aic_ws/src/aic/install/aic_task_interfaces/share/aic_task_interfaces/cmake/export_aic_task_interfaces__rosidl_generator_pyExport-noconfig.cmake
[0.866s] -- Up-to-date: /usr/local/google/home/kbalasundar/aic_ws/src/aic/install/aic_task_interfaces/share/aic_task_interfaces/cmake/rosidl_cmake-extras.cmake
[0.866s] -- Up-to-date: /usr/local/google/home/kbalasundar/aic_ws/src/aic/install/aic_task_interfaces/share/aic_task_interfaces/cmake/ament_cmake_export_dependencies-extras.cmake
[0.866s] -- Up-to-date: /usr/local/google/home/kbalasundar/aic_ws/src/aic/install/aic_task_interfaces/share/aic_task_interfaces/cmake/ament_cmake_export_include_directories-extras.cmake
[0.866s] -- Up-to-date: /usr/local/google/home/kbalasundar/aic_ws/src/aic/install/aic_task_interfaces/share/aic_task_interfaces/cmake/ament_cmake_export_libraries-extras.cmake
[0.866s] -- Up-to-date: /usr/local/google/home/kbalasundar/aic_ws/src/aic/install/aic_task_interfaces/share/aic_task_interfaces/cmake/ament_cmake_export_targets-extras.cmake
[0.866s] -- Up-to-date: /usr/local/google/home/kbalasundar/aic_ws/src/aic/install/aic_task_interfaces/share/aic_task_interfaces/cmake/rosidl_cmake_export_typesupport_targets-extras.cmake
[0.867s] -- Up-to-date: /usr/local/google/home/kbalasundar/aic_ws/src/aic/install/aic_task_interfaces/share/aic_task_interfaces/cmake/rosidl_cmake_export_typesupport_libraries-extras.cmake
[0.867s] -- Up-to-date: /usr/local/google/home/kbalasundar/aic_ws/src/aic/install/aic_task_interfaces/share/aic_task_interfaces/cmake/aic_task_interfacesConfig.cmake
[0.867s] -- Up-to-date: /usr/local/google/home/kbalasundar/aic_ws/src/aic/install/aic_task_interfaces/share/aic_task_interfaces/cmake/aic_task_interfacesConfig-version.cmake
[0.867s] -- Up-to-date: /usr/local/google/home/kbalasundar/aic_ws/src/aic/install/aic_task_interfaces/share/aic_task_interfaces/package.xml
[0.869s] Invoked command in '/usr/local/google/home/kbalasundar/aic_ws/src/aic/build/aic_task_interfaces' returned '0': CMAKE_PREFIX_PATH=${CMAKE_PREFIX_PATH}:/opt/ros/kilted DEBUGINFOD_URLS=https://debuginfod.debian.net /usr/bin/cmake --install /usr/local/google/home/kbalasundar/aic_ws/src/aic/build/aic_task_interfaces
