[0.023s] Invoking command in '/usr/local/google/home/kbalasundar/aic_ws/src/aic/build/aic_task_interfaces': CMAKE_PREFIX_PATH=${CMAKE_PREFIX_PATH}:/opt/ros/kilted DEBUGINFOD_URLS=https://debuginfod.debian.net /usr/bin/cmake --build /usr/local/google/home/kbalasundar/aic_ws/src/aic/build/aic_task_interfaces -- -j64 -l64
[0.144s] [  2%] Built target aic_task_interfaces__rosidl_generator_type_description
[0.180s] [  2%] Built target ament_cmake_python_copy_aic_task_interfaces
[0.196s] [  4%] Built target aic_task_interfaces__cpp
[0.200s] [ 22%] Built target aic_task_interfaces__rosidl_generator_c
[0.258s] [ 50%] Built target aic_task_interfaces__rosidl_typesupport_introspection_c
[0.258s] [ 50%] Built target aic_task_interfaces__rosidl_typesupport_c
[0.260s] [ 77%] Built target aic_task_interfaces__rosidl_typesupport_fastrtps_c
[0.260s] [ 77%] Built target aic_task_interfaces__rosidl_typesupport_cpp
[0.260s] [ 77%] Built target aic_task_interfaces__rosidl_typesupport_introspection_cpp
[0.260s] [ 77%] Built target aic_task_interfaces__rosidl_typesupport_fastrtps_cpp
[0.314s] [ 77%] Built target aic_task_interfaces
[0.364s] [ 79%] Built target aic_task_interfaces__py
[0.421s] [ 86%] Built target aic_task_interfaces__rosidl_generator_py
[0.475s] [100%] Built target aic_task_interfaces_s__rosidl_typesupport_c
[0.475s] [100%] Built target aic_task_interfaces_s__rosidl_typesupport_fastrtps_c
[0.476s] [100%] Built target aic_task_interfaces_s__rosidl_typesupport_introspection_c
[0.531s] running egg_info
[0.568s] writing aic_task_interfaces.egg-info/PKG-INFO
[0.568s] writing dependency_links to aic_task_interfaces.egg-info/dependency_links.txt
[0.568s] writing top-level names to aic_task_interfaces.egg-info/top_level.txt
[0.675s] reading manifest file 'aic_task_interfaces.egg-info/SOURCES.txt'
[0.676s] writing manifest file 'aic_task_interfaces.egg-info/SOURCES.txt'
[0.716s] [100%] Built target ament_cmake_python_build_aic_task_interfaces_egg
[0.743s] Invoked command in '/usr/local/google/home/kbalasundar/aic_ws/src/aic/build/aic_task_interfaces' returned '0': CMAKE_PREFIX_PATH=${CMAKE_PREFIX_PATH}:/opt/ros/kilted DEBUGINFOD_URLS=https://debuginfod.debian.net /usr/bin/cmake --build /usr/local/google/home/kbalasundar/aic_ws/src/aic/build/aic_task_interfaces -- -j64 -l64
[0.765s] Invoking command in '/usr/local/google/home/kbalasundar/aic_ws/src/aic/build/aic_task_interfaces': CMAKE_PREFIX_PATH=${CMAKE_PREFIX_PATH}:/opt/ros/kilted DEBUGINFOD_URLS=https://debuginfod.debian.net /usr/bin/cmake --install /usr/local/google/home/kbalasundar/aic_ws/src/aic/build/aic_task_interfaces
[0.785s] -- Install configuration: ""
[0.785s] -- Up-to-date: /usr/local/google/home/kbalasundar/aic_ws/src/aic/install/aic_task_interfaces/share/ament_index/resource_index/rosidl_interfaces/aic_task_interfaces
[0.786s] -- Up-to-date: /usr/local/google/home/kbalasundar/aic_ws/src/aic/install/aic_task_interfaces/share/aic_task_interfaces/msg/Task.json
[0.786s] -- Up-to-date: /usr/local/google/home/kbalasundar/aic_ws/src/aic/install/aic_task_interfaces/share/aic_task_interfaces/action/InsertCable.json
[0.786s] -- Up-to-date: /usr/local/google/home/kbalasundar/aic_ws/src/aic/install/aic_task_interfaces/include/aic_task_interfaces/aic_task_interfaces
[0.786s] -- Up-to-date: /usr/local/google/home/kbalasundar/aic_ws/src/aic/install/aic_task_interfaces/include/aic_task_interfaces/aic_task_interfaces/msg
[0.786s] -- Up-to-date: /usr/local/google/home/kbalasundar/aic_ws/src/aic/install/aic_task_interfaces/include/aic_task_interfaces/aic_task_interfaces/msg/detail
[0.786s] -- Up-to-date: /usr/local/google/home/kbalasundar/aic_ws/src/aic/install/aic_task_interfaces/include/aic_task_interfaces/aic_task_interfaces/msg/detail/task__functions.h
[0.787s] -- Up-to-date: /usr/local/google/home/kbalasundar/aic_ws/src/aic/install/aic_task_interfaces/include/aic_task_interfaces/aic_task_interfaces/msg/detail/task__description.c
[0.787s] -- Up-to-date: /usr/local/google/home/kbalasundar/aic_ws/src/aic/install/aic_task_interfaces/include/aic_task_interfaces/aic_task_interfaces/msg/detail/task__functions.c
[0.787s] -- Up-to-date: /usr/local/google/home/kbalasundar/aic_ws/src/aic/install/aic_task_interfaces/include/aic_task_interfaces/aic_task_interfaces/msg/detail/task__type_support.c
[0.787s] -- Up-to-date: /usr/local/google/home/kbalasundar/aic_ws/src/aic/install/aic_task_interfaces/include/aic_task_interfaces/aic_task_interfaces/msg/detail/task__type_support.h
[0.787s] -- Up-to-date: /usr/local/google/home/kbalasundar/aic_ws/src/aic/install/aic_task_interfaces/include/aic_task_interfaces/aic_task_interfaces/msg/detail/task__struct.h
[0.787s] -- Up-to-date: /usr/local/google/home/kbalasundar/aic_ws/src/aic/install/aic_task_interfaces/include/aic_task_interfaces/aic_task_interfaces/msg/task.h
[0.787s] -- Up-to-date: /usr/local/google/home/kbalasundar/aic_ws/src/aic/install/aic_task_interfaces/include/aic_task_interfaces/aic_task_interfaces/msg/rosidl_generator_c__visibility_control.h
[0.787s] -- Up-to-date: /usr/local/google/home/kbalasundar/aic_ws/src/aic/install/aic_task_interfaces/include/aic_task_interfaces/aic_task_interfaces/action
[0.788s] -- Up-to-date: /usr/local/google/home/kbalasundar/aic_ws/src/aic/install/aic_task_interfaces/include/aic_task_interfaces/aic_task_interfaces/action/detail
[0.788s] -- Up-to-date: /usr/local/google/home/kbalasundar/aic_ws/src/aic/install/aic_task_interfaces/include/aic_task_interfaces/aic_task_interfaces/action/detail/insert_cable__functions.c
[0.788s] -- Up-to-date: /usr/local/google/home/kbalasundar/aic_ws/src/aic/install/aic_task_interfaces/include/aic_task_interfaces/aic_task_interfaces/action/detail/insert_cable__description.c
[0.788s] -- Up-to-date: /usr/local/google/home/kbalasundar/aic_ws/src/aic/install/aic_task_interfaces/include/aic_task_interfaces/aic_task_interfaces/action/detail/insert_cable__type_support.h
[0.788s] -- Up-to-date: /usr/local/google/home/kbalasundar/aic_ws/src/aic/install/aic_task_interfaces/include/aic_task_interfaces/aic_task_interfaces/action/detail/insert_cable__struct.h
[0.788s] -- Up-to-date: /usr/local/google/home/kbalasundar/aic_ws/src/aic/install/aic_task_interfaces/include/aic_task_interfaces/aic_task_interfaces/action/detail/insert_cable__functions.h
[0.788s] -- Up-to-date: /usr/local/google/home/kbalasundar/aic_ws/src/aic/install/aic_task_interfaces/include/aic_task_interfaces/aic_task_interfaces/action/detail/insert_cable__type_support.c
[0.788s] -- Up-to-date: /usr/local/google/home/kbalasundar/aic_ws/src/aic/install/aic_task_interfaces/include/aic_task_interfaces/aic_task_interfaces/action/insert_cable.h
[0.789s] -- Up-to-date: /usr/local/google/home/kbalasundar/aic_ws/src/aic/install/aic_task_interfaces/share/aic_task_interfaces/environment/library_path.sh
[0.789s] -- Up-to-date: /usr/local/google/home/kbalasundar/aic_ws/src/aic/install/aic_task_interfaces/share/aic_task_interfaces/environment/library_path.dsv
[0.789s] -- Up-to-date: /usr/local/google/home/kbalasundar/aic_ws/src/aic/install/aic_task_interfaces/lib/libaic_task_interfaces__rosidl_generator_c.so
[0.789s] -- Up-to-date: /usr/local/google/home/kbalasundar/aic_ws/src/aic/install/aic_task_interfaces/include/aic_task_interfaces/aic_task_interfaces
[0.789s] -- Up-to-date: /usr/local/google/home/kbalasundar/aic_ws/src/aic/install/aic_task_interfaces/include/aic_task_interfaces/aic_task_interfaces/msg
[0.789s] -- Up-to-date: /usr/local/google/home/kbalasundar/aic_ws/src/aic/install/aic_task_interfaces/include/aic_task_interfaces/aic_task_interfaces/msg/detail
[0.789s] -- Up-to-date: /usr/local/google/home/kbalasundar/aic_ws/src/aic/install/aic_task_interfaces/include/aic_task_interfaces/aic_task_interfaces/msg/detail/task__rosidl_typesupport_fastrtps_c.h
[0.789s] -- Up-to-date: /usr/local/google/home/kbalasundar/aic_ws/src/aic/install/aic_task_interfaces/include/aic_task_interfaces/aic_task_interfaces/msg/rosidl_typesupport_fastrtps_c__visibility_control.h
[0.789s] -- Up-to-date: /usr/local/google/home/kbalasundar/aic_ws/src/aic/install/aic_task_interfaces/include/aic_task_interfaces/aic_task_interfaces/action
[0.790s] -- Up-to-date: /usr/local/google/home/kbalasundar/aic_ws/src/aic/install/aic_task_interfaces/include/aic_task_interfaces/aic_task_interfaces/action/detail
[0.790s] -- Up-to-date: /usr/local/google/home/kbalasundar/aic_ws/src/aic/install/aic_task_interfaces/include/aic_task_interfaces/aic_task_interfaces/action/detail/insert_cable__rosidl_typesupport_fastrtps_c.h
[0.790s] -- Up-to-date: /usr/local/google/home/kbalasundar/aic_ws/src/aic/install/aic_task_interfaces/lib/libaic_task_interfaces__rosidl_typesupport_fastrtps_c.so
[0.790s] -- Up-to-date: /usr/local/google/home/kbalasundar/aic_ws/src/aic/install/aic_task_interfaces/include/aic_task_interfaces/aic_task_interfaces
[0.790s] -- Up-to-date: /usr/local/google/home/kbalasundar/aic_ws/src/aic/install/aic_task_interfaces/include/aic_task_interfaces/aic_task_interfaces/msg
[0.790s] -- Up-to-date: /usr/local/google/home/kbalasundar/aic_ws/src/aic/install/aic_task_interfaces/include/aic_task_interfaces/aic_task_interfaces/msg/detail
[0.790s] -- Up-to-date: /usr/local/google/home/kbalasundar/aic_ws/src/aic/install/aic_task_interfaces/include/aic_task_interfaces/aic_task_interfaces/msg/detail/task__traits.hpp
[0.791s] -- Up-to-date: /usr/local/google/home/kbalasundar/aic_ws/src/aic/install/aic_task_interfaces/include/aic_task_interfaces/aic_task_interfaces/msg/detail/task__builder.hpp
[0.791s] -- Up-to-date: /usr/local/google/home/kbalasundar/aic_ws/src/aic/install/aic_task_interfaces/include/aic_task_interfaces/aic_task_interfaces/msg/detail/task__struct.hpp
[0.791s] -- Up-to-date: /usr/local/google/home/kbalasundar/aic_ws/src/aic/install/aic_task_interfaces/include/aic_task_interfaces/aic_task_interfaces/msg/detail/task__type_support.hpp
[0.791s] -- Up-to-date: /usr/local/google/home/kbalasundar/aic_ws/src/aic/install/aic_task_interfaces/include/aic_task_interfaces/aic_task_interfaces/msg/rosidl_generator_cpp__visibility_control.hpp
[0.791s] -- Up-to-date: /usr/local/google/home/kbalasundar/aic_ws/src/aic/install/aic_task_interfaces/include/aic_task_interfaces/aic_task_interfaces/msg/task.hpp
[0.791s] -- Up-to-date: /usr/local/google/home/kbalasundar/aic_ws/src/aic/install/aic_task_interfaces/include/aic_task_interfaces/aic_task_interfaces/action
[0.791s] -- Up-to-date: /usr/local/google/home/kbalasundar/aic_ws/src/aic/install/aic_task_interfaces/include/aic_task_interfaces/aic_task_interfaces/action/detail
[0.792s] -- Up-to-date: /usr/local/google/home/kbalasundar/aic_ws/src/aic/install/aic_task_interfaces/include/aic_task_interfaces/aic_task_interfaces/action/detail/insert_cable__type_support.hpp
[0.792s] -- Up-to-date: /usr/local/google/home/kbalasundar/aic_ws/src/aic/install/aic_task_interfaces/include/aic_task_interfaces/aic_task_interfaces/action/detail/insert_cable__traits.hpp
[0.792s] -- Up-to-date: /usr/local/google/home/kbalasundar/aic_ws/src/aic/install/aic_task_interfaces/include/aic_task_interfaces/aic_task_interfaces/action/detail/insert_cable__struct.hpp
[0.792s] -- Up-to-date: /usr/local/google/home/kbalasundar/aic_ws/src/aic/install/aic_task_interfaces/include/aic_task_interfaces/aic_task_interfaces/action/detail/insert_cable__builder.hpp
[0.792s] -- Up-to-date: /usr/local/google/home/kbalasundar/aic_ws/src/aic/install/aic_task_interfaces/include/aic_task_interfaces/aic_task_interfaces/action/insert_cable.hpp
[0.792s] -- Up-to-date: /usr/local/google/home/kbalasundar/aic_ws/src/aic/install/aic_task_interfaces/include/aic_task_interfaces/aic_task_interfaces
[0.792s] -- Up-to-date: /usr/local/google/home/kbalasundar/aic_ws/src/aic/install/aic_task_interfaces/include/aic_task_interfaces/aic_task_interfaces/msg
[0.792s] -- Up-to-date: /usr/local/google/home/kbalasundar/aic_ws/src/aic/install/aic_task_interfaces/include/aic_task_interfaces/aic_task_interfaces/msg/detail
[0.792s] -- Up-to-date: /usr/local/google/home/kbalasundar/aic_ws/src/aic/install/aic_task_interfaces/include/aic_task_interfaces/aic_task_interfaces/msg/detail/task__rosidl_typesupport_fastrtps_cpp.hpp
[0.793s] -- Up-to-date: /usr/local/google/home/kbalasundar/aic_ws/src/aic/install/aic_task_interfaces/include/aic_task_interfaces/aic_task_interfaces/msg/detail/dds_fastrtps
[0.793s] -- Up-to-date: /usr/local/google/home/kbalasundar/aic_ws/src/aic/install/aic_task_interfaces/include/aic_task_interfaces/aic_task_interfaces/msg/rosidl_typesupport_fastrtps_cpp__visibility_control.h
[0.793s] -- Up-to-date: /usr/local/google/home/kbalasundar/aic_ws/src/aic/install/aic_task_interfaces/include/aic_task_interfaces/aic_task_interfaces/action
[0.793s] -- Up-to-date: /usr/local/google/home/kbalasundar/aic_ws/src/aic/install/aic_task_interfaces/include/aic_task_interfaces/aic_task_interfaces/action/detail
[0.793s] -- Up-to-date: /usr/local/google/home/kbalasundar/aic_ws/src/aic/install/aic_task_interfaces/include/aic_task_interfaces/aic_task_interfaces/action/detail/insert_cable__rosidl_typesupport_fastrtps_cpp.hpp
[0.793s] -- Up-to-date: /usr/local/google/home/kbalasundar/aic_ws/src/aic/install/aic_task_interfaces/include/aic_task_interfaces/aic_task_interfaces/action/detail/dds_fastrtps
[0.793s] -- Up-to-date: /usr/local/google/home/kbalasundar/aic_ws/src/aic/install/aic_task_interfaces/lib/libaic_task_interfaces__rosidl_typesupport_fastrtps_cpp.so
[0.794s] -- Up-to-date: /usr/local/google/home/kbalasundar/aic_ws/src/aic/install/aic_task_interfaces/include/aic_task_interfaces/aic_task_interfaces
[0.794s] -- Up-to-date: /usr/local/google/home/kbalasundar/aic_ws/src/aic/install/aic_task_interfaces/include/aic_task_interfaces/aic_task_interfaces/msg
[0.794s] -- Up-to-date: /usr/local/google/home/kbalasundar/aic_ws/src/aic/install/aic_task_interfaces/include/aic_task_interfaces/aic_task_interfaces/msg/detail
[0.794s] -- Up-to-date: /usr/local/google/home/kbalasundar/aic_ws/src/aic/install/aic_task_interfaces/include/aic_task_interfaces/aic_task_interfaces/msg/detail/task__rosidl_typesupport_introspection_c.h
[0.794s] -- Up-to-date: /usr/local/google/home/kbalasundar/aic_ws/src/aic/install/aic_task_interfaces/include/aic_task_interfaces/aic_task_interfaces/msg/detail/task__type_support.c
[0.794s] -- Up-to-date: /usr/local/google/home/kbalasundar/aic_ws/src/aic/install/aic_task_interfaces/include/aic_task_interfaces/aic_task_interfaces/msg/rosidl_typesupport_introspection_c__visibility_control.h
[0.794s] -- Up-to-date: /usr/local/google/home/kbalasundar/aic_ws/src/aic/install/aic_task_interfaces/include/aic_task_interfaces/aic_task_interfaces/action
[0.794s] -- Up-to-date: /usr/local/google/home/kbalasundar/aic_ws/src/aic/install/aic_task_interfaces/include/aic_task_interfaces/aic_task_interfaces/action/detail
[0.794s] -- Up-to-date: /usr/local/google/home/kbalasundar/aic_ws/src/aic/install/aic_task_interfaces/include/aic_task_interfaces/aic_task_interfaces/action/detail/insert_cable__rosidl_typesupport_introspection_c.h
[0.794s] -- Up-to-date: /usr/local/google/home/kbalasundar/aic_ws/src/aic/install/aic_task_interfaces/include/aic_task_interfaces/aic_task_interfaces/action/detail/insert_cable__type_support.c
[0.795s] -- Up-to-date: /usr/local/google/home/kbalasundar/aic_ws/src/aic/install/aic_task_interfaces/lib/libaic_task_interfaces__rosidl_typesupport_introspection_c.so
[0.795s] -- Up-to-date: /usr/local/google/home/kbalasundar/aic_ws/src/aic/install/aic_task_interfaces/lib/libaic_task_interfaces__rosidl_typesupport_c.so
[0.795s] -- Up-to-date: /usr/local/google/home/kbalasundar/aic_ws/src/aic/install/aic_task_interfaces/include/aic_task_interfaces/aic_task_interfaces
[0.795s] -- Up-to-date: /usr/local/google/home/kbalasundar/aic_ws/src/aic/install/aic_task_interfaces/include/aic_task_interfaces/aic_task_interfaces/msg
[0.795s] -- Up-to-date: /usr/local/google/home/kbalasundar/aic_ws/src/aic/install/aic_task_interfaces/include/aic_task_interfaces/aic_task_interfaces/msg/detail
[0.796s] -- Up-to-date: /usr/local/google/home/kbalasundar/aic_ws/src/aic/install/aic_task_interfaces/include/aic_task_interfaces/aic_task_interfaces/msg/detail/task__type_support.cpp
[0.796s] -- Up-to-date: /usr/local/google/home/kbalasundar/aic_ws/src/aic/install/aic_task_interfaces/include/aic_task_interfaces/aic_task_interfaces/msg/detail/task__rosidl_typesupport_introspection_cpp.hpp
[0.796s] -- Up-to-date: /usr/local/google/home/kbalasundar/aic_ws/src/aic/install/aic_task_interfaces/include/aic_task_interfaces/aic_task_interfaces/action
[0.796s] -- Up-to-date: /usr/local/google/home/kbalasundar/aic_ws/src/aic/install/aic_task_interfaces/include/aic_task_interfaces/aic_task_interfaces/action/detail
[0.796s] -- Up-to-date: /usr/local/google/home/kbalasundar/aic_ws/src/aic/install/aic_task_interfaces/include/aic_task_interfaces/aic_task_interfaces/action/detail/insert_cable__type_support.cpp
[0.796s] -- Up-to-date: /usr/local/google/home/kbalasundar/aic_ws/src/aic/install/aic_task_interfaces/include/aic_task_interfaces/aic_task_interfaces/action/detail/insert_cable__rosidl_typesupport_introspection_cpp.hpp
[0.796s] -- Up-to-date: /usr/local/google/home/kbalasundar/aic_ws/src/aic/install/aic_task_interfaces/lib/libaic_task_interfaces__rosidl_typesupport_introspection_cpp.so
[0.797s] -- Up-to-date: /usr/local/google/home/kbalasundar/aic_ws/src/aic/install/aic_task_interfaces/lib/libaic_task_interfaces__rosidl_typesupport_cpp.so
[0.798s] -- Up-to-date: /usr/local/google/home/kbalasundar/aic_ws/src/aic/install/aic_task_interfaces/share/aic_task_interfaces/environment/pythonpath.sh
[0.798s] -- Up-to-date: /usr/local/google/home/kbalasundar/aic_ws/src/aic/install/aic_task_interfaces/share/aic_task_interfaces/environment/pythonpath.dsv
[0.798s] -- Up-to-date: /usr/local/google/home/kbalasundar/aic_ws/src/aic/install/aic_task_interfaces/lib/python3.12/site-packages/aic_task_interfaces-0.0.1-py3.12.egg-info
[0.798s] -- Installing: /usr/local/google/home/kbalasundar/aic_ws/src/aic/install/aic_task_interfaces/lib/python3.12/site-packages/aic_task_interfaces-0.0.1-py3.12.egg-info/PKG-INFO
[0.799s] -- Installing: /usr/local/google/home/kbalasundar/aic_ws/src/aic/install/aic_task_interfaces/lib/python3.12/site-packages/aic_task_interfaces-0.0.1-py3.12.egg-info/top_level.txt
[0.801s] -- Installing: /usr/local/google/home/kbalasundar/aic_ws/src/aic/install/aic_task_interfaces/lib/python3.12/site-packages/aic_task_interfaces-0.0.1-py3.12.egg-info/SOURCES.txt
[0.802s] -- Installing: /usr/local/google/home/kbalasundar/aic_ws/src/aic/install/aic_task_interfaces/lib/python3.12/site-packages/aic_task_interfaces-0.0.1-py3.12.egg-info/dependency_links.txt
[0.803s] -- Up-to-date: /usr/local/google/home/kbalasundar/aic_ws/src/aic/install/aic_task_interfaces/lib/python3.12/site-packages/aic_task_interfaces
[0.803s] -- Up-to-date: /usr/local/google/home/kbalasundar/aic_ws/src/aic/install/aic_task_interfaces/lib/python3.12/site-packages/aic_task_interfaces/msg
[0.803s] -- Up-to-date: /usr/local/google/home/kbalasundar/aic_ws/src/aic/install/aic_task_interfaces/lib/python3.12/site-packages/aic_task_interfaces/msg/__init__.py
[0.803s] -- Up-to-date: /usr/local/google/home/kbalasundar/aic_ws/src/aic/install/aic_task_interfaces/lib/python3.12/site-packages/aic_task_interfaces/msg/_task.py
[0.804s] -- Up-to-date: /usr/local/google/home/kbalasundar/aic_ws/src/aic/install/aic_task_interfaces/lib/python3.12/site-packages/aic_task_interfaces/msg/_task_s.c
[0.804s] -- Up-to-date: /usr/local/google/home/kbalasundar/aic_ws/src/aic/install/aic_task_interfaces/lib/python3.12/site-packages/aic_task_interfaces/__init__.py
[0.804s] -- Up-to-date: /usr/local/google/home/kbalasundar/aic_ws/src/aic/install/aic_task_interfaces/lib/python3.12/site-packages/aic_task_interfaces/aic_task_interfaces_s__rosidl_typesupport_fastrtps_c.so
[0.804s] -- Up-to-date: /usr/local/google/home/kbalasundar/aic_ws/src/aic/install/aic_task_interfaces/lib/python3.12/site-packages/aic_task_interfaces/action
[0.804s] -- Up-to-date: /usr/local/google/home/kbalasundar/aic_ws/src/aic/install/aic_task_interfaces/lib/python3.12/site-packages/aic_task_interfaces/action/_insert_cable_s.c
[0.804s] -- Up-to-date: /usr/local/google/home/kbalasundar/aic_ws/src/aic/install/aic_task_interfaces/lib/python3.12/site-packages/aic_task_interfaces/action/__init__.py
[0.804s] -- Up-to-date: /usr/local/google/home/kbalasundar/aic_ws/src/aic/install/aic_task_interfaces/lib/python3.12/site-packages/aic_task_interfaces/action/_insert_cable.py
[0.804s] -- Up-to-date: /usr/local/google/home/kbalasundar/aic_ws/src/aic/install/aic_task_interfaces/lib/python3.12/site-packages/aic_task_interfaces/aic_task_interfaces_s__rosidl_typesupport_introspection_c.so
[0.805s] -- Up-to-date: /usr/local/google/home/kbalasundar/aic_ws/src/aic/install/aic_task_interfaces/lib/python3.12/site-packages/aic_task_interfaces/_aic_task_interfaces_s.ep.rosidl_typesupport_c.c
[0.805s] -- Up-to-date: /usr/local/google/home/kbalasundar/aic_ws/src/aic/install/aic_task_interfaces/lib/python3.12/site-packages/aic_task_interfaces/_aic_task_interfaces_s.ep.rosidl_typesupport_introspection_c.c
[0.805s] -- Up-to-date: /usr/local/google/home/kbalasundar/aic_ws/src/aic/install/aic_task_interfaces/lib/python3.12/site-packages/aic_task_interfaces/aic_task_interfaces_s__rosidl_typesupport_c.so
[0.805s] -- Up-to-date: /usr/local/google/home/kbalasundar/aic_ws/src/aic/install/aic_task_interfaces/lib/python3.12/site-packages/aic_task_interfaces/_aic_task_interfaces_s.ep.rosidl_typesupport_fastrtps_c.c
[0.848s] Listing '/usr/local/google/home/kbalasundar/aic_ws/src/aic/install/aic_task_interfaces/lib/python3.12/site-packages/aic_task_interfaces'...
[0.848s] Listing '/usr/local/google/home/kbalasundar/aic_ws/src/aic/install/aic_task_interfaces/lib/python3.12/site-packages/aic_task_interfaces/action'...
[0.849s] Listing '/usr/local/google/home/kbalasundar/aic_ws/src/aic/install/aic_task_interfaces/lib/python3.12/site-packages/aic_task_interfaces/msg'...
[0.856s] -- Up-to-date: /usr/local/google/home/kbalasundar/aic_ws/src/aic/install/aic_task_interfaces/lib/python3.12/site-packages/aic_task_interfaces/aic_task_interfaces_s__rosidl_typesupport_fastrtps_c.so
[0.856s] -- Up-to-date: /usr/local/google/home/kbalasundar/aic_ws/src/aic/install/aic_task_interfaces/lib/python3.12/site-packages/aic_task_interfaces/aic_task_interfaces_s__rosidl_typesupport_introspection_c.so
[0.857s] -- Up-to-date: /usr/local/google/home/kbalasundar/aic_ws/src/aic/install/aic_task_interfaces/lib/python3.12/site-packages/aic_task_interfaces/aic_task_interfaces_s__rosidl_typesupport_c.so
[0.858s] -- Up-to-date: /usr/local/google/home/kbalasundar/aic_ws/src/aic/install/aic_task_interfaces/lib/libaic_task_interfaces__rosidl_generator_py.so
[0.858s] -- Up-to-date: /usr/local/google/home/kbalasundar/aic_ws/src/aic/install/aic_task_interfaces/share/aic_task_interfaces/msg/Task.idl
[0.859s] -- Up-to-date: /usr/local/google/home/kbalasundar/aic_ws/src/aic/install/aic_task_interfaces/share/aic_task_interfaces/action/InsertCable.idl
[0.859s] -- Up-to-date: /usr/local/google/home/kbalasundar/aic_ws/src/aic/install/aic_task_interfaces/share/aic_task_interfaces/msg/Task.msg
[0.859s] -- Up-to-date: /usr/local/google/home/kbalasundar/aic_ws/src/aic/install/aic_task_interfaces/share/aic_task_interfaces/action/InsertCable.action
[0.859s] -- Up-to-date: /usr/local/google/home/kbalasundar/aic_ws/src/aic/install/aic_task_interfaces/share/ament_index/resource_index/package_run_dependencies/aic_task_interfaces
[0.859s] -- Up-to-date: /usr/local/google/home/kbalasundar/aic_ws/src/aic/install/aic_task_interfaces/share/ament_index/resource_index/parent_prefix_path/aic_task_interfaces
[0.859s] -- Up-to-date: /usr/local/google/home/kbalasundar/aic_ws/src/aic/install/aic_task_interfaces/share/aic_task_interfaces/environment/ament_prefix_path.sh
[0.859s] -- Up-to-date: /usr/local/google/home/kbalasundar/aic_ws/src/aic/install/aic_task_interfaces/share/aic_task_interfaces/environment/ament_prefix_path.dsv
[0.860s] -- Up-to-date: /usr/local/google/home/kbalasundar/aic_ws/src/aic/install/aic_task_interfaces/share/aic_task_interfaces/environment/path.sh
[0.860s] -- Up-to-date: /usr/local/google/home/kbalasundar/aic_ws/src/aic/install/aic_task_interfaces/share/aic_task_interfaces/environment/path.dsv
[0.860s] -- Up-to-date: /usr/local/google/home/kbalasundar/aic_ws/src/aic/install/aic_task_interfaces/share/aic_task_interfaces/local_setup.bash
[0.860s] -- Up-to-date: /usr/local/google/home/kbalasundar/aic_ws/src/aic/install/aic_task_interfaces/share/aic_task_interfaces/local_setup.sh
[0.860s] -- Up-to-date: /usr/local/google/home/kbalasundar/aic_ws/src/aic/install/aic_task_interfaces/share/aic_task_interfaces/local_setup.zsh
[0.860s] -- Up-to-date: /usr/local/google/home/kbalasundar/aic_ws/src/aic/install/aic_task_interfaces/share/aic_task_interfaces/local_setup.dsv
[0.860s] -- Installing: /usr/local/google/home/kbalasundar/aic_ws/src/aic/install/aic_task_interfaces/share/aic_task_interfaces/package.dsv
[0.861s] -- Up-to-date: /usr/local/google/home/kbalasundar/aic_ws/src/aic/install/aic_task_interfaces/share/ament_index/resource_index/packages/aic_task_interfaces
[0.861s] -- Up-to-date: /usr/local/google/home/kbalasundar/aic_ws/src/aic/install/aic_task_interfaces/share/aic_task_interfaces/cmake/export_aic_task_interfaces__rosidl_generator_cExport.cmake
[0.861s] -- Up-to-date: /usr/local/google/home/kbalasundar/aic_ws/src/aic/install/aic_task_interfaces/share/aic_task_interfaces/cmake/export_aic_task_interfaces__rosidl_generator_cExport-noconfig.cmake
[0.862s] -- Up-to-date: /usr/local/google/home/kbalasundar/aic_ws/src/aic/install/aic_task_interfaces/share/aic_task_interfaces/cmake/export_aic_task_interfaces__rosidl_typesupport_fastrtps_cExport.cmake
[0.862s] -- Up-to-date: /usr/local/google/home/kbalasundar/aic_ws/src/aic/install/aic_task_interfaces/share/aic_task_interfaces/cmake/export_aic_task_interfaces__rosidl_typesupport_fastrtps_cExport-noconfig.cmake
[0.862s] -- Up-to-date: /usr/local/google/home/kbalasundar/aic_ws/src/aic/install/aic_task_interfaces/share/aic_task_interfaces/cmake/export_aic_task_interfaces__rosidl_generator_cppExport.cmake
[0.862s] -- Up-to-date: /usr/local/google/home/kbalasundar/aic_ws/src/aic/install/aic_task_interfaces/share/aic_task_interfaces/cmake/export_aic_task_interfaces__rosidl_typesupport_fastrtps_cppExport.cmake
[0.863s] -- Up-to-date: /usr/local/google/home/kbalasundar/aic_ws/src/aic/install/aic_task_interfaces/share/aic_task_interfaces/cmake/export_aic_task_interfaces__rosidl_typesupport_fastrtps_cppExport-noconfig.cmake
[0.863s] -- Up-to-date: /usr/local/google/home/kbalasundar/aic_ws/src/aic/install/aic_task_interfaces/share/aic_task_interfaces/cmake/aic_task_interfaces__rosidl_typesupport_introspection_cExport.cmake
[0.863s] -- Up-to-date: /usr/local/google/home/kbalasundar/aic_ws/src/aic/install/aic_task_interfaces/share/aic_task_interfaces/cmake/aic_task_interfaces__rosidl_typesupport_introspection_cExport-noconfig.cmake
[0.863s] -- Up-to-date: /usr/local/google/home/kbalasundar/aic_ws/src/aic/install/aic_task_interfaces/share/aic_task_interfaces/cmake/aic_task_interfaces__rosidl_typesupport_cExport.cmake
[0.863s] -- Up-to-date: /usr/local/google/home/kbalasundar/aic_ws/src/aic/install/aic_task_interfaces/share/aic_task_interfaces/cmake/aic_task_interfaces__rosidl_typesupport_cExport-noconfig.cmake
[0.863s] -- Up-to-date: /usr/local/google/home/kbalasundar/aic_ws/src/aic/install/aic_task_interfaces/share/aic_task_interfaces/cmake/aic_task_interfaces__rosidl_typesupport_introspection_cppExport.cmake
[0.864s] -- Up-to-date: /usr/local/google/home/kbalasundar/aic_ws/src/aic/install/aic_task_interfaces/share/aic_task_interfaces/cmake/aic_task_interfaces__rosidl_typesupport_introspection_cppExport-noconfig.cmake
[0.864s] -- Up-to-date: /usr/local/google/home/kbalasundar/aic_ws/src/aic/install/aic_task_interfaces/share/aic_task_interfaces/cmake/aic_task_interfaces__rosidl_typesupport_cppExport.cmake
[0.864s] -- Up-to-date: /usr/local/google/home/kbalasundar/aic_ws/src/aic/install/aic_task_interfaces/share/aic_task_interfaces/cmake/aic_task_interfaces__rosidl_typesupport_cppExport-noconfig.cmake
[0.864s] -- Up-to-date: /usr/local/google/home/kbalasundar/aic_ws/src/aic/install/aic_task_interfaces/share/aic_task_interfaces/cmake/export_aic_task_interfaces__rosidl_generator_pyExport.cmake
[0.864s] -- Up-to-date: /usr/local/google/home/kbalasundar/aic_ws/src/aic/install/aic_task_interfaces/share/aic_task_interfaces/cmake/export_aic_task_interfaces__rosidl_generator_pyExport-noconfig.cmake
[0.864s] -- Up-to-date: /usr/local/google/home/kbalasundar/aic_ws/src/aic/install/aic_task_interfaces/share/aic_task_interfaces/cmake/rosidl_cmake-extras.cmake
[0.865s] -- Up-to-date: /usr/local/google/home/kbalasundar/aic_ws/src/aic/install/aic_task_interfaces/share/aic_task_interfaces/cmake/ament_cmake_export_dependencies-extras.cmake
[0.865s] -- Up-to-date: /usr/local/google/home/kbalasundar/aic_ws/src/aic/install/aic_task_interfaces/share/aic_task_interfaces/cmake/ament_cmake_export_include_directories-extras.cmake
[0.865s] -- Up-to-date: /usr/local/google/home/kbalasundar/aic_ws/src/aic/install/aic_task_interfaces/share/aic_task_interfaces/cmake/ament_cmake_export_libraries-extras.cmake
[0.865s] -- Up-to-date: /usr/local/google/home/kbalasundar/aic_ws/src/aic/install/aic_task_interfaces/share/aic_task_interfaces/cmake/ament_cmake_export_targets-extras.cmake
[0.865s] -- Up-to-date: /usr/local/google/home/kbalasundar/aic_ws/src/aic/install/aic_task_interfaces/share/aic_task_interfaces/cmake/rosidl_cmake_export_typesupport_targets-extras.cmake
[0.865s] -- Up-to-date: /usr/local/google/home/kbalasundar/aic_ws/src/aic/install/aic_task_interfaces/share/aic_task_interfaces/cmake/rosidl_cmake_export_typesupport_libraries-extras.cmake
[0.865s] -- Up-to-date: /usr/local/google/home/kbalasundar/aic_ws/src/aic/install/aic_task_interfaces/share/aic_task_interfaces/cmake/aic_task_interfacesConfig.cmake
[0.865s] -- Up-to-date: /usr/local/google/home/kbalasundar/aic_ws/src/aic/install/aic_task_interfaces/share/aic_task_interfaces/cmake/aic_task_interfacesConfig-version.cmake
[0.865s] -- Up-to-date: /usr/local/google/home/kbalasundar/aic_ws/src/aic/install/aic_task_interfaces/share/aic_task_interfaces/package.xml
[0.868s] Invoked command in '/usr/local/google/home/kbalasundar/aic_ws/src/aic/build/aic_task_interfaces' returned '0': CMAKE_PREFIX_PATH=${CMAKE_PREFIX_PATH}:/opt/ros/kilted DEBUGINFOD_URLS=https://debuginfod.debian.net /usr/bin/cmake --install /usr/local/google/home/kbalasundar/aic_ws/src/aic/build/aic_task_interfaces
