-- The C compiler identification is GNU 13.3.0
-- The CXX compiler identification is GNU 13.3.0
-- Detecting C compiler ABI info
-- Detecting C compiler ABI info - done
-- Check for working C compiler: /usr/bin/cc - skipped
-- Detecting C compile features
-- Detecting C compile features - done
-- Detecting CXX compiler ABI info
-- Detecting CXX compiler ABI info - done
-- Check for working CXX compiler: /usr/bin/c++ - skipped
-- Detecting CXX compile features
-- Detecting CXX compile features - done
-- Performing Test CMAKE_HAVE_LIBC_PTHREAD
-- Performing Test CMAKE_HAVE_LIBC_PTHREAD - Success
-- Found Threads: TRUE  
-- Found aic_task_interfaces: 0.0.1 (/usr/local/google/home/kbalasundar/aic_ws/src/aic/install/aic_task_interfaces/share/aic_task_interfaces/cmake)
-- Found Python3: /usr/bin/python3 (found version "3.12.3") found components: Interpreter 
-- Found rosidl_generator_c: 4.9.6 (/opt/ros/kilted/share/rosidl_generator_c/cmake)
-- Found rosidl_generator_cpp: 4.9.6 (/opt/ros/kilted/share/rosidl_generator_cpp/cmake)
-- Using all available rosidl_typesupport_c: rosidl_typesupport_fastrtps_c;rosidl_typesupport_introspection_c
-- Using all available rosidl_typesupport_cpp: rosidl_typesupport_fastrtps_cpp;rosidl_typesupport_introspection_cpp
-- Found abseil_cpp_vendor: 0.1.0 (/usr/local/google/home/kbalasundar/flowstate_ws/install/abseil_cpp_vendor/share/abseil_cpp_vendor/cmake)
-- Found eigen_vendor: 0.1.0 (/usr/local/google/home/kbalasundar/flowstate_ws/install/eigen_vendor/share/eigen_vendor/cmake)
-- Found flatbuffers_vendor: 0.1.0 (/usr/local/google/home/kbalasundar/flowstate_ws/install/flatbuffers_vendor/share/flatbuffers_vendor/cmake)
-- Found grpc_vendor: 0.1.0 (/usr/local/google/home/kbalasundar/flowstate_ws/install/grpc_vendor/share/grpc_vendor/cmake)
-- Found gz_cmake_vendor: 0.1.0 (/usr/local/google/home/kbalasundar/flowstate_ws/install/gz_cmake_vendor/share/gz_cmake_vendor/cmake)
-- Found gz_math_vendor: 0.1.0 (/usr/local/google/home/kbalasundar/flowstate_ws/install/gz_math_vendor/share/gz_math_vendor/cmake)
-- Found gz_msgs_vendor: 0.1.0 (/usr/local/google/home/kbalasundar/flowstate_ws/install/gz_msgs_vendor/share/gz_msgs_vendor/cmake)
-- Found gz_utils_vendor: 0.1.0 (/usr/local/google/home/kbalasundar/flowstate_ws/install/gz_utils_vendor/share/gz_utils_vendor/cmake)
-- Found gz_transport_vendor: 0.1.0 (/usr/local/google/home/kbalasundar/flowstate_ws/install/gz_transport_vendor/share/gz_transport_vendor/cmake)
-- Found intrinsic_pybind11_vendor: 1.65.0 (/usr/local/google/home/kbalasundar/flowstate_ws/install/intrinsic_pybind11_vendor/share/intrinsic_pybind11_vendor/cmake)
-- Found pybind11_abseil_vendor: 1.65.0 (/usr/local/google/home/kbalasundar/flowstate_ws/install/pybind11_abseil_vendor/share/pybind11_abseil_vendor/cmake)
-- Found pybind11_protobuf_vendor: 1.65.0 (/usr/local/google/home/kbalasundar/flowstate_ws/install/pybind11_protobuf_vendor/share/pybind11_protobuf_vendor/cmake)
-- Found ortools_vendor: 0.1.0 (/usr/local/google/home/kbalasundar/flowstate_ws/install/ortools_vendor/share/ortools_vendor/cmake)
-- Found opencensus_cpp_vendor: 0.1.0 (/usr/local/google/home/kbalasundar/flowstate_ws/install/opencensus_cpp_vendor/share/opencensus_cpp_vendor/cmake)
-- Found RE2 via CMake.
-- Looking for gz-msgs11 -- found version 11.1.0
-- Searching for dependencies of gz-msgs11
-- Looking for gz-utils3 -- found version 3.1.1
-- Searching for dependencies of gz-utils3
-- Searching for <gz-utils3> component [cli]
-- Looking for gz-utils3-cli -- found version 3.1.1
-- Searching for dependencies of gz-utils3-cli
-- Looking for gz-math8 -- found version 8.2.0
-- Searching for dependencies of gz-math8
-- Looking for gz-utils3 -- found version 3.1.1
-- Checking for module 'tinyxml2'
--   Found tinyxml2, version 10.0.0
-- Looking for gz-transport14 -- found version 14.1.0
-- Searching for dependencies of gz-transport14
-- Config-file not installed for ZeroMQ -- checking for pkg-config
-- Checking for module 'libzmq >= 4'
--   Found libzmq, version 4.3.5
-- Found ZeroMQ: TRUE (Required is at least version "4") 
-- Checking for module 'uuid'
--   Found uuid, version 2.39.3
-- Found UUID: TRUE  
-- Looking for gz-utils3 -- found version 3.1.1
-- Looking for gz-msgs11 -- found version 11.1.0
-- Performing Test HAS_FLTO
-- Performing Test HAS_FLTO - Success
-- Found pybind11: /usr/local/google/home/kbalasundar/flowstate_ws/install/intrinsic_pybind11_vendor/opt/intrinsic_pybind11_vendor/include (found version "2.13.6")
-- Found Python: /usr/include/python3.12 (found version "3.12.3") found components: Development Development.Module Development.Embed 
-- Found ZLIB: /usr/local/google/home/kbalasundar/flowstate_ws/install/grpc_vendor/opt/grpc_vendor/lib/libz.so (found version "1.3.1.1")  
-- Found BZip2: /usr/lib/x86_64-linux-gnu/libbz2.so (found version "1.0.8") 
-- Looking for BZ2_bzCompressInit
-- Looking for BZ2_bzCompressInit - found
-- Found rclcpp: 29.5.6 (/opt/ros/kilted/share/rclcpp/cmake)
-- Found rmw_implementation_cmake: 7.8.2 (/opt/ros/kilted/share/rmw_implementation_cmake/cmake)
-- Found rmw_fastrtps_cpp: 9.3.3 (/opt/ros/kilted/share/rmw_fastrtps_cpp/cmake)
-- Found OpenSSL: /usr/local/google/home/kbalasundar/flowstate_ws/install/grpc_vendor/opt/grpc_vendor/lib/libcrypto.so (found version "3.0.13")  
-- Using RMW implementation 'rmw_fastrtps_cpp' as default
-- Found rclcpp_action: 29.5.6 (/opt/ros/kilted/share/rclcpp_action/cmake)
-- Configuring done (5.3s)
-- Generating done (0.1s)
-- Build files have been written to: /usr/local/google/home/kbalasundar/aic_ws/src/aic/build/aic_flowstate_skills
[ 16%] [34m[1mGenerating skill descriptor set for: insert_cable_skill[0m
[ 16%] [34m[1mGenerating skill manifest pbbin file: /usr/local/google/home/kbalasundar/aic_ws/src/aic/build/aic_flowstate_skills/insert_cable_skill/insert_cable_skill.manifest.pbbin[0m
[ 25%] [34m[1mGenerating skill descriptor set for: insert_cable_skill[0m
[ 25%] Built target insert_cable_skill_protos_desc
[ 33%] [34m[1mGenerating skill config for insert_cable_skill[0m
[ 41%] [34m[1mRunning cpp protocol buffer compiler on src/insert_cable_skill.proto, protoc-options: --descriptor_set_in=/usr/local/google/home/kbalasundar/flowstate_ws/install/intrinsic_sdk_cmake/share/intrinsic_sdk_cmake/cmake/../../../share/intrinsic_sdk_cmake/intrinsic_proto.desc[0m
[ 41%] Built target insert_cable_skill_config
[ 50%] [32mBuilding CXX object insert_cable_skill/CMakeFiles/insert_cable_skill_protos.dir/src/insert_cable_skill.pb.cc.o[0m
[ 58%] [32m[1mLinking CXX static library libinsert_cable_skill_protos.a[0m
[ 58%] Built target insert_cable_skill_protos
[ 66%] [34m[1mGenerating skill cpp main file: /usr/local/google/home/kbalasundar/aic_ws/src/aic/build/aic_flowstate_skills/insert_cable_skill/insert_cable_skill_main.cc[0m
[ 83%] [32mBuilding CXX object insert_cable_skill/CMakeFiles/insert_cable_skill_main.dir/insert_cable_skill_main.cc.o[0m
[ 83%] [32mBuilding CXX object insert_cable_skill/CMakeFiles/insert_cable_skill_main.dir/src/insert_cable_skill.cc.o[0m
