[0.025s] Invoking command in '/usr/local/google/home/kbalasundar/aic_ws/src/aic/build/aic_flowstate_skills': AMENT_PREFIX_PATH=/usr/local/google/home/kbalasundar/aic_ws/src/aic/install/aic_task_interfaces:${AMENT_PREFIX_PATH} CMAKE_PREFIX_PATH=/usr/local/google/home/kbalasundar/aic_ws/src/aic/install/aic_task_interfaces:/usr/local/google/home/kbalasundar/flowstate_ws/install/sdk_examples_ros_skills:/usr/local/google/home/kbalasundar/flowstate_ws/install/sdk_examples_ros_services:/usr/local/google/home/kbalasundar/flowstate_ws/install/intrinsic_sdk_ros:/usr/local/google/home/kbalasundar/flowstate_ws/install/intrinsic_sdk_cmake:/usr/local/google/home/kbalasundar/flowstate_ws/install/pybind11_protobuf_vendor:/usr/local/google/home/kbalasundar/flowstate_ws/install/pybind11_abseil_vendor:/usr/local/google/home/kbalasundar/flowstate_ws/install/ortools_vendor:/usr/local/google/home/kbalasundar/flowstate_ws/install/gz_transport_vendor/opt/gz_transport_vendor:/usr/local/google/home/kbalasundar/flowstate_ws/install/gz_transport_vendor:/usr/local/google/home/kbalasundar/flowstate_ws/install/gz_msgs_vendor/opt/gz_msgs_vendor:/usr/local/google/home/kbalasundar/flowstate_ws/install/gz_msgs_vendor:/usr/local/google/home/kbalasundar/flowstate_ws/install/grpc_vendor:/usr/local/google/home/kbalasundar/flowstate_ws/install/re2_vendor:/usr/local/google/home/kbalasundar/flowstate_ws/install/opencensus_cpp_vendor:/usr/local/google/home/kbalasundar/flowstate_ws/install/prometheus_cpp_vendor:/usr/local/google/home/kbalasundar/flowstate_ws/install/intrinsic_pybind11_vendor:/usr/local/google/home/kbalasundar/flowstate_ws/install/gz_math_vendor/opt/gz_math_vendor:/usr/local/google/home/kbalasundar/flowstate_ws/install/gz_math_vendor:/usr/local/google/home/kbalasundar/flowstate_ws/install/gz_utils_vendor/opt/gz_utils_vendor:/usr/local/google/home/kbalasundar/flowstate_ws/install/gz_utils_vendor:/usr/local/google/home/kbalasundar/flowstate_ws/install/gz_cmake_vendor/opt/gz_cmake_vendor:/usr/local/google/home/kbalasundar/flowstate_ws/install/gz_cmake_vendor:/usr/local/google/home/kbalasundar/flowstate_ws/install/flatbuffers_vendor:/usr/local/google/home/kbalasundar/flowstate_ws/install/eigen_vendor:/usr/local/google/home/kbalasundar/flowstate_ws/install/bazelisk_vendor:/usr/local/google/home/kbalasundar/flowstate_ws/install/abseil_cpp_vendor:/opt/ros/kilted/opt/sdformat_vendor:/opt/ros/kilted/opt/gz_math_vendor:/opt/ros/kilted/opt/gz_utils_vendor:/opt/ros/kilted/opt/gz_tools_vendor:/opt/ros/kilted/opt/gz_ogre_next_vendor:/opt/ros/kilted/opt/gz_dartsim_vendor:/opt/ros/kilted/opt/gz_cmake_vendor:/opt/ros/kilted DEBUGINFOD_URLS=https://debuginfod.debian.net LD_LIBRARY_PATH=/usr/local/google/home/kbalasundar/aic_ws/src/aic/install/aic_task_interfaces/lib:${LD_LIBRARY_PATH} PYTHONPATH=/usr/local/google/home/kbalasundar/aic_ws/src/aic/install/aic_task_interfaces/lib/python3.12/site-packages:${PYTHONPATH} /usr/bin/cmake /usr/local/google/home/kbalasundar/aic_ws/src/aic/flowstate/aic_flowstate_skills -DCMAKE_INSTALL_PREFIX=/usr/local/google/home/kbalasundar/aic_ws/src/aic/install/aic_flowstate_skills
[0.124s] -- The C compiler identification is GNU 13.3.0
[0.212s] -- The CXX compiler identification is GNU 13.3.0
[0.247s] -- Detecting C compiler ABI info
[0.435s] -- Detecting C compiler ABI info - done
[0.445s] -- Check for working C compiler: /usr/bin/cc - skipped
[0.445s] -- Detecting C compile features
[0.446s] -- Detecting C compile features - done
[0.468s] -- Detecting CXX compiler ABI info
[0.669s] -- Detecting CXX compiler ABI info - done
[0.680s] -- Check for working CXX compiler: /usr/bin/c++ - skipped
[0.680s] -- Detecting CXX compile features
[0.680s] -- Detecting CXX compile features - done
[0.715s] -- Performing Test CMAKE_HAVE_LIBC_PTHREAD
[0.907s] -- Performing Test CMAKE_HAVE_LIBC_PTHREAD - Success
[0.908s] -- Found Threads: TRUE  
[0.927s] -- Found aic_task_interfaces: 0.0.1 (/usr/local/google/home/kbalasundar/aic_ws/src/aic/install/aic_task_interfaces/share/aic_task_interfaces/cmake)
[1.210s] -- Found Python3: /usr/bin/python3 (found version "3.12.3") found components: Interpreter 
[1.663s] -- Found rosidl_generator_c: 4.9.6 (/opt/ros/kilted/share/rosidl_generator_c/cmake)
[1.718s] -- Found rosidl_generator_cpp: 4.9.6 (/opt/ros/kilted/share/rosidl_generator_cpp/cmake)
[1.777s] -- Using all available rosidl_typesupport_c: rosidl_typesupport_fastrtps_c;rosidl_typesupport_introspection_c
[1.839s] -- Using all available rosidl_typesupport_cpp: rosidl_typesupport_fastrtps_cpp;rosidl_typesupport_introspection_cpp
[2.055s] -- Found abseil_cpp_vendor: 0.1.0 (/usr/local/google/home/kbalasundar/flowstate_ws/install/abseil_cpp_vendor/share/abseil_cpp_vendor/cmake)
[2.083s] -- Found eigen_vendor: 0.1.0 (/usr/local/google/home/kbalasundar/flowstate_ws/install/eigen_vendor/share/eigen_vendor/cmake)
[2.096s] -- Found flatbuffers_vendor: 0.1.0 (/usr/local/google/home/kbalasundar/flowstate_ws/install/flatbuffers_vendor/share/flatbuffers_vendor/cmake)
[2.105s] -- Found grpc_vendor: 0.1.0 (/usr/local/google/home/kbalasundar/flowstate_ws/install/grpc_vendor/share/grpc_vendor/cmake)
[2.131s] -- Found gz_cmake_vendor: 0.1.0 (/usr/local/google/home/kbalasundar/flowstate_ws/install/gz_cmake_vendor/share/gz_cmake_vendor/cmake)
[2.143s] -- Found gz_math_vendor: 0.1.0 (/usr/local/google/home/kbalasundar/flowstate_ws/install/gz_math_vendor/share/gz_math_vendor/cmake)
[2.152s] -- Found gz_msgs_vendor: 0.1.0 (/usr/local/google/home/kbalasundar/flowstate_ws/install/gz_msgs_vendor/share/gz_msgs_vendor/cmake)
[2.164s] -- Found gz_utils_vendor: 0.1.0 (/usr/local/google/home/kbalasundar/flowstate_ws/install/gz_utils_vendor/share/gz_utils_vendor/cmake)
[2.172s] -- Found gz_transport_vendor: 0.1.0 (/usr/local/google/home/kbalasundar/flowstate_ws/install/gz_transport_vendor/share/gz_transport_vendor/cmake)
[2.183s] -- Found intrinsic_pybind11_vendor: 1.65.0 (/usr/local/google/home/kbalasundar/flowstate_ws/install/intrinsic_pybind11_vendor/share/intrinsic_pybind11_vendor/cmake)
[2.192s] -- Found pybind11_abseil_vendor: 1.65.0 (/usr/local/google/home/kbalasundar/flowstate_ws/install/pybind11_abseil_vendor/share/pybind11_abseil_vendor/cmake)
[2.201s] -- Found pybind11_protobuf_vendor: 1.65.0 (/usr/local/google/home/kbalasundar/flowstate_ws/install/pybind11_protobuf_vendor/share/pybind11_protobuf_vendor/cmake)
[2.211s] -- Found ortools_vendor: 0.1.0 (/usr/local/google/home/kbalasundar/flowstate_ws/install/ortools_vendor/share/ortools_vendor/cmake)
[2.229s] -- Found opencensus_cpp_vendor: 0.1.0 (/usr/local/google/home/kbalasundar/flowstate_ws/install/opencensus_cpp_vendor/share/opencensus_cpp_vendor/cmake)
[2.303s] -- Found RE2 via CMake.
[2.319s] -- Looking for gz-msgs11 -- found version 11.1.0
[2.372s] -- Searching for dependencies of gz-msgs11
[2.393s] -- Looking for gz-utils3 -- found version 3.1.1
[2.393s] -- Searching for dependencies of gz-utils3
[2.396s] -- Searching for <gz-utils3> component [cli]
[2.409s] -- Looking for gz-utils3-cli -- found version 3.1.1
[2.409s] -- Searching for dependencies of gz-utils3-cli
[2.424s] -- Looking for gz-math8 -- found version 8.2.0
[2.424s] -- Searching for dependencies of gz-math8
[2.424s] -- Looking for gz-utils3 -- found version 3.1.1
[2.449s] -- Checking for module 'tinyxml2'
[2.485s] --   Found tinyxml2, version 10.0.0
[2.584s] -- Looking for gz-transport14 -- found version 14.1.0
[2.585s] -- Searching for dependencies of gz-transport14
[2.639s] -- Config-file not installed for ZeroMQ -- checking for pkg-config
[2.647s] -- Checking for module 'libzmq >= 4'
[2.679s] --   Found libzmq, version 4.3.5
[2.787s] -- Found ZeroMQ: TRUE (Required is at least version "4") 
[2.799s] -- Checking for module 'uuid'
[2.835s] --   Found uuid, version 2.39.3
[2.915s] -- Found UUID: TRUE  
[2.915s] -- Looking for gz-utils3 -- found version 3.1.1
[2.916s] -- Looking for gz-msgs11 -- found version 11.1.0
[2.995s] -- Performing Test HAS_FLTO
[3.361s] -- Performing Test HAS_FLTO - Success
[3.362s] -- Found pybind11: /usr/local/google/home/kbalasundar/flowstate_ws/install/intrinsic_pybind11_vendor/opt/intrinsic_pybind11_vendor/include (found version "2.13.6")
[3.768s] -- Found Python: /usr/include/python3.12 (found version "3.12.3") found components: Development Development.Module Development.Embed 
[3.832s] -- Found ZLIB: /usr/local/google/home/kbalasundar/flowstate_ws/install/grpc_vendor/opt/grpc_vendor/lib/libz.so (found version "1.3.1.1")  
[3.862s] -- Found BZip2: /usr/lib/x86_64-linux-gnu/libbz2.so (found version "1.0.8") 
[3.866s] -- Looking for BZ2_bzCompressInit
[4.051s] -- Looking for BZ2_bzCompressInit - found
[4.096s] -- Found rclcpp: 29.5.6 (/opt/ros/kilted/share/rclcpp/cmake)
[4.375s] -- Found rmw_implementation_cmake: 7.8.2 (/opt/ros/kilted/share/rmw_implementation_cmake/cmake)
[4.406s] -- Found rmw_fastrtps_cpp: 9.3.3 (/opt/ros/kilted/share/rmw_fastrtps_cpp/cmake)
[4.781s] -- Found OpenSSL: /usr/local/google/home/kbalasundar/flowstate_ws/install/grpc_vendor/opt/grpc_vendor/lib/libcrypto.so (found version "3.0.13")  
[4.804s] -- Using RMW implementation 'rmw_fastrtps_cpp' as default
[5.170s] -- Found rclcpp_action: 29.5.6 (/opt/ros/kilted/share/rclcpp_action/cmake)
[5.352s] -- Configuring done (5.3s)
[5.464s] -- Generating done (0.1s)
[5.488s] -- Build files have been written to: /usr/local/google/home/kbalasundar/aic_ws/src/aic/build/aic_flowstate_skills
[5.510s] Invoked command in '/usr/local/google/home/kbalasundar/aic_ws/src/aic/build/aic_flowstate_skills' returned '0': AMENT_PREFIX_PATH=/usr/local/google/home/kbalasundar/aic_ws/src/aic/install/aic_task_interfaces:${AMENT_PREFIX_PATH} CMAKE_PREFIX_PATH=/usr/local/google/home/kbalasundar/aic_ws/src/aic/install/aic_task_interfaces:/usr/local/google/home/kbalasundar/flowstate_ws/install/sdk_examples_ros_skills:/usr/local/google/home/kbalasundar/flowstate_ws/install/sdk_examples_ros_services:/usr/local/google/home/kbalasundar/flowstate_ws/install/intrinsic_sdk_ros:/usr/local/google/home/kbalasundar/flowstate_ws/install/intrinsic_sdk_cmake:/usr/local/google/home/kbalasundar/flowstate_ws/install/pybind11_protobuf_vendor:/usr/local/google/home/kbalasundar/flowstate_ws/install/pybind11_abseil_vendor:/usr/local/google/home/kbalasundar/flowstate_ws/install/ortools_vendor:/usr/local/google/home/kbalasundar/flowstate_ws/install/gz_transport_vendor/opt/gz_transport_vendor:/usr/local/google/home/kbalasundar/flowstate_ws/install/gz_transport_vendor:/usr/local/google/home/kbalasundar/flowstate_ws/install/gz_msgs_vendor/opt/gz_msgs_vendor:/usr/local/google/home/kbalasundar/flowstate_ws/install/gz_msgs_vendor:/usr/local/google/home/kbalasundar/flowstate_ws/install/grpc_vendor:/usr/local/google/home/kbalasundar/flowstate_ws/install/re2_vendor:/usr/local/google/home/kbalasundar/flowstate_ws/install/opencensus_cpp_vendor:/usr/local/google/home/kbalasundar/flowstate_ws/install/prometheus_cpp_vendor:/usr/local/google/home/kbalasundar/flowstate_ws/install/intrinsic_pybind11_vendor:/usr/local/google/home/kbalasundar/flowstate_ws/install/gz_math_vendor/opt/gz_math_vendor:/usr/local/google/home/kbalasundar/flowstate_ws/install/gz_math_vendor:/usr/local/google/home/kbalasundar/flowstate_ws/install/gz_utils_vendor/opt/gz_utils_vendor:/usr/local/google/home/kbalasundar/flowstate_ws/install/gz_utils_vendor:/usr/local/google/home/kbalasundar/flowstate_ws/install/gz_cmake_vendor/opt/gz_cmake_vendor:/usr/local/google/home/kbalasundar/flowstate_ws/install/gz_cmake_vendor:/usr/local/google/home/kbalasundar/flowstate_ws/install/flatbuffers_vendor:/usr/local/google/home/kbalasundar/flowstate_ws/install/eigen_vendor:/usr/local/google/home/kbalasundar/flowstate_ws/install/bazelisk_vendor:/usr/local/google/home/kbalasundar/flowstate_ws/install/abseil_cpp_vendor:/opt/ros/kilted/opt/sdformat_vendor:/opt/ros/kilted/opt/gz_math_vendor:/opt/ros/kilted/opt/gz_utils_vendor:/opt/ros/kilted/opt/gz_tools_vendor:/opt/ros/kilted/opt/gz_ogre_next_vendor:/opt/ros/kilted/opt/gz_dartsim_vendor:/opt/ros/kilted/opt/gz_cmake_vendor:/opt/ros/kilted DEBUGINFOD_URLS=https://debuginfod.debian.net LD_LIBRARY_PATH=/usr/local/google/home/kbalasundar/aic_ws/src/aic/install/aic_task_interfaces/lib:${LD_LIBRARY_PATH} PYTHONPATH=/usr/local/google/home/kbalasundar/aic_ws/src/aic/install/aic_task_interfaces/lib/python3.12/site-packages:${PYTHONPATH} /usr/bin/cmake /usr/local/google/home/kbalasundar/aic_ws/src/aic/flowstate/aic_flowstate_skills -DCMAKE_INSTALL_PREFIX=/usr/local/google/home/kbalasundar/aic_ws/src/aic/install/aic_flowstate_skills
[5.512s] Invoking command in '/usr/local/google/home/kbalasundar/aic_ws/src/aic/build/aic_flowstate_skills': AMENT_PREFIX_PATH=/usr/local/google/home/kbalasundar/aic_ws/src/aic/install/aic_task_interfaces:${AMENT_PREFIX_PATH} CMAKE_PREFIX_PATH=/usr/local/google/home/kbalasundar/aic_ws/src/aic/install/aic_task_interfaces:/usr/local/google/home/kbalasundar/flowstate_ws/install/sdk_examples_ros_skills:/usr/local/google/home/kbalasundar/flowstate_ws/install/sdk_examples_ros_services:/usr/local/google/home/kbalasundar/flowstate_ws/install/intrinsic_sdk_ros:/usr/local/google/home/kbalasundar/flowstate_ws/install/intrinsic_sdk_cmake:/usr/local/google/home/kbalasundar/flowstate_ws/install/pybind11_protobuf_vendor:/usr/local/google/home/kbalasundar/flowstate_ws/install/pybind11_abseil_vendor:/usr/local/google/home/kbalasundar/flowstate_ws/install/ortools_vendor:/usr/local/google/home/kbalasundar/flowstate_ws/install/gz_transport_vendor/opt/gz_transport_vendor:/usr/local/google/home/kbalasundar/flowstate_ws/install/gz_transport_vendor:/usr/local/google/home/kbalasundar/flowstate_ws/install/gz_msgs_vendor/opt/gz_msgs_vendor:/usr/local/google/home/kbalasundar/flowstate_ws/install/gz_msgs_vendor:/usr/local/google/home/kbalasundar/flowstate_ws/install/grpc_vendor:/usr/local/google/home/kbalasundar/flowstate_ws/install/re2_vendor:/usr/local/google/home/kbalasundar/flowstate_ws/install/opencensus_cpp_vendor:/usr/local/google/home/kbalasundar/flowstate_ws/install/prometheus_cpp_vendor:/usr/local/google/home/kbalasundar/flowstate_ws/install/intrinsic_pybind11_vendor:/usr/local/google/home/kbalasundar/flowstate_ws/install/gz_math_vendor/opt/gz_math_vendor:/usr/local/google/home/kbalasundar/flowstate_ws/install/gz_math_vendor:/usr/local/google/home/kbalasundar/flowstate_ws/install/gz_utils_vendor/opt/gz_utils_vendor:/usr/local/google/home/kbalasundar/flowstate_ws/install/gz_utils_vendor:/usr/local/google/home/kbalasundar/flowstate_ws/install/gz_cmake_vendor/opt/gz_cmake_vendor:/usr/local/google/home/kbalasundar/flowstate_ws/install/gz_cmake_vendor:/usr/local/google/home/kbalasundar/flowstate_ws/install/flatbuffers_vendor:/usr/local/google/home/kbalasundar/flowstate_ws/install/eigen_vendor:/usr/local/google/home/kbalasundar/flowstate_ws/install/bazelisk_vendor:/usr/local/google/home/kbalasundar/flowstate_ws/install/abseil_cpp_vendor:/opt/ros/kilted/opt/sdformat_vendor:/opt/ros/kilted/opt/gz_math_vendor:/opt/ros/kilted/opt/gz_utils_vendor:/opt/ros/kilted/opt/gz_tools_vendor:/opt/ros/kilted/opt/gz_ogre_next_vendor:/opt/ros/kilted/opt/gz_dartsim_vendor:/opt/ros/kilted/opt/gz_cmake_vendor:/opt/ros/kilted DEBUGINFOD_URLS=https://debuginfod.debian.net LD_LIBRARY_PATH=/usr/local/google/home/kbalasundar/aic_ws/src/aic/install/aic_task_interfaces/lib:${LD_LIBRARY_PATH} PYTHONPATH=/usr/local/google/home/kbalasundar/aic_ws/src/aic/install/aic_task_interfaces/lib/python3.12/site-packages:${PYTHONPATH} /usr/bin/cmake --build /usr/local/google/home/kbalasundar/aic_ws/src/aic/build/aic_flowstate_skills -- -j64 -l64
[5.637s] [ 16%] [34m[1mGenerating skill descriptor set for: insert_cable_skill[0m
[5.637s] [ 16%] [34m[1mGenerating skill manifest pbbin file: /usr/local/google/home/kbalasundar/aic_ws/src/aic/build/aic_flowstate_skills/insert_cable_skill/insert_cable_skill.manifest.pbbin[0m
[5.638s] [ 25%] [34m[1mGenerating skill descriptor set for: insert_cable_skill[0m
[5.801s] [ 25%] Built target insert_cable_skill_protos_desc
[5.808s] [ 33%] [34m[1mGenerating skill config for insert_cable_skill[0m
[5.827s] [ 41%] [34m[1mRunning cpp protocol buffer compiler on src/insert_cable_skill.proto, protoc-options: --descriptor_set_in=/usr/local/google/home/kbalasundar/flowstate_ws/install/intrinsic_sdk_cmake/share/intrinsic_sdk_cmake/cmake/../../../share/intrinsic_sdk_cmake/intrinsic_proto.desc[0m
[5.923s] [ 41%] Built target insert_cable_skill_config
[6.108s] [ 50%] [32mBuilding CXX object insert_cable_skill/CMakeFiles/insert_cable_skill_protos.dir/src/insert_cable_skill.pb.cc.o[0m
[9.160s] [ 58%] [32m[1mLinking CXX static library libinsert_cable_skill_protos.a[0m
[9.251s] [ 58%] Built target insert_cable_skill_protos
[9.279s] [ 66%] [34m[1mGenerating skill cpp main file: /usr/local/google/home/kbalasundar/aic_ws/src/aic/build/aic_flowstate_skills/insert_cable_skill/insert_cable_skill_main.cc[0m
[9.382s] [ 83%] [32mBuilding CXX object insert_cable_skill/CMakeFiles/insert_cable_skill_main.dir/insert_cable_skill_main.cc.o[0m
[9.382s] [ 83%] [32mBuilding CXX object insert_cable_skill/CMakeFiles/insert_cable_skill_main.dir/src/insert_cable_skill.cc.o[0m
[11.236s] /usr/local/google/home/kbalasundar/aic_ws/src/aic/flowstate/aic_flowstate_skills/insert_cable_skill/src/insert_cable_skill.cc:23:10: fatal error: insert_cable_skill.pb.h: No such file or directory
[11.236s]    23 | #include "insert_cable_skill.pb.h"
[11.236s]       |          ^~~~~~~~~~~~~~~~~~~~~~~~~
[11.236s] compilation terminated.
[11.239s] gmake[2]: *** [insert_cable_skill/CMakeFiles/insert_cable_skill_main.dir/build.make:85: insert_cable_skill/CMakeFiles/insert_cable_skill_main.dir/src/insert_cable_skill.cc.o] Error 1
[11.239s] gmake[2]: *** Waiting for unfinished jobs....
[11.257s] /usr/local/google/home/kbalasundar/aic_ws/src/aic/build/aic_flowstate_skills/insert_cable_skill/insert_cable_skill_main.cc:19:10: fatal error: src/insert_cable_skill.h: No such file or directory
[11.257s]    19 | #include "src/insert_cable_skill.h"
[11.258s]       |          ^~~~~~~~~~~~~~~~~~~~~~~~~~
[11.258s] compilation terminated.
[11.261s] gmake[2]: *** [insert_cable_skill/CMakeFiles/insert_cable_skill_main.dir/build.make:99: insert_cable_skill/CMakeFiles/insert_cable_skill_main.dir/insert_cable_skill_main.cc.o] Error 1
[11.261s] gmake[1]: *** [CMakeFiles/Makefile2:262: insert_cable_skill/CMakeFiles/insert_cable_skill_main.dir/all] Error 2
[11.262s] gmake: *** [Makefile:146: all] Error 2
[11.265s] Invoked command in '/usr/local/google/home/kbalasundar/aic_ws/src/aic/build/aic_flowstate_skills' returned '2': AMENT_PREFIX_PATH=/usr/local/google/home/kbalasundar/aic_ws/src/aic/install/aic_task_interfaces:${AMENT_PREFIX_PATH} CMAKE_PREFIX_PATH=/usr/local/google/home/kbalasundar/aic_ws/src/aic/install/aic_task_interfaces:/usr/local/google/home/kbalasundar/flowstate_ws/install/sdk_examples_ros_skills:/usr/local/google/home/kbalasundar/flowstate_ws/install/sdk_examples_ros_services:/usr/local/google/home/kbalasundar/flowstate_ws/install/intrinsic_sdk_ros:/usr/local/google/home/kbalasundar/flowstate_ws/install/intrinsic_sdk_cmake:/usr/local/google/home/kbalasundar/flowstate_ws/install/pybind11_protobuf_vendor:/usr/local/google/home/kbalasundar/flowstate_ws/install/pybind11_abseil_vendor:/usr/local/google/home/kbalasundar/flowstate_ws/install/ortools_vendor:/usr/local/google/home/kbalasundar/flowstate_ws/install/gz_transport_vendor/opt/gz_transport_vendor:/usr/local/google/home/kbalasundar/flowstate_ws/install/gz_transport_vendor:/usr/local/google/home/kbalasundar/flowstate_ws/install/gz_msgs_vendor/opt/gz_msgs_vendor:/usr/local/google/home/kbalasundar/flowstate_ws/install/gz_msgs_vendor:/usr/local/google/home/kbalasundar/flowstate_ws/install/grpc_vendor:/usr/local/google/home/kbalasundar/flowstate_ws/install/re2_vendor:/usr/local/google/home/kbalasundar/flowstate_ws/install/opencensus_cpp_vendor:/usr/local/google/home/kbalasundar/flowstate_ws/install/prometheus_cpp_vendor:/usr/local/google/home/kbalasundar/flowstate_ws/install/intrinsic_pybind11_vendor:/usr/local/google/home/kbalasundar/flowstate_ws/install/gz_math_vendor/opt/gz_math_vendor:/usr/local/google/home/kbalasundar/flowstate_ws/install/gz_math_vendor:/usr/local/google/home/kbalasundar/flowstate_ws/install/gz_utils_vendor/opt/gz_utils_vendor:/usr/local/google/home/kbalasundar/flowstate_ws/install/gz_utils_vendor:/usr/local/google/home/kbalasundar/flowstate_ws/install/gz_cmake_vendor/opt/gz_cmake_vendor:/usr/local/google/home/kbalasundar/flowstate_ws/install/gz_cmake_vendor:/usr/local/google/home/kbalasundar/flowstate_ws/install/flatbuffers_vendor:/usr/local/google/home/kbalasundar/flowstate_ws/install/eigen_vendor:/usr/local/google/home/kbalasundar/flowstate_ws/install/bazelisk_vendor:/usr/local/google/home/kbalasundar/flowstate_ws/install/abseil_cpp_vendor:/opt/ros/kilted/opt/sdformat_vendor:/opt/ros/kilted/opt/gz_math_vendor:/opt/ros/kilted/opt/gz_utils_vendor:/opt/ros/kilted/opt/gz_tools_vendor:/opt/ros/kilted/opt/gz_ogre_next_vendor:/opt/ros/kilted/opt/gz_dartsim_vendor:/opt/ros/kilted/opt/gz_cmake_vendor:/opt/ros/kilted DEBUGINFOD_URLS=https://debuginfod.debian.net LD_LIBRARY_PATH=/usr/local/google/home/kbalasundar/aic_ws/src/aic/install/aic_task_interfaces/lib:${LD_LIBRARY_PATH} PYTHONPATH=/usr/local/google/home/kbalasundar/aic_ws/src/aic/install/aic_task_interfaces/lib/python3.12/site-packages:${PYTHONPATH} /usr/bin/cmake --build /usr/local/google/home/kbalasundar/aic_ws/src/aic/build/aic_flowstate_skills -- -j64 -l64
