[0.026s] Invoking command in '/usr/local/google/home/kbalasundar/aic_ws/src/aic/build/aic_task_interfaces': CMAKE_PREFIX_PATH=${CMAKE_PREFIX_PATH}:/opt/ros/kilted DEBUGINFOD_URLS=https://debuginfod.debian.net /usr/bin/cmake /usr/local/google/home/kbalasundar/aic_ws/src/aic/aic_interfaces/aic_task_interfaces -DCMAKE_INSTALL_PREFIX=/usr/local/google/home/kbalasundar/aic_ws/src/aic/install/aic_task_interfaces
[0.410s] -- The C compiler identification is GNU 13.3.0
[0.522s] -- The CXX compiler identification is GNU 13.3.0
[0.576s] -- Detecting C compiler ABI info
[0.769s] -- Detecting C compiler ABI info - done
[0.779s] -- Check for working C compiler: /usr/bin/cc - skipped
[0.781s] -- Detecting C compile features
[0.783s] -- Detecting C compile features - done
[0.808s] -- Detecting CXX compiler ABI info
[1.005s] -- Detecting CXX compiler ABI info - done
[1.016s] -- Check for working CXX compiler: /usr/bin/c++ - skipped
[1.016s] -- Detecting CXX compile features
[1.016s] -- Detecting CXX compile features - done
[1.058s] -- Found ament_cmake: 2.7.4 (/opt/ros/kilted/share/ament_cmake/cmake)
[1.354s] -- Found Python3: /usr/bin/python3 (found version "3.12.3") found components: Interpreter 
[1.800s] -- Found builtin_interfaces: 2.3.0 (/opt/ros/kilted/share/builtin_interfaces/cmake)
[2.009s] -- Found rosidl_generator_c: 4.9.6 (/opt/ros/kilted/share/rosidl_generator_c/cmake)
[2.093s] -- Found rosidl_generator_cpp: 4.9.6 (/opt/ros/kilted/share/rosidl_generator_cpp/cmake)
[2.199s] -- Using all available rosidl_typesupport_c: rosidl_typesupport_fastrtps_c;rosidl_typesupport_introspection_c
[2.300s] -- Using all available rosidl_typesupport_cpp: rosidl_typesupport_fastrtps_cpp;rosidl_typesupport_introspection_cpp
[2.391s] -- Found rosidl_default_generators: 1.7.1 (/opt/ros/kilted/share/rosidl_default_generators/cmake)
[2.486s] -- Found rosidl_adapter: 4.9.6 (/opt/ros/kilted/share/rosidl_adapter/cmake)
[3.519s] -- Found ament_cmake_cppcheck: 0.19.2 (/opt/ros/kilted/share/ament_cmake_cppcheck/cmake)
[3.542s] -- Found ament_cmake_cpplint: 0.19.2 (/opt/ros/kilted/share/ament_cmake_cpplint/cmake)
[3.565s] -- Found ament_cmake_uncrustify: 0.19.2 (/opt/ros/kilted/share/ament_cmake_uncrustify/cmake)
[3.590s] -- Found ament_cmake_ros_core: 0.14.7 (/opt/ros/kilted/share/ament_cmake_ros_core/cmake)
[4.552s] -- Using all available rosidl_typesupport_c: rosidl_typesupport_fastrtps_c;rosidl_typesupport_introspection_c
[4.925s] -- Using all available rosidl_typesupport_cpp: rosidl_typesupport_fastrtps_cpp;rosidl_typesupport_introspection_cpp
[5.817s] -- Found Python3: /usr/bin/python3 (found version "3.12.3") found components: Interpreter Development NumPy Development.Module Development.Embed 
[5.891s] -- Found ament_cmake_flake8: 0.19.2 (/opt/ros/kilted/share/ament_cmake_flake8/cmake)
[5.912s] -- Found ament_cmake_pep257: 0.19.2 (/opt/ros/kilted/share/ament_cmake_pep257/cmake)
[5.991s] -- Configuring done (5.9s)
[6.154s] -- Generating done (0.1s)
[6.195s] -- Build files have been written to: /usr/local/google/home/kbalasundar/aic_ws/src/aic/build/aic_task_interfaces
[6.207s] Invoked command in '/usr/local/google/home/kbalasundar/aic_ws/src/aic/build/aic_task_interfaces' returned '0': CMAKE_PREFIX_PATH=${CMAKE_PREFIX_PATH}:/opt/ros/kilted DEBUGINFOD_URLS=https://debuginfod.debian.net /usr/bin/cmake /usr/local/google/home/kbalasundar/aic_ws/src/aic/aic_interfaces/aic_task_interfaces -DCMAKE_INSTALL_PREFIX=/usr/local/google/home/kbalasundar/aic_ws/src/aic/install/aic_task_interfaces
[6.209s] Invoking command in '/usr/local/google/home/kbalasundar/aic_ws/src/aic/build/aic_task_interfaces': CMAKE_PREFIX_PATH=${CMAKE_PREFIX_PATH}:/opt/ros/kilted DEBUGINFOD_URLS=https://debuginfod.debian.net /usr/bin/cmake --build /usr/local/google/home/kbalasundar/aic_ws/src/aic/build/aic_task_interfaces -- -j64 -l64
[6.331s] [  2%] [34m[1mGenerating type hashes for ROS interfaces[0m
[6.351s] [  2%] Built target ament_cmake_python_copy_aic_task_interfaces
[6.700s] running egg_info
[6.701s] creating aic_task_interfaces.egg-info
[6.736s] writing aic_task_interfaces.egg-info/PKG-INFO
[6.737s] writing dependency_links to aic_task_interfaces.egg-info/dependency_links.txt
[6.737s] writing top-level names to aic_task_interfaces.egg-info/top_level.txt
[6.738s] writing manifest file 'aic_task_interfaces.egg-info/SOURCES.txt'
[6.756s] [  2%] Built target aic_task_interfaces__rosidl_generator_type_description
[6.784s] [  4%] [34m[1mGenerating C code for ROS interfaces[0m
[6.810s] [  6%] [34m[1mGenerating C++ code for ROS interfaces[0m
[6.847s] reading manifest file 'aic_task_interfaces.egg-info/SOURCES.txt'
[6.848s] writing manifest file 'aic_task_interfaces.egg-info/SOURCES.txt'
[6.891s] [  6%] Built target ament_cmake_python_build_aic_task_interfaces_egg
[7.443s] [  6%] Built target aic_task_interfaces__cpp
[7.488s] [ 11%] [32mBuilding C object CMakeFiles/aic_task_interfaces__rosidl_generator_c.dir/rosidl_generator_c/aic_task_interfaces/msg/detail/task__description.c.o[0m
[7.488s] [ 11%] [32mBuilding C object CMakeFiles/aic_task_interfaces__rosidl_generator_c.dir/rosidl_generator_c/aic_task_interfaces/msg/detail/task__functions.c.o[0m
[7.490s] [ 18%] [32mBuilding C object CMakeFiles/aic_task_interfaces__rosidl_generator_c.dir/rosidl_generator_c/aic_task_interfaces/action/detail/insert_cable__description.c.o[0m
[7.490s] [ 18%] [32mBuilding C object CMakeFiles/aic_task_interfaces__rosidl_generator_c.dir/rosidl_generator_c/aic_task_interfaces/action/detail/insert_cable__type_support.c.o[0m
[7.490s] [ 20%] [32mBuilding C object CMakeFiles/aic_task_interfaces__rosidl_generator_c.dir/rosidl_generator_c/aic_task_interfaces/msg/detail/task__type_support.c.o[0m
[7.491s] [ 20%] [32mBuilding C object CMakeFiles/aic_task_interfaces__rosidl_generator_c.dir/rosidl_generator_c/aic_task_interfaces/action/detail/insert_cable__functions.c.o[0m
[7.713s] [ 22%] [32m[1mLinking C shared library libaic_task_interfaces__rosidl_generator_c.so[0m
[7.801s] [ 22%] Built target aic_task_interfaces__rosidl_generator_c
[7.826s] [ 27%] [34m[1mGenerating C++ type support dispatch for ROS interfaces[0m
[7.826s] [ 27%] [34m[1mGenerating C++ type support for eProsima Fast-RTPS[0m
[7.827s] [ 31%] [34m[1mGenerating C++ introspection for ROS interfaces[0m
[7.827s] [ 31%] [34m[1mGenerating C type support for eProsima Fast-RTPS[0m
[7.828s] [ 36%] [34m[1mGenerating C type support dispatch for ROS interfaces[0m
[7.828s] [ 36%] [34m[1mGenerating C introspection for ROS interfaces[0m
[8.289s] [ 38%] [32mBuilding CXX object CMakeFiles/aic_task_interfaces__rosidl_typesupport_c.dir/rosidl_typesupport_c/aic_task_interfaces/msg/task__type_support.cpp.o[0m
[8.292s] [ 40%] [32mBuilding CXX object CMakeFiles/aic_task_interfaces__rosidl_typesupport_c.dir/rosidl_typesupport_c/aic_task_interfaces/action/insert_cable__type_support.cpp.o[0m
[8.314s] [ 45%] [32mBuilding CXX object CMakeFiles/aic_task_interfaces__rosidl_typesupport_cpp.dir/rosidl_typesupport_cpp/aic_task_interfaces/msg/task__type_support.cpp.o[0m
[8.315s] [ 45%] [32mBuilding CXX object CMakeFiles/aic_task_interfaces__rosidl_typesupport_cpp.dir/rosidl_typesupport_cpp/aic_task_interfaces/action/insert_cable__type_support.cpp.o[0m
[8.362s] [ 47%] [32mBuilding CXX object CMakeFiles/aic_task_interfaces__rosidl_typesupport_introspection_cpp.dir/rosidl_typesupport_introspection_cpp/aic_task_interfaces/msg/detail/task__type_support.cpp.o[0m
[8.363s] [ 50%] [32mBuilding CXX object CMakeFiles/aic_task_interfaces__rosidl_typesupport_introspection_cpp.dir/rosidl_typesupport_introspection_cpp/aic_task_interfaces/action/detail/insert_cable__type_support.cpp.o[0m
[8.395s] [ 52%] [32mBuilding C object CMakeFiles/aic_task_interfaces__rosidl_typesupport_introspection_c.dir/rosidl_typesupport_introspection_c/aic_task_interfaces/msg/detail/task__type_support.c.o[0m
[8.396s] [ 54%] [32mBuilding C object CMakeFiles/aic_task_interfaces__rosidl_typesupport_introspection_c.dir/rosidl_typesupport_introspection_c/aic_task_interfaces/action/detail/insert_cable__type_support.c.o[0m
[8.431s] [ 56%] [32m[1mLinking CXX shared library libaic_task_interfaces__rosidl_typesupport_c.so[0m
[8.524s] [ 59%] Built target aic_task_interfaces__rosidl_typesupport_c
[8.525s] [ 61%] [32mBuilding CXX object CMakeFiles/aic_task_interfaces__rosidl_typesupport_fastrtps_cpp.dir/rosidl_typesupport_fastrtps_cpp/aic_task_interfaces/msg/detail/dds_fastrtps/task__type_support.cpp.o[0m
[8.525s] [ 61%] [32mBuilding CXX object CMakeFiles/aic_task_interfaces__rosidl_typesupport_fastrtps_cpp.dir/rosidl_typesupport_fastrtps_cpp/aic_task_interfaces/action/detail/dds_fastrtps/insert_cable__type_support.cpp.o[0m
[8.531s] [ 63%] [32m[1mLinking C shared library libaic_task_interfaces__rosidl_typesupport_introspection_c.so[0m
[8.544s] [ 65%] [32mBuilding CXX object CMakeFiles/aic_task_interfaces__rosidl_typesupport_fastrtps_c.dir/rosidl_typesupport_fastrtps_c/aic_task_interfaces/msg/detail/task__type_support_c.cpp.o[0m
[8.545s] [ 68%] [32mBuilding CXX object CMakeFiles/aic_task_interfaces__rosidl_typesupport_fastrtps_c.dir/rosidl_typesupport_fastrtps_c/aic_task_interfaces/action/detail/insert_cable__type_support_c.cpp.o[0m
[8.615s] [ 68%] Built target aic_task_interfaces__rosidl_typesupport_introspection_c
[9.159s] [ 70%] [32m[1mLinking CXX shared library libaic_task_interfaces__rosidl_typesupport_cpp.so[0m
[9.215s] [ 72%] [32m[1mLinking CXX shared library libaic_task_interfaces__rosidl_typesupport_fastrtps_c.so[0m
[9.224s] [ 75%] [32m[1mLinking CXX shared library libaic_task_interfaces__rosidl_typesupport_introspection_cpp.so[0m
[9.274s] [ 75%] Built target aic_task_interfaces__rosidl_typesupport_cpp
[9.338s] [ 75%] Built target aic_task_interfaces__rosidl_typesupport_fastrtps_c
[9.341s] [ 75%] Built target aic_task_interfaces__rosidl_typesupport_introspection_cpp
[9.591s] [ 77%] [32m[1mLinking CXX shared library libaic_task_interfaces__rosidl_typesupport_fastrtps_cpp.so[0m
[9.713s] [ 77%] Built target aic_task_interfaces__rosidl_typesupport_fastrtps_cpp
[9.762s] [ 77%] Built target aic_task_interfaces
[9.813s] [ 79%] [34m[1mGenerating Python code for ROS interfaces[0m
[10.806s] [ 79%] Built target aic_task_interfaces__py
[10.858s] [ 81%] [32mBuilding C object CMakeFiles/aic_task_interfaces__rosidl_generator_py.dir/rosidl_generator_py/aic_task_interfaces/msg/_task_s.c.o[0m
[10.860s] [ 84%] [32mBuilding C object CMakeFiles/aic_task_interfaces__rosidl_generator_py.dir/rosidl_generator_py/aic_task_interfaces/action/_insert_cable_s.c.o[0m
[11.354s] [ 86%] [32m[1mLinking C shared library libaic_task_interfaces__rosidl_generator_py.so[0m
[11.453s] [ 86%] Built target aic_task_interfaces__rosidl_generator_py
[11.504s] [ 88%] [32mBuilding C object CMakeFiles/aic_task_interfaces_s__rosidl_typesupport_fastrtps_c.dir/rosidl_generator_py/aic_task_interfaces/_aic_task_interfaces_s.ep.rosidl_typesupport_fastrtps_c.c.o[0m
[11.505s] [ 93%] [32mBuilding C object CMakeFiles/aic_task_interfaces_s__rosidl_typesupport_introspection_c.dir/rosidl_generator_py/aic_task_interfaces/_aic_task_interfaces_s.ep.rosidl_typesupport_introspection_c.c.o[0m
[11.505s] [ 93%] [32mBuilding C object CMakeFiles/aic_task_interfaces_s__rosidl_typesupport_c.dir/rosidl_generator_py/aic_task_interfaces/_aic_task_interfaces_s.ep.rosidl_typesupport_c.c.o[0m
[11.700s] [ 95%] [32m[1mLinking C shared module rosidl_generator_py/aic_task_interfaces/aic_task_interfaces_s__rosidl_typesupport_c.so[0m
[11.702s] [ 97%] [32m[1mLinking C shared module rosidl_generator_py/aic_task_interfaces/aic_task_interfaces_s__rosidl_typesupport_introspection_c.so[0m
[11.723s] [100%] [32m[1mLinking C shared module rosidl_generator_py/aic_task_interfaces/aic_task_interfaces_s__rosidl_typesupport_fastrtps_c.so[0m
[11.774s] [100%] Built target aic_task_interfaces_s__rosidl_typesupport_c
[11.781s] [100%] Built target aic_task_interfaces_s__rosidl_typesupport_introspection_c
[11.799s] [100%] Built target aic_task_interfaces_s__rosidl_typesupport_fastrtps_c
[11.827s] Invoked command in '/usr/local/google/home/kbalasundar/aic_ws/src/aic/build/aic_task_interfaces' returned '0': CMAKE_PREFIX_PATH=${CMAKE_PREFIX_PATH}:/opt/ros/kilted DEBUGINFOD_URLS=https://debuginfod.debian.net /usr/bin/cmake --build /usr/local/google/home/kbalasundar/aic_ws/src/aic/build/aic_task_interfaces -- -j64 -l64
[11.850s] Invoking command in '/usr/local/google/home/kbalasundar/aic_ws/src/aic/build/aic_task_interfaces': CMAKE_PREFIX_PATH=${CMAKE_PREFIX_PATH}:/opt/ros/kilted DEBUGINFOD_URLS=https://debuginfod.debian.net /usr/bin/cmake --install /usr/local/google/home/kbalasundar/aic_ws/src/aic/build/aic_task_interfaces
[11.870s] -- Install configuration: ""
[11.870s] -- Installing: /usr/local/google/home/kbalasundar/aic_ws/src/aic/install/aic_task_interfaces/share/ament_index/resource_index/rosidl_interfaces/aic_task_interfaces
[11.872s] -- Installing: /usr/local/google/home/kbalasundar/aic_ws/src/aic/install/aic_task_interfaces/share/aic_task_interfaces/msg/Task.json
[11.873s] -- Installing: /usr/local/google/home/kbalasundar/aic_ws/src/aic/install/aic_task_interfaces/share/aic_task_interfaces/action/InsertCable.json
[11.875s] -- Installing: /usr/local/google/home/kbalasundar/aic_ws/src/aic/install/aic_task_interfaces/include/aic_task_interfaces/aic_task_interfaces
[11.875s] -- Installing: /usr/local/google/home/kbalasundar/aic_ws/src/aic/install/aic_task_interfaces/include/aic_task_interfaces/aic_task_interfaces/msg
[11.876s] -- Installing: /usr/local/google/home/kbalasundar/aic_ws/src/aic/install/aic_task_interfaces/include/aic_task_interfaces/aic_task_interfaces/msg/detail
[11.877s] -- Installing: /usr/local/google/home/kbalasundar/aic_ws/src/aic/install/aic_task_interfaces/include/aic_task_interfaces/aic_task_interfaces/msg/detail/task__functions.h
[11.878s] -- Installing: /usr/local/google/home/kbalasundar/aic_ws/src/aic/install/aic_task_interfaces/include/aic_task_interfaces/aic_task_interfaces/msg/detail/task__description.c
[11.879s] -- Installing: /usr/local/google/home/kbalasundar/aic_ws/src/aic/install/aic_task_interfaces/include/aic_task_interfaces/aic_task_interfaces/msg/detail/task__functions.c
[11.881s] -- Installing: /usr/local/google/home/kbalasundar/aic_ws/src/aic/install/aic_task_interfaces/include/aic_task_interfaces/aic_task_interfaces/msg/detail/task__type_support.c
[11.882s] -- Installing: /usr/local/google/home/kbalasundar/aic_ws/src/aic/install/aic_task_interfaces/include/aic_task_interfaces/aic_task_interfaces/msg/detail/task__type_support.h
[11.883s] -- Installing: /usr/local/google/home/kbalasundar/aic_ws/src/aic/install/aic_task_interfaces/include/aic_task_interfaces/aic_task_interfaces/msg/detail/task__struct.h
[11.885s] -- Installing: /usr/local/google/home/kbalasundar/aic_ws/src/aic/install/aic_task_interfaces/include/aic_task_interfaces/aic_task_interfaces/msg/task.h
[11.886s] -- Installing: /usr/local/google/home/kbalasundar/aic_ws/src/aic/install/aic_task_interfaces/include/aic_task_interfaces/aic_task_interfaces/msg/rosidl_generator_c__visibility_control.h
[11.887s] -- Installing: /usr/local/google/home/kbalasundar/aic_ws/src/aic/install/aic_task_interfaces/include/aic_task_interfaces/aic_task_interfaces/action
[11.888s] -- Installing: /usr/local/google/home/kbalasundar/aic_ws/src/aic/install/aic_task_interfaces/include/aic_task_interfaces/aic_task_interfaces/action/detail
[11.888s] -- Installing: /usr/local/google/home/kbalasundar/aic_ws/src/aic/install/aic_task_interfaces/include/aic_task_interfaces/aic_task_interfaces/action/detail/insert_cable__functions.c
[11.890s] -- Installing: /usr/local/google/home/kbalasundar/aic_ws/src/aic/install/aic_task_interfaces/include/aic_task_interfaces/aic_task_interfaces/action/detail/insert_cable__description.c
[11.891s] -- Installing: /usr/local/google/home/kbalasundar/aic_ws/src/aic/install/aic_task_interfaces/include/aic_task_interfaces/aic_task_interfaces/action/detail/insert_cable__type_support.h
[11.893s] -- Installing: /usr/local/google/home/kbalasundar/aic_ws/src/aic/install/aic_task_interfaces/include/aic_task_interfaces/aic_task_interfaces/action/detail/insert_cable__struct.h
[11.894s] -- Installing: /usr/local/google/home/kbalasundar/aic_ws/src/aic/install/aic_task_interfaces/include/aic_task_interfaces/aic_task_interfaces/action/detail/insert_cable__functions.h
[11.895s] -- Installing: /usr/local/google/home/kbalasundar/aic_ws/src/aic/install/aic_task_interfaces/include/aic_task_interfaces/aic_task_interfaces/action/detail/insert_cable__type_support.c
[11.897s] -- Installing: /usr/local/google/home/kbalasundar/aic_ws/src/aic/install/aic_task_interfaces/include/aic_task_interfaces/aic_task_interfaces/action/insert_cable.h
[11.898s] -- Installing: /usr/local/google/home/kbalasundar/aic_ws/src/aic/install/aic_task_interfaces/share/aic_task_interfaces/environment/library_path.sh
[11.899s] -- Installing: /usr/local/google/home/kbalasundar/aic_ws/src/aic/install/aic_task_interfaces/share/aic_task_interfaces/environment/library_path.dsv
[11.901s] -- Installing: /usr/local/google/home/kbalasundar/aic_ws/src/aic/install/aic_task_interfaces/lib/libaic_task_interfaces__rosidl_generator_c.so
[11.903s] -- Set non-toolchain portion of runtime path of "/usr/local/google/home/kbalasundar/aic_ws/src/aic/install/aic_task_interfaces/lib/libaic_task_interfaces__rosidl_generator_c.so" to ""
[11.903s] -- Up-to-date: /usr/local/google/home/kbalasundar/aic_ws/src/aic/install/aic_task_interfaces/include/aic_task_interfaces/aic_task_interfaces
[11.904s] -- Up-to-date: /usr/local/google/home/kbalasundar/aic_ws/src/aic/install/aic_task_interfaces/include/aic_task_interfaces/aic_task_interfaces/msg
[11.904s] -- Up-to-date: /usr/local/google/home/kbalasundar/aic_ws/src/aic/install/aic_task_interfaces/include/aic_task_interfaces/aic_task_interfaces/msg/detail
[11.905s] -- Installing: /usr/local/google/home/kbalasundar/aic_ws/src/aic/install/aic_task_interfaces/include/aic_task_interfaces/aic_task_interfaces/msg/detail/task__rosidl_typesupport_fastrtps_c.h
[11.906s] -- Installing: /usr/local/google/home/kbalasundar/aic_ws/src/aic/install/aic_task_interfaces/include/aic_task_interfaces/aic_task_interfaces/msg/rosidl_typesupport_fastrtps_c__visibility_control.h
[11.907s] -- Up-to-date: /usr/local/google/home/kbalasundar/aic_ws/src/aic/install/aic_task_interfaces/include/aic_task_interfaces/aic_task_interfaces/action
[11.908s] -- Up-to-date: /usr/local/google/home/kbalasundar/aic_ws/src/aic/install/aic_task_interfaces/include/aic_task_interfaces/aic_task_interfaces/action/detail
[11.908s] -- Installing: /usr/local/google/home/kbalasundar/aic_ws/src/aic/install/aic_task_interfaces/include/aic_task_interfaces/aic_task_interfaces/action/detail/insert_cable__rosidl_typesupport_fastrtps_c.h
[11.910s] -- Installing: /usr/local/google/home/kbalasundar/aic_ws/src/aic/install/aic_task_interfaces/lib/libaic_task_interfaces__rosidl_typesupport_fastrtps_c.so
[11.912s] -- Set non-toolchain portion of runtime path of "/usr/local/google/home/kbalasundar/aic_ws/src/aic/install/aic_task_interfaces/lib/libaic_task_interfaces__rosidl_typesupport_fastrtps_c.so" to ""
[11.912s] -- Up-to-date: /usr/local/google/home/kbalasundar/aic_ws/src/aic/install/aic_task_interfaces/include/aic_task_interfaces/aic_task_interfaces
[11.912s] -- Up-to-date: /usr/local/google/home/kbalasundar/aic_ws/src/aic/install/aic_task_interfaces/include/aic_task_interfaces/aic_task_interfaces/msg
[11.913s] -- Up-to-date: /usr/local/google/home/kbalasundar/aic_ws/src/aic/install/aic_task_interfaces/include/aic_task_interfaces/aic_task_interfaces/msg/detail
[11.913s] -- Installing: /usr/local/google/home/kbalasundar/aic_ws/src/aic/install/aic_task_interfaces/include/aic_task_interfaces/aic_task_interfaces/msg/detail/task__traits.hpp
[11.914s] -- Installing: /usr/local/google/home/kbalasundar/aic_ws/src/aic/install/aic_task_interfaces/include/aic_task_interfaces/aic_task_interfaces/msg/detail/task__builder.hpp
[11.916s] -- Installing: /usr/local/google/home/kbalasundar/aic_ws/src/aic/install/aic_task_interfaces/include/aic_task_interfaces/aic_task_interfaces/msg/detail/task__struct.hpp
[11.917s] -- Installing: /usr/local/google/home/kbalasundar/aic_ws/src/aic/install/aic_task_interfaces/include/aic_task_interfaces/aic_task_interfaces/msg/detail/task__type_support.hpp
[11.919s] -- Installing: /usr/local/google/home/kbalasundar/aic_ws/src/aic/install/aic_task_interfaces/include/aic_task_interfaces/aic_task_interfaces/msg/rosidl_generator_cpp__visibility_control.hpp
[11.920s] -- Installing: /usr/local/google/home/kbalasundar/aic_ws/src/aic/install/aic_task_interfaces/include/aic_task_interfaces/aic_task_interfaces/msg/task.hpp
[11.921s] -- Up-to-date: /usr/local/google/home/kbalasundar/aic_ws/src/aic/install/aic_task_interfaces/include/aic_task_interfaces/aic_task_interfaces/action
[11.922s] -- Up-to-date: /usr/local/google/home/kbalasundar/aic_ws/src/aic/install/aic_task_interfaces/include/aic_task_interfaces/aic_task_interfaces/action/detail
[11.922s] -- Installing: /usr/local/google/home/kbalasundar/aic_ws/src/aic/install/aic_task_interfaces/include/aic_task_interfaces/aic_task_interfaces/action/detail/insert_cable__type_support.hpp
[11.923s] -- Installing: /usr/local/google/home/kbalasundar/aic_ws/src/aic/install/aic_task_interfaces/include/aic_task_interfaces/aic_task_interfaces/action/detail/insert_cable__traits.hpp
[11.925s] -- Installing: /usr/local/google/home/kbalasundar/aic_ws/src/aic/install/aic_task_interfaces/include/aic_task_interfaces/aic_task_interfaces/action/detail/insert_cable__struct.hpp
[11.926s] -- Installing: /usr/local/google/home/kbalasundar/aic_ws/src/aic/install/aic_task_interfaces/include/aic_task_interfaces/aic_task_interfaces/action/detail/insert_cable__builder.hpp
[11.927s] -- Installing: /usr/local/google/home/kbalasundar/aic_ws/src/aic/install/aic_task_interfaces/include/aic_task_interfaces/aic_task_interfaces/action/insert_cable.hpp
[11.928s] -- Up-to-date: /usr/local/google/home/kbalasundar/aic_ws/src/aic/install/aic_task_interfaces/include/aic_task_interfaces/aic_task_interfaces
[11.929s] -- Up-to-date: /usr/local/google/home/kbalasundar/aic_ws/src/aic/install/aic_task_interfaces/include/aic_task_interfaces/aic_task_interfaces/msg
[11.929s] -- Up-to-date: /usr/local/google/home/kbalasundar/aic_ws/src/aic/install/aic_task_interfaces/include/aic_task_interfaces/aic_task_interfaces/msg/detail
[11.930s] -- Installing: /usr/local/google/home/kbalasundar/aic_ws/src/aic/install/aic_task_interfaces/include/aic_task_interfaces/aic_task_interfaces/msg/detail/task__rosidl_typesupport_fastrtps_cpp.hpp
[11.931s] -- Installing: /usr/local/google/home/kbalasundar/aic_ws/src/aic/install/aic_task_interfaces/include/aic_task_interfaces/aic_task_interfaces/msg/detail/dds_fastrtps
[11.932s] -- Installing: /usr/local/google/home/kbalasundar/aic_ws/src/aic/install/aic_task_interfaces/include/aic_task_interfaces/aic_task_interfaces/msg/rosidl_typesupport_fastrtps_cpp__visibility_control.h
[11.933s] -- Up-to-date: /usr/local/google/home/kbalasundar/aic_ws/src/aic/install/aic_task_interfaces/include/aic_task_interfaces/aic_task_interfaces/action
[11.933s] -- Up-to-date: /usr/local/google/home/kbalasundar/aic_ws/src/aic/install/aic_task_interfaces/include/aic_task_interfaces/aic_task_interfaces/action/detail
[11.934s] -- Installing: /usr/local/google/home/kbalasundar/aic_ws/src/aic/install/aic_task_interfaces/include/aic_task_interfaces/aic_task_interfaces/action/detail/insert_cable__rosidl_typesupport_fastrtps_cpp.hpp
[11.935s] -- Installing: /usr/local/google/home/kbalasundar/aic_ws/src/aic/install/aic_task_interfaces/include/aic_task_interfaces/aic_task_interfaces/action/detail/dds_fastrtps
[11.936s] -- Installing: /usr/local/google/home/kbalasundar/aic_ws/src/aic/install/aic_task_interfaces/lib/libaic_task_interfaces__rosidl_typesupport_fastrtps_cpp.so
[11.938s] -- Set non-toolchain portion of runtime path of "/usr/local/google/home/kbalasundar/aic_ws/src/aic/install/aic_task_interfaces/lib/libaic_task_interfaces__rosidl_typesupport_fastrtps_cpp.so" to ""
[11.938s] -- Up-to-date: /usr/local/google/home/kbalasundar/aic_ws/src/aic/install/aic_task_interfaces/include/aic_task_interfaces/aic_task_interfaces
[11.938s] -- Up-to-date: /usr/local/google/home/kbalasundar/aic_ws/src/aic/install/aic_task_interfaces/include/aic_task_interfaces/aic_task_interfaces/msg
[11.939s] -- Up-to-date: /usr/local/google/home/kbalasundar/aic_ws/src/aic/install/aic_task_interfaces/include/aic_task_interfaces/aic_task_interfaces/msg/detail
[11.939s] -- Installing: /usr/local/google/home/kbalasundar/aic_ws/src/aic/install/aic_task_interfaces/include/aic_task_interfaces/aic_task_interfaces/msg/detail/task__rosidl_typesupport_introspection_c.h
[11.941s] -- Installing: /usr/local/google/home/kbalasundar/aic_ws/src/aic/install/aic_task_interfaces/include/aic_task_interfaces/aic_task_interfaces/msg/detail/task__type_support.c
[11.942s] -- Installing: /usr/local/google/home/kbalasundar/aic_ws/src/aic/install/aic_task_interfaces/include/aic_task_interfaces/aic_task_interfaces/msg/rosidl_typesupport_introspection_c__visibility_control.h
[11.943s] -- Up-to-date: /usr/local/google/home/kbalasundar/aic_ws/src/aic/install/aic_task_interfaces/include/aic_task_interfaces/aic_task_interfaces/action
[11.943s] -- Up-to-date: /usr/local/google/home/kbalasundar/aic_ws/src/aic/install/aic_task_interfaces/include/aic_task_interfaces/aic_task_interfaces/action/detail
[11.944s] -- Installing: /usr/local/google/home/kbalasundar/aic_ws/src/aic/install/aic_task_interfaces/include/aic_task_interfaces/aic_task_interfaces/action/detail/insert_cable__rosidl_typesupport_introspection_c.h
[11.945s] -- Installing: /usr/local/google/home/kbalasundar/aic_ws/src/aic/install/aic_task_interfaces/include/aic_task_interfaces/aic_task_interfaces/action/detail/insert_cable__type_support.c
[11.946s] -- Installing: /usr/local/google/home/kbalasundar/aic_ws/src/aic/install/aic_task_interfaces/lib/libaic_task_interfaces__rosidl_typesupport_introspection_c.so
[11.948s] -- Set non-toolchain portion of runtime path of "/usr/local/google/home/kbalasundar/aic_ws/src/aic/install/aic_task_interfaces/lib/libaic_task_interfaces__rosidl_typesupport_introspection_c.so" to ""
[11.949s] -- Installing: /usr/local/google/home/kbalasundar/aic_ws/src/aic/install/aic_task_interfaces/lib/libaic_task_interfaces__rosidl_typesupport_c.so
[11.950s] -- Set non-toolchain portion of runtime path of "/usr/local/google/home/kbalasundar/aic_ws/src/aic/install/aic_task_interfaces/lib/libaic_task_interfaces__rosidl_typesupport_c.so" to ""
[11.950s] -- Up-to-date: /usr/local/google/home/kbalasundar/aic_ws/src/aic/install/aic_task_interfaces/include/aic_task_interfaces/aic_task_interfaces
[11.951s] -- Up-to-date: /usr/local/google/home/kbalasundar/aic_ws/src/aic/install/aic_task_interfaces/include/aic_task_interfaces/aic_task_interfaces/msg
[11.951s] -- Up-to-date: /usr/local/google/home/kbalasundar/aic_ws/src/aic/install/aic_task_interfaces/include/aic_task_interfaces/aic_task_interfaces/msg/detail
[11.952s] -- Installing: /usr/local/google/home/kbalasundar/aic_ws/src/aic/install/aic_task_interfaces/include/aic_task_interfaces/aic_task_interfaces/msg/detail/task__type_support.cpp
[11.953s] -- Installing: /usr/local/google/home/kbalasundar/aic_ws/src/aic/install/aic_task_interfaces/include/aic_task_interfaces/aic_task_interfaces/msg/detail/task__rosidl_typesupport_introspection_cpp.hpp
[11.954s] -- Up-to-date: /usr/local/google/home/kbalasundar/aic_ws/src/aic/install/aic_task_interfaces/include/aic_task_interfaces/aic_task_interfaces/action
[11.955s] -- Up-to-date: /usr/local/google/home/kbalasundar/aic_ws/src/aic/install/aic_task_interfaces/include/aic_task_interfaces/aic_task_interfaces/action/detail
[11.955s] -- Installing: /usr/local/google/home/kbalasundar/aic_ws/src/aic/install/aic_task_interfaces/include/aic_task_interfaces/aic_task_interfaces/action/detail/insert_cable__type_support.cpp
[11.956s] -- Installing: /usr/local/google/home/kbalasundar/aic_ws/src/aic/install/aic_task_interfaces/include/aic_task_interfaces/aic_task_interfaces/action/detail/insert_cable__rosidl_typesupport_introspection_cpp.hpp
[11.957s] -- Installing: /usr/local/google/home/kbalasundar/aic_ws/src/aic/install/aic_task_interfaces/lib/libaic_task_interfaces__rosidl_typesupport_introspection_cpp.so
[11.960s] -- Set non-toolchain portion of runtime path of "/usr/local/google/home/kbalasundar/aic_ws/src/aic/install/aic_task_interfaces/lib/libaic_task_interfaces__rosidl_typesupport_introspection_cpp.so" to ""
[11.960s] -- Installing: /usr/local/google/home/kbalasundar/aic_ws/src/aic/install/aic_task_interfaces/lib/libaic_task_interfaces__rosidl_typesupport_cpp.so
[11.962s] -- Set non-toolchain portion of runtime path of "/usr/local/google/home/kbalasundar/aic_ws/src/aic/install/aic_task_interfaces/lib/libaic_task_interfaces__rosidl_typesupport_cpp.so" to ""
[11.962s] -- Installing: /usr/local/google/home/kbalasundar/aic_ws/src/aic/install/aic_task_interfaces/share/aic_task_interfaces/environment/pythonpath.sh
[11.963s] -- Installing: /usr/local/google/home/kbalasundar/aic_ws/src/aic/install/aic_task_interfaces/share/aic_task_interfaces/environment/pythonpath.dsv
[11.964s] -- Installing: /usr/local/google/home/kbalasundar/aic_ws/src/aic/install/aic_task_interfaces/lib/python3.12/site-packages/aic_task_interfaces-0.0.1-py3.12.egg-info
[11.965s] -- Installing: /usr/local/google/home/kbalasundar/aic_ws/src/aic/install/aic_task_interfaces/lib/python3.12/site-packages/aic_task_interfaces-0.0.1-py3.12.egg-info/PKG-INFO
[11.966s] -- Installing: /usr/local/google/home/kbalasundar/aic_ws/src/aic/install/aic_task_interfaces/lib/python3.12/site-packages/aic_task_interfaces-0.0.1-py3.12.egg-info/top_level.txt
[11.967s] -- Installing: /usr/local/google/home/kbalasundar/aic_ws/src/aic/install/aic_task_interfaces/lib/python3.12/site-packages/aic_task_interfaces-0.0.1-py3.12.egg-info/SOURCES.txt
[11.968s] -- Installing: /usr/local/google/home/kbalasundar/aic_ws/src/aic/install/aic_task_interfaces/lib/python3.12/site-packages/aic_task_interfaces-0.0.1-py3.12.egg-info/dependency_links.txt
[11.970s] -- Installing: /usr/local/google/home/kbalasundar/aic_ws/src/aic/install/aic_task_interfaces/lib/python3.12/site-packages/aic_task_interfaces
[11.970s] -- Installing: /usr/local/google/home/kbalasundar/aic_ws/src/aic/install/aic_task_interfaces/lib/python3.12/site-packages/aic_task_interfaces/msg
[11.970s] -- Installing: /usr/local/google/home/kbalasundar/aic_ws/src/aic/install/aic_task_interfaces/lib/python3.12/site-packages/aic_task_interfaces/msg/__init__.py
[11.971s] -- Installing: /usr/local/google/home/kbalasundar/aic_ws/src/aic/install/aic_task_interfaces/lib/python3.12/site-packages/aic_task_interfaces/msg/_task.py
[11.973s] -- Installing: /usr/local/google/home/kbalasundar/aic_ws/src/aic/install/aic_task_interfaces/lib/python3.12/site-packages/aic_task_interfaces/msg/_task_s.c
[11.974s] -- Installing: /usr/local/google/home/kbalasundar/aic_ws/src/aic/install/aic_task_interfaces/lib/python3.12/site-packages/aic_task_interfaces/__init__.py
[11.975s] -- Installing: /usr/local/google/home/kbalasundar/aic_ws/src/aic/install/aic_task_interfaces/lib/python3.12/site-packages/aic_task_interfaces/aic_task_interfaces_s__rosidl_typesupport_fastrtps_c.so
[11.976s] -- Installing: /usr/local/google/home/kbalasundar/aic_ws/src/aic/install/aic_task_interfaces/lib/python3.12/site-packages/aic_task_interfaces/action
[11.976s] -- Installing: /usr/local/google/home/kbalasundar/aic_ws/src/aic/install/aic_task_interfaces/lib/python3.12/site-packages/aic_task_interfaces/action/_insert_cable_s.c
[11.978s] -- Installing: /usr/local/google/home/kbalasundar/aic_ws/src/aic/install/aic_task_interfaces/lib/python3.12/site-packages/aic_task_interfaces/action/__init__.py
[11.979s] -- Installing: /usr/local/google/home/kbalasundar/aic_ws/src/aic/install/aic_task_interfaces/lib/python3.12/site-packages/aic_task_interfaces/action/_insert_cable.py
[11.980s] -- Installing: /usr/local/google/home/kbalasundar/aic_ws/src/aic/install/aic_task_interfaces/lib/python3.12/site-packages/aic_task_interfaces/aic_task_interfaces_s__rosidl_typesupport_introspection_c.so
[11.982s] -- Installing: /usr/local/google/home/kbalasundar/aic_ws/src/aic/install/aic_task_interfaces/lib/python3.12/site-packages/aic_task_interfaces/_aic_task_interfaces_s.ep.rosidl_typesupport_c.c
[11.983s] -- Installing: /usr/local/google/home/kbalasundar/aic_ws/src/aic/install/aic_task_interfaces/lib/python3.12/site-packages/aic_task_interfaces/_aic_task_interfaces_s.ep.rosidl_typesupport_introspection_c.c
[11.984s] -- Installing: /usr/local/google/home/kbalasundar/aic_ws/src/aic/install/aic_task_interfaces/lib/python3.12/site-packages/aic_task_interfaces/aic_task_interfaces_s__rosidl_typesupport_c.so
[11.985s] -- Installing: /usr/local/google/home/kbalasundar/aic_ws/src/aic/install/aic_task_interfaces/lib/python3.12/site-packages/aic_task_interfaces/_aic_task_interfaces_s.ep.rosidl_typesupport_fastrtps_c.c
[12.069s] Listing '/usr/local/google/home/kbalasundar/aic_ws/src/aic/install/aic_task_interfaces/lib/python3.12/site-packages/aic_task_interfaces'...
[12.069s] Compiling '/usr/local/google/home/kbalasundar/aic_ws/src/aic/install/aic_task_interfaces/lib/python3.12/site-packages/aic_task_interfaces/__init__.py'...
[12.069s] Listing '/usr/local/google/home/kbalasundar/aic_ws/src/aic/install/aic_task_interfaces/lib/python3.12/site-packages/aic_task_interfaces/action'...
[12.069s] Compiling '/usr/local/google/home/kbalasundar/aic_ws/src/aic/install/aic_task_interfaces/lib/python3.12/site-packages/aic_task_interfaces/action/__init__.py'...
[12.069s] Compiling '/usr/local/google/home/kbalasundar/aic_ws/src/aic/install/aic_task_interfaces/lib/python3.12/site-packages/aic_task_interfaces/action/_insert_cable.py'...
[12.069s] Listing '/usr/local/google/home/kbalasundar/aic_ws/src/aic/install/aic_task_interfaces/lib/python3.12/site-packages/aic_task_interfaces/msg'...
[12.069s] Compiling '/usr/local/google/home/kbalasundar/aic_ws/src/aic/install/aic_task_interfaces/lib/python3.12/site-packages/aic_task_interfaces/msg/__init__.py'...
[12.069s] Compiling '/usr/local/google/home/kbalasundar/aic_ws/src/aic/install/aic_task_interfaces/lib/python3.12/site-packages/aic_task_interfaces/msg/_task.py'...
[12.077s] -- Installing: /usr/local/google/home/kbalasundar/aic_ws/src/aic/install/aic_task_interfaces/lib/python3.12/site-packages/aic_task_interfaces/aic_task_interfaces_s__rosidl_typesupport_fastrtps_c.so
[12.079s] -- Set non-toolchain portion of runtime path of "/usr/local/google/home/kbalasundar/aic_ws/src/aic/install/aic_task_interfaces/lib/python3.12/site-packages/aic_task_interfaces/aic_task_interfaces_s__rosidl_typesupport_fastrtps_c.so" to ""
[12.079s] -- Installing: /usr/local/google/home/kbalasundar/aic_ws/src/aic/install/aic_task_interfaces/lib/python3.12/site-packages/aic_task_interfaces/aic_task_interfaces_s__rosidl_typesupport_introspection_c.so
[12.081s] -- Set non-toolchain portion of runtime path of "/usr/local/google/home/kbalasundar/aic_ws/src/aic/install/aic_task_interfaces/lib/python3.12/site-packages/aic_task_interfaces/aic_task_interfaces_s__rosidl_typesupport_introspection_c.so" to ""
[12.082s] -- Installing: /usr/local/google/home/kbalasundar/aic_ws/src/aic/install/aic_task_interfaces/lib/python3.12/site-packages/aic_task_interfaces/aic_task_interfaces_s__rosidl_typesupport_c.so
[12.084s] -- Set non-toolchain portion of runtime path of "/usr/local/google/home/kbalasundar/aic_ws/src/aic/install/aic_task_interfaces/lib/python3.12/site-packages/aic_task_interfaces/aic_task_interfaces_s__rosidl_typesupport_c.so" to ""
[12.084s] -- Installing: /usr/local/google/home/kbalasundar/aic_ws/src/aic/install/aic_task_interfaces/lib/libaic_task_interfaces__rosidl_generator_py.so
[12.086s] -- Set non-toolchain portion of runtime path of "/usr/local/google/home/kbalasundar/aic_ws/src/aic/install/aic_task_interfaces/lib/libaic_task_interfaces__rosidl_generator_py.so" to ""
[12.086s] -- Installing: /usr/local/google/home/kbalasundar/aic_ws/src/aic/install/aic_task_interfaces/share/aic_task_interfaces/msg/Task.idl
[12.087s] -- Installing: /usr/local/google/home/kbalasundar/aic_ws/src/aic/install/aic_task_interfaces/share/aic_task_interfaces/action/InsertCable.idl
[12.088s] -- Installing: /usr/local/google/home/kbalasundar/aic_ws/src/aic/install/aic_task_interfaces/share/aic_task_interfaces/msg/Task.msg
[12.090s] -- Installing: /usr/local/google/home/kbalasundar/aic_ws/src/aic/install/aic_task_interfaces/share/aic_task_interfaces/action/InsertCable.action
[12.091s] -- Installing: /usr/local/google/home/kbalasundar/aic_ws/src/aic/install/aic_task_interfaces/share/ament_index/resource_index/package_run_dependencies/aic_task_interfaces
[12.092s] -- Installing: /usr/local/google/home/kbalasundar/aic_ws/src/aic/install/aic_task_interfaces/share/ament_index/resource_index/parent_prefix_path/aic_task_interfaces
[12.094s] -- Installing: /usr/local/google/home/kbalasundar/aic_ws/src/aic/install/aic_task_interfaces/share/aic_task_interfaces/environment/ament_prefix_path.sh
[12.095s] -- Installing: /usr/local/google/home/kbalasundar/aic_ws/src/aic/install/aic_task_interfaces/share/aic_task_interfaces/environment/ament_prefix_path.dsv
[12.096s] -- Installing: /usr/local/google/home/kbalasundar/aic_ws/src/aic/install/aic_task_interfaces/share/aic_task_interfaces/environment/path.sh
[12.097s] -- Installing: /usr/local/google/home/kbalasundar/aic_ws/src/aic/install/aic_task_interfaces/share/aic_task_interfaces/environment/path.dsv
[12.098s] -- Installing: /usr/local/google/home/kbalasundar/aic_ws/src/aic/install/aic_task_interfaces/share/aic_task_interfaces/local_setup.bash
[12.100s] -- Installing: /usr/local/google/home/kbalasundar/aic_ws/src/aic/install/aic_task_interfaces/share/aic_task_interfaces/local_setup.sh
[12.101s] -- Installing: /usr/local/google/home/kbalasundar/aic_ws/src/aic/install/aic_task_interfaces/share/aic_task_interfaces/local_setup.zsh
[12.102s] -- Installing: /usr/local/google/home/kbalasundar/aic_ws/src/aic/install/aic_task_interfaces/share/aic_task_interfaces/local_setup.dsv
[12.103s] -- Installing: /usr/local/google/home/kbalasundar/aic_ws/src/aic/install/aic_task_interfaces/share/aic_task_interfaces/package.dsv
[12.105s] -- Installing: /usr/local/google/home/kbalasundar/aic_ws/src/aic/install/aic_task_interfaces/share/ament_index/resource_index/packages/aic_task_interfaces
[12.106s] -- Installing: /usr/local/google/home/kbalasundar/aic_ws/src/aic/install/aic_task_interfaces/share/aic_task_interfaces/cmake/export_aic_task_interfaces__rosidl_generator_cExport.cmake
[12.107s] -- Installing: /usr/local/google/home/kbalasundar/aic_ws/src/aic/install/aic_task_interfaces/share/aic_task_interfaces/cmake/export_aic_task_interfaces__rosidl_generator_cExport-noconfig.cmake
[12.108s] -- Installing: /usr/local/google/home/kbalasundar/aic_ws/src/aic/install/aic_task_interfaces/share/aic_task_interfaces/cmake/export_aic_task_interfaces__rosidl_typesupport_fastrtps_cExport.cmake
[12.110s] -- Installing: /usr/local/google/home/kbalasundar/aic_ws/src/aic/install/aic_task_interfaces/share/aic_task_interfaces/cmake/export_aic_task_interfaces__rosidl_typesupport_fastrtps_cExport-noconfig.cmake
[12.111s] -- Installing: /usr/local/google/home/kbalasundar/aic_ws/src/aic/install/aic_task_interfaces/share/aic_task_interfaces/cmake/export_aic_task_interfaces__rosidl_generator_cppExport.cmake
[12.112s] -- Installing: /usr/local/google/home/kbalasundar/aic_ws/src/aic/install/aic_task_interfaces/share/aic_task_interfaces/cmake/export_aic_task_interfaces__rosidl_typesupport_fastrtps_cppExport.cmake
[12.114s] -- Installing: /usr/local/google/home/kbalasundar/aic_ws/src/aic/install/aic_task_interfaces/share/aic_task_interfaces/cmake/export_aic_task_interfaces__rosidl_typesupport_fastrtps_cppExport-noconfig.cmake
[12.115s] -- Installing: /usr/local/google/home/kbalasundar/aic_ws/src/aic/install/aic_task_interfaces/share/aic_task_interfaces/cmake/aic_task_interfaces__rosidl_typesupport_introspection_cExport.cmake
[12.116s] -- Installing: /usr/local/google/home/kbalasundar/aic_ws/src/aic/install/aic_task_interfaces/share/aic_task_interfaces/cmake/aic_task_interfaces__rosidl_typesupport_introspection_cExport-noconfig.cmake
[12.117s] -- Installing: /usr/local/google/home/kbalasundar/aic_ws/src/aic/install/aic_task_interfaces/share/aic_task_interfaces/cmake/aic_task_interfaces__rosidl_typesupport_cExport.cmake
[12.118s] -- Installing: /usr/local/google/home/kbalasundar/aic_ws/src/aic/install/aic_task_interfaces/share/aic_task_interfaces/cmake/aic_task_interfaces__rosidl_typesupport_cExport-noconfig.cmake
[12.120s] -- Installing: /usr/local/google/home/kbalasundar/aic_ws/src/aic/install/aic_task_interfaces/share/aic_task_interfaces/cmake/aic_task_interfaces__rosidl_typesupport_introspection_cppExport.cmake
[12.121s] -- Installing: /usr/local/google/home/kbalasundar/aic_ws/src/aic/install/aic_task_interfaces/share/aic_task_interfaces/cmake/aic_task_interfaces__rosidl_typesupport_introspection_cppExport-noconfig.cmake
[12.122s] -- Installing: /usr/local/google/home/kbalasundar/aic_ws/src/aic/install/aic_task_interfaces/share/aic_task_interfaces/cmake/aic_task_interfaces__rosidl_typesupport_cppExport.cmake
[12.124s] -- Installing: /usr/local/google/home/kbalasundar/aic_ws/src/aic/install/aic_task_interfaces/share/aic_task_interfaces/cmake/aic_task_interfaces__rosidl_typesupport_cppExport-noconfig.cmake
[12.125s] -- Installing: /usr/local/google/home/kbalasundar/aic_ws/src/aic/install/aic_task_interfaces/share/aic_task_interfaces/cmake/export_aic_task_interfaces__rosidl_generator_pyExport.cmake
[12.126s] -- Installing: /usr/local/google/home/kbalasundar/aic_ws/src/aic/install/aic_task_interfaces/share/aic_task_interfaces/cmake/export_aic_task_interfaces__rosidl_generator_pyExport-noconfig.cmake
[12.127s] -- Installing: /usr/local/google/home/kbalasundar/aic_ws/src/aic/install/aic_task_interfaces/share/aic_task_interfaces/cmake/rosidl_cmake-extras.cmake
[12.128s] -- Installing: /usr/local/google/home/kbalasundar/aic_ws/src/aic/install/aic_task_interfaces/share/aic_task_interfaces/cmake/ament_cmake_export_dependencies-extras.cmake
[12.130s] -- Installing: /usr/local/google/home/kbalasundar/aic_ws/src/aic/install/aic_task_interfaces/share/aic_task_interfaces/cmake/ament_cmake_export_include_directories-extras.cmake
[12.131s] -- Installing: /usr/local/google/home/kbalasundar/aic_ws/src/aic/install/aic_task_interfaces/share/aic_task_interfaces/cmake/ament_cmake_export_libraries-extras.cmake
[12.132s] -- Installing: /usr/local/google/home/kbalasundar/aic_ws/src/aic/install/aic_task_interfaces/share/aic_task_interfaces/cmake/ament_cmake_export_targets-extras.cmake
[12.133s] -- Installing: /usr/local/google/home/kbalasundar/aic_ws/src/aic/install/aic_task_interfaces/share/aic_task_interfaces/cmake/rosidl_cmake_export_typesupport_targets-extras.cmake
[12.134s] -- Installing: /usr/local/google/home/kbalasundar/aic_ws/src/aic/install/aic_task_interfaces/share/aic_task_interfaces/cmake/rosidl_cmake_export_typesupport_libraries-extras.cmake
[12.136s] -- Installing: /usr/local/google/home/kbalasundar/aic_ws/src/aic/install/aic_task_interfaces/share/aic_task_interfaces/cmake/aic_task_interfacesConfig.cmake
[12.137s] -- Installing: /usr/local/google/home/kbalasundar/aic_ws/src/aic/install/aic_task_interfaces/share/aic_task_interfaces/cmake/aic_task_interfacesConfig-version.cmake
[12.138s] -- Installing: /usr/local/google/home/kbalasundar/aic_ws/src/aic/install/aic_task_interfaces/share/aic_task_interfaces/package.xml
[12.143s] Invoked command in '/usr/local/google/home/kbalasundar/aic_ws/src/aic/build/aic_task_interfaces' returned '0': CMAKE_PREFIX_PATH=${CMAKE_PREFIX_PATH}:/opt/ros/kilted DEBUGINFOD_URLS=https://debuginfod.debian.net /usr/bin/cmake --install /usr/local/google/home/kbalasundar/aic_ws/src/aic/build/aic_task_interfaces
