[ 33%] Built target insert_cable_skill_config
[ 33%] Built target insert_cable_skill_protos_desc
[ 58%] Built target insert_cable_skill_protos
[ 66%] [32mBuilding CXX object insert_cable_skill/CMakeFiles/insert_cable_skill_main.dir/src/insert_cable_skill.cc.o[0m
[ 75%] [32m[1mLinking CXX executable insert_cable_skill_main[0m
[100%] Built target insert_cable_skill_main
-- Install configuration: ""
-- Installing: /usr/local/google/home/kbalasundar/aic_ws/src/aic/install/aic_flowstate_skills/share/ament_index/resource_index/package_run_dependencies/aic_flowstate_skills
-- Installing: /usr/local/google/home/kbalasundar/aic_ws/src/aic/install/aic_flowstate_skills/share/ament_index/resource_index/parent_prefix_path/aic_flowstate_skills
-- Installing: /usr/local/google/home/kbalasundar/aic_ws/src/aic/install/aic_flowstate_skills/share/aic_flowstate_skills/environment/ament_prefix_path.sh
-- Installing: /usr/local/google/home/kbalasundar/aic_ws/src/aic/install/aic_flowstate_skills/share/aic_flowstate_skills/environment/ament_prefix_path.dsv
-- Installing: /usr/local/google/home/kbalasundar/aic_ws/src/aic/install/aic_flowstate_skills/share/aic_flowstate_skills/environment/path.sh
-- Installing: /usr/local/google/home/kbalasundar/aic_ws/src/aic/install/aic_flowstate_skills/share/aic_flowstate_skills/environment/path.dsv
-- Installing: /usr/local/google/home/kbalasundar/aic_ws/src/aic/install/aic_flowstate_skills/share/aic_flowstate_skills/local_setup.bash
-- Installing: /usr/local/google/home/kbalasundar/aic_ws/src/aic/install/aic_flowstate_skills/share/aic_flowstate_skills/local_setup.sh
-- Installing: /usr/local/google/home/kbalasundar/aic_ws/src/aic/install/aic_flowstate_skills/share/aic_flowstate_skills/local_setup.zsh
-- Installing: /usr/local/google/home/kbalasundar/aic_ws/src/aic/install/aic_flowstate_skills/share/aic_flowstate_skills/local_setup.dsv
-- Installing: /usr/local/google/home/kbalasundar/aic_ws/src/aic/install/aic_flowstate_skills/share/aic_flowstate_skills/package.dsv
-- Installing: /usr/local/google/home/kbalasundar/aic_ws/src/aic/install/aic_flowstate_skills/share/ament_index/resource_index/packages/aic_flowstate_skills
-- Installing: /usr/local/google/home/kbalasundar/aic_ws/src/aic/install/aic_flowstate_skills/share/aic_flowstate_skills/cmake/aic_flowstate_skillsConfig.cmake
-- Installing: /usr/local/google/home/kbalasundar/aic_ws/src/aic/install/aic_flowstate_skills/share/aic_flowstate_skills/cmake/aic_flowstate_skillsConfig-version.cmake
-- Installing: /usr/local/google/home/kbalasundar/aic_ws/src/aic/install/aic_flowstate_skills/share/aic_flowstate_skills/package.xml
-- Installing: /usr/local/google/home/kbalasundar/aic_ws/src/aic/install/aic_flowstate_skills/share/aic_flowstate_skills/insert_cable_skill.manifest.textproto
-- Installing: /usr/local/google/home/kbalasundar/aic_ws/src/aic/install/aic_flowstate_skills/share/aic_flowstate_skills/insert_cable_skill.manifest.pbbin
-- Installing: /usr/local/google/home/kbalasundar/aic_ws/src/aic/install/aic_flowstate_skills/share/aic_flowstate_skills/insert_cable_skill_config.pbbin
-- Installing: /usr/local/google/home/kbalasundar/aic_ws/src/aic/install/aic_flowstate_skills/share/aic_flowstate_skills/insert_cable_skill_protos.desc
-- Installing: /usr/local/google/home/kbalasundar/aic_ws/src/aic/install/aic_flowstate_skills/lib/aic_flowstate_skills/insert_cable_skill_main
-- Set non-toolchain portion of runtime path of "/usr/local/google/home/kbalasundar/aic_ws/src/aic/install/aic_flowstate_skills/lib/aic_flowstate_skills/insert_cable_skill_main" to ""
