[0.022s] Invoking command in '/usr/local/google/home/kbalasundar/aic_ws/src/aic/build/aic_task_interfaces': CMAKE_PREFIX_PATH=${CMAKE_PREFIX_PATH}:/opt/ros/kilted DEBUGINFOD_URLS=https://debuginfod.debian.net /usr/bin/cmake --build /usr/local/google/home/kbalasundar/aic_ws/src/aic/build/aic_task_interfaces -- -j64 -l64
[0.142s] [  2%] Built target aic_task_interfaces__rosidl_generator_type_description
[0.176s] [  2%] Built target ament_cmake_python_copy_aic_task_interfaces
[0.193s] [  4%] Built target aic_task_interfaces__cpp
[0.202s] [ 22%] Built target aic_task_interfaces__rosidl_generator_c
[0.261s] [ 38%] Built target aic_task_interfaces__rosidl_typesupport_cpp
[0.261s] [ 50%] Built target aic_task_interfaces__rosidl_typesupport_introspection_c
[0.262s] [ 59%] Built target aic_task_interfaces__rosidl_typesupport_c
[0.263s] [ 63%] Built target aic_task_interfaces__rosidl_typesupport_fastrtps_c
[0.265s] [ 68%] Built target aic_task_interfaces__rosidl_typesupport_fastrtps_cpp
[0.268s] [ 77%] Built target aic_task_interfaces__rosidl_typesupport_introspection_cpp
[0.316s] [ 77%] Built target aic_task_interfaces
[0.370s] [ 79%] Built target aic_task_interfaces__py
[0.433s] [ 86%] Built target aic_task_interfaces__rosidl_generator_py
[0.489s] [100%] Built target aic_task_interfaces_s__rosidl_typesupport_c
[0.490s] [100%] Built target aic_task_interfaces_s__rosidl_typesupport_fastrtps_c
[0.490s] [100%] Built target aic_task_interfaces_s__rosidl_typesupport_introspection_c
[0.521s] running egg_info
[0.556s] writing aic_task_interfaces.egg-info/PKG-INFO
[0.557s] writing dependency_links to aic_task_interfaces.egg-info/dependency_links.txt
[0.557s] writing top-level names to aic_task_interfaces.egg-info/top_level.txt
[0.661s] reading manifest file 'aic_task_interfaces.egg-info/SOURCES.txt'
[0.662s] writing manifest file 'aic_task_interfaces.egg-info/SOURCES.txt'
[0.703s] [100%] Built target ament_cmake_python_build_aic_task_interfaces_egg
[0.728s] Invoked command in '/usr/local/google/home/kbalasundar/aic_ws/src/aic/build/aic_task_interfaces' returned '0': CMAKE_PREFIX_PATH=${CMAKE_PREFIX_PATH}:/opt/ros/kilted DEBUGINFOD_URLS=https://debuginfod.debian.net /usr/bin/cmake --build /usr/local/google/home/kbalasundar/aic_ws/src/aic/build/aic_task_interfaces -- -j64 -l64
[0.750s] Invoking command in '/usr/local/google/home/kbalasundar/aic_ws/src/aic/build/aic_task_interfaces': CMAKE_PREFIX_PATH=${CMAKE_PREFIX_PATH}:/opt/ros/kilted DEBUGINFOD_URLS=https://debuginfod.debian.net /usr/bin/cmake --install /usr/local/google/home/kbalasundar/aic_ws/src/aic/build/aic_task_interfaces
[0.768s] -- Install configuration: ""
[0.769s] -- Up-to-date: /usr/local/google/home/kbalasundar/aic_ws/src/aic/install/aic_task_interfaces/share/ament_index/resource_index/rosidl_interfaces/aic_task_interfaces
[0.769s] -- Up-to-date: /usr/local/google/home/kbalasundar/aic_ws/src/aic/install/aic_task_interfaces/share/aic_task_interfaces/msg/Task.json
[0.769s] -- Up-to-date: /usr/local/google/home/kbalasundar/aic_ws/src/aic/install/aic_task_interfaces/share/aic_task_interfaces/action/InsertCable.json
[0.769s] -- Up-to-date: /usr/local/google/home/kbalasundar/aic_ws/src/aic/install/aic_task_interfaces/include/aic_task_interfaces/aic_task_interfaces
[0.769s] -- Up-to-date: /usr/local/google/home/kbalasundar/aic_ws/src/aic/install/aic_task_interfaces/include/aic_task_interfaces/aic_task_interfaces/msg
[0.769s] -- Up-to-date: /usr/local/google/home/kbalasundar/aic_ws/src/aic/install/aic_task_interfaces/include/aic_task_interfaces/aic_task_interfaces/msg/detail
[0.769s] -- Up-to-date: /usr/local/google/home/kbalasundar/aic_ws/src/aic/install/aic_task_interfaces/include/aic_task_interfaces/aic_task_interfaces/msg/detail/task__functions.h
[0.770s] -- Up-to-date: /usr/local/google/home/kbalasundar/aic_ws/src/aic/install/aic_task_interfaces/include/aic_task_interfaces/aic_task_interfaces/msg/detail/task__description.c
[0.770s] -- Up-to-date: /usr/local/google/home/kbalasundar/aic_ws/src/aic/install/aic_task_interfaces/include/aic_task_interfaces/aic_task_interfaces/msg/detail/task__functions.c
[0.770s] -- Up-to-date: /usr/local/google/home/kbalasundar/aic_ws/src/aic/install/aic_task_interfaces/include/aic_task_interfaces/aic_task_interfaces/msg/detail/task__type_support.c
[0.770s] -- Up-to-date: /usr/local/google/home/kbalasundar/aic_ws/src/aic/install/aic_task_interfaces/include/aic_task_interfaces/aic_task_interfaces/msg/detail/task__type_support.h
[0.770s] -- Up-to-date: /usr/local/google/home/kbalasundar/aic_ws/src/aic/install/aic_task_interfaces/include/aic_task_interfaces/aic_task_interfaces/msg/detail/task__struct.h
[0.770s] -- Up-to-date: /usr/local/google/home/kbalasundar/aic_ws/src/aic/install/aic_task_interfaces/include/aic_task_interfaces/aic_task_interfaces/msg/task.h
[0.770s] -- Up-to-date: /usr/local/google/home/kbalasundar/aic_ws/src/aic/install/aic_task_interfaces/include/aic_task_interfaces/aic_task_interfaces/msg/rosidl_generator_c__visibility_control.h
[0.770s] -- Up-to-date: /usr/local/google/home/kbalasundar/aic_ws/src/aic/install/aic_task_interfaces/include/aic_task_interfaces/aic_task_interfaces/action
[0.770s] -- Up-to-date: /usr/local/google/home/kbalasundar/aic_ws/src/aic/install/aic_task_interfaces/include/aic_task_interfaces/aic_task_interfaces/action/detail
[0.771s] -- Up-to-date: /usr/local/google/home/kbalasundar/aic_ws/src/aic/install/aic_task_interfaces/include/aic_task_interfaces/aic_task_interfaces/action/detail/insert_cable__functions.c
[0.771s] -- Up-to-date: /usr/local/google/home/kbalasundar/aic_ws/src/aic/install/aic_task_interfaces/include/aic_task_interfaces/aic_task_interfaces/action/detail/insert_cable__description.c
[0.771s] -- Up-to-date: /usr/local/google/home/kbalasundar/aic_ws/src/aic/install/aic_task_interfaces/include/aic_task_interfaces/aic_task_interfaces/action/detail/insert_cable__type_support.h
[0.771s] -- Up-to-date: /usr/local/google/home/kbalasundar/aic_ws/src/aic/install/aic_task_interfaces/include/aic_task_interfaces/aic_task_interfaces/action/detail/insert_cable__struct.h
[0.771s] -- Up-to-date: /usr/local/google/home/kbalasundar/aic_ws/src/aic/install/aic_task_interfaces/include/aic_task_interfaces/aic_task_interfaces/action/detail/insert_cable__functions.h
[0.771s] -- Up-to-date: /usr/local/google/home/kbalasundar/aic_ws/src/aic/install/aic_task_interfaces/include/aic_task_interfaces/aic_task_interfaces/action/detail/insert_cable__type_support.c
[0.771s] -- Up-to-date: /usr/local/google/home/kbalasundar/aic_ws/src/aic/install/aic_task_interfaces/include/aic_task_interfaces/aic_task_interfaces/action/insert_cable.h
[0.771s] -- Up-to-date: /usr/local/google/home/kbalasundar/aic_ws/src/aic/install/aic_task_interfaces/share/aic_task_interfaces/environment/library_path.sh
[0.772s] -- Up-to-date: /usr/local/google/home/kbalasundar/aic_ws/src/aic/install/aic_task_interfaces/share/aic_task_interfaces/environment/library_path.dsv
[0.772s] -- Up-to-date: /usr/local/google/home/kbalasundar/aic_ws/src/aic/install/aic_task_interfaces/lib/libaic_task_interfaces__rosidl_generator_c.so
[0.772s] -- Up-to-date: /usr/local/google/home/kbalasundar/aic_ws/src/aic/install/aic_task_interfaces/include/aic_task_interfaces/aic_task_interfaces
[0.772s] -- Up-to-date: /usr/local/google/home/kbalasundar/aic_ws/src/aic/install/aic_task_interfaces/include/aic_task_interfaces/aic_task_interfaces/msg
[0.772s] -- Up-to-date: /usr/local/google/home/kbalasundar/aic_ws/src/aic/install/aic_task_interfaces/include/aic_task_interfaces/aic_task_interfaces/msg/detail
[0.772s] -- Up-to-date: /usr/local/google/home/kbalasundar/aic_ws/src/aic/install/aic_task_interfaces/include/aic_task_interfaces/aic_task_interfaces/msg/detail/task__rosidl_typesupport_fastrtps_c.h
[0.772s] -- Up-to-date: /usr/local/google/home/kbalasundar/aic_ws/src/aic/install/aic_task_interfaces/include/aic_task_interfaces/aic_task_interfaces/msg/rosidl_typesupport_fastrtps_c__visibility_control.h
[0.772s] -- Up-to-date: /usr/local/google/home/kbalasundar/aic_ws/src/aic/install/aic_task_interfaces/include/aic_task_interfaces/aic_task_interfaces/action
[0.772s] -- Up-to-date: /usr/local/google/home/kbalasundar/aic_ws/src/aic/install/aic_task_interfaces/include/aic_task_interfaces/aic_task_interfaces/action/detail
[0.773s] -- Up-to-date: /usr/local/google/home/kbalasundar/aic_ws/src/aic/install/aic_task_interfaces/include/aic_task_interfaces/aic_task_interfaces/action/detail/insert_cable__rosidl_typesupport_fastrtps_c.h
[0.773s] -- Up-to-date: /usr/local/google/home/kbalasundar/aic_ws/src/aic/install/aic_task_interfaces/lib/libaic_task_interfaces__rosidl_typesupport_fastrtps_c.so
[0.773s] -- Up-to-date: /usr/local/google/home/kbalasundar/aic_ws/src/aic/install/aic_task_interfaces/include/aic_task_interfaces/aic_task_interfaces
[0.773s] -- Up-to-date: /usr/local/google/home/kbalasundar/aic_ws/src/aic/install/aic_task_interfaces/include/aic_task_interfaces/aic_task_interfaces/msg
[0.773s] -- Up-to-date: /usr/local/google/home/kbalasundar/aic_ws/src/aic/install/aic_task_interfaces/include/aic_task_interfaces/aic_task_interfaces/msg/detail
[0.773s] -- Up-to-date: /usr/local/google/home/kbalasundar/aic_ws/src/aic/install/aic_task_interfaces/include/aic_task_interfaces/aic_task_interfaces/msg/detail/task__traits.hpp
[0.773s] -- Up-to-date: /usr/local/google/home/kbalasundar/aic_ws/src/aic/install/aic_task_interfaces/include/aic_task_interfaces/aic_task_interfaces/msg/detail/task__builder.hpp
[0.774s] -- Up-to-date: /usr/local/google/home/kbalasundar/aic_ws/src/aic/install/aic_task_interfaces/include/aic_task_interfaces/aic_task_interfaces/msg/detail/task__struct.hpp
[0.774s] -- Up-to-date: /usr/local/google/home/kbalasundar/aic_ws/src/aic/install/aic_task_interfaces/include/aic_task_interfaces/aic_task_interfaces/msg/detail/task__type_support.hpp
[0.774s] -- Up-to-date: /usr/local/google/home/kbalasundar/aic_ws/src/aic/install/aic_task_interfaces/include/aic_task_interfaces/aic_task_interfaces/msg/rosidl_generator_cpp__visibility_control.hpp
[0.774s] -- Up-to-date: /usr/local/google/home/kbalasundar/aic_ws/src/aic/install/aic_task_interfaces/include/aic_task_interfaces/aic_task_interfaces/msg/task.hpp
[0.774s] -- Up-to-date: /usr/local/google/home/kbalasundar/aic_ws/src/aic/install/aic_task_interfaces/include/aic_task_interfaces/aic_task_interfaces/action
[0.774s] -- Up-to-date: /usr/local/google/home/kbalasundar/aic_ws/src/aic/install/aic_task_interfaces/include/aic_task_interfaces/aic_task_interfaces/action/detail
[0.774s] -- Up-to-date: /usr/local/google/home/kbalasundar/aic_ws/src/aic/install/aic_task_interfaces/include/aic_task_interfaces/aic_task_interfaces/action/detail/insert_cable__type_support.hpp
[0.774s] -- Up-to-date: /usr/local/google/home/kbalasundar/aic_ws/src/aic/install/aic_task_interfaces/include/aic_task_interfaces/aic_task_interfaces/action/detail/insert_cable__traits.hpp
[0.774s] -- Up-to-date: /usr/local/google/home/kbalasundar/aic_ws/src/aic/install/aic_task_interfaces/include/aic_task_interfaces/aic_task_interfaces/action/detail/insert_cable__struct.hpp
[0.775s] -- Up-to-date: /usr/local/google/home/kbalasundar/aic_ws/src/aic/install/aic_task_interfaces/include/aic_task_interfaces/aic_task_interfaces/action/detail/insert_cable__builder.hpp
[0.775s] -- Up-to-date: /usr/local/google/home/kbalasundar/aic_ws/src/aic/install/aic_task_interfaces/include/aic_task_interfaces/aic_task_interfaces/action/insert_cable.hpp
[0.775s] -- Up-to-date: /usr/local/google/home/kbalasundar/aic_ws/src/aic/install/aic_task_interfaces/include/aic_task_interfaces/aic_task_interfaces
[0.775s] -- Up-to-date: /usr/local/google/home/kbalasundar/aic_ws/src/aic/install/aic_task_interfaces/include/aic_task_interfaces/aic_task_interfaces/msg
[0.775s] -- Up-to-date: /usr/local/google/home/kbalasundar/aic_ws/src/aic/install/aic_task_interfaces/include/aic_task_interfaces/aic_task_interfaces/msg/detail
[0.775s] -- Up-to-date: /usr/local/google/home/kbalasundar/aic_ws/src/aic/install/aic_task_interfaces/include/aic_task_interfaces/aic_task_interfaces/msg/detail/task__rosidl_typesupport_fastrtps_cpp.hpp
[0.775s] -- Up-to-date: /usr/local/google/home/kbalasundar/aic_ws/src/aic/install/aic_task_interfaces/include/aic_task_interfaces/aic_task_interfaces/msg/detail/dds_fastrtps
[0.775s] -- Up-to-date: /usr/local/google/home/kbalasundar/aic_ws/src/aic/install/aic_task_interfaces/include/aic_task_interfaces/aic_task_interfaces/msg/rosidl_typesupport_fastrtps_cpp__visibility_control.h
[0.775s] -- Up-to-date: /usr/local/google/home/kbalasundar/aic_ws/src/aic/install/aic_task_interfaces/include/aic_task_interfaces/aic_task_interfaces/action
[0.776s] -- Up-to-date: /usr/local/google/home/kbalasundar/aic_ws/src/aic/install/aic_task_interfaces/include/aic_task_interfaces/aic_task_interfaces/action/detail
[0.776s] -- Up-to-date: /usr/local/google/home/kbalasundar/aic_ws/src/aic/install/aic_task_interfaces/include/aic_task_interfaces/aic_task_interfaces/action/detail/insert_cable__rosidl_typesupport_fastrtps_cpp.hpp
[0.776s] -- Up-to-date: /usr/local/google/home/kbalasundar/aic_ws/src/aic/install/aic_task_interfaces/include/aic_task_interfaces/aic_task_interfaces/action/detail/dds_fastrtps
[0.776s] -- Up-to-date: /usr/local/google/home/kbalasundar/aic_ws/src/aic/install/aic_task_interfaces/lib/libaic_task_interfaces__rosidl_typesupport_fastrtps_cpp.so
[0.776s] -- Up-to-date: /usr/local/google/home/kbalasundar/aic_ws/src/aic/install/aic_task_interfaces/include/aic_task_interfaces/aic_task_interfaces
[0.776s] -- Up-to-date: /usr/local/google/home/kbalasundar/aic_ws/src/aic/install/aic_task_interfaces/include/aic_task_interfaces/aic_task_interfaces/msg
[0.776s] -- Up-to-date: /usr/local/google/home/kbalasundar/aic_ws/src/aic/install/aic_task_interfaces/include/aic_task_interfaces/aic_task_interfaces/msg/detail
[0.777s] -- Up-to-date: /usr/local/google/home/kbalasundar/aic_ws/src/aic/install/aic_task_interfaces/include/aic_task_interfaces/aic_task_interfaces/msg/detail/task__rosidl_typesupport_introspection_c.h
[0.777s] -- Up-to-date: /usr/local/google/home/kbalasundar/aic_ws/src/aic/install/aic_task_interfaces/include/aic_task_interfaces/aic_task_interfaces/msg/detail/task__type_support.c
[0.777s] -- Up-to-date: /usr/local/google/home/kbalasundar/aic_ws/src/aic/install/aic_task_interfaces/include/aic_task_interfaces/aic_task_interfaces/msg/rosidl_typesupport_introspection_c__visibility_control.h
[0.777s] -- Up-to-date: /usr/local/google/home/kbalasundar/aic_ws/src/aic/install/aic_task_interfaces/include/aic_task_interfaces/aic_task_interfaces/action
[0.777s] -- Up-to-date: /usr/local/google/home/kbalasundar/aic_ws/src/aic/install/aic_task_interfaces/include/aic_task_interfaces/aic_task_interfaces/action/detail
[0.777s] -- Up-to-date: /usr/local/google/home/kbalasundar/aic_ws/src/aic/install/aic_task_interfaces/include/aic_task_interfaces/aic_task_interfaces/action/detail/insert_cable__rosidl_typesupport_introspection_c.h
[0.777s] -- Up-to-date: /usr/local/google/home/kbalasundar/aic_ws/src/aic/install/aic_task_interfaces/include/aic_task_interfaces/aic_task_interfaces/action/detail/insert_cable__type_support.c
[0.777s] -- Up-to-date: /usr/local/google/home/kbalasundar/aic_ws/src/aic/install/aic_task_interfaces/lib/libaic_task_interfaces__rosidl_typesupport_introspection_c.so
[0.777s] -- Up-to-date: /usr/local/google/home/kbalasundar/aic_ws/src/aic/install/aic_task_interfaces/lib/libaic_task_interfaces__rosidl_typesupport_c.so
[0.778s] -- Up-to-date: /usr/local/google/home/kbalasundar/aic_ws/src/aic/install/aic_task_interfaces/include/aic_task_interfaces/aic_task_interfaces
[0.778s] -- Up-to-date: /usr/local/google/home/kbalasundar/aic_ws/src/aic/install/aic_task_interfaces/include/aic_task_interfaces/aic_task_interfaces/msg
[0.778s] -- Up-to-date: /usr/local/google/home/kbalasundar/aic_ws/src/aic/install/aic_task_interfaces/include/aic_task_interfaces/aic_task_interfaces/msg/detail
[0.778s] -- Up-to-date: /usr/local/google/home/kbalasundar/aic_ws/src/aic/install/aic_task_interfaces/include/aic_task_interfaces/aic_task_interfaces/msg/detail/task__type_support.cpp
[0.779s] -- Up-to-date: /usr/local/google/home/kbalasundar/aic_ws/src/aic/install/aic_task_interfaces/include/aic_task_interfaces/aic_task_interfaces/msg/detail/task__rosidl_typesupport_introspection_cpp.hpp
[0.779s] -- Up-to-date: /usr/local/google/home/kbalasundar/aic_ws/src/aic/install/aic_task_interfaces/include/aic_task_interfaces/aic_task_interfaces/action
[0.779s] -- Up-to-date: /usr/local/google/home/kbalasundar/aic_ws/src/aic/install/aic_task_interfaces/include/aic_task_interfaces/aic_task_interfaces/action/detail
[0.779s] -- Up-to-date: /usr/local/google/home/kbalasundar/aic_ws/src/aic/install/aic_task_interfaces/include/aic_task_interfaces/aic_task_interfaces/action/detail/insert_cable__type_support.cpp
[0.779s] -- Up-to-date: /usr/local/google/home/kbalasundar/aic_ws/src/aic/install/aic_task_interfaces/include/aic_task_interfaces/aic_task_interfaces/action/detail/insert_cable__rosidl_typesupport_introspection_cpp.hpp
[0.779s] -- Up-to-date: /usr/local/google/home/kbalasundar/aic_ws/src/aic/install/aic_task_interfaces/lib/libaic_task_interfaces__rosidl_typesupport_introspection_cpp.so
[0.780s] -- Up-to-date: /usr/local/google/home/kbalasundar/aic_ws/src/aic/install/aic_task_interfaces/lib/libaic_task_interfaces__rosidl_typesupport_cpp.so
[0.780s] -- Up-to-date: /usr/local/google/home/kbalasundar/aic_ws/src/aic/install/aic_task_interfaces/share/aic_task_interfaces/environment/pythonpath.sh
[0.780s] -- Up-to-date: /usr/local/google/home/kbalasundar/aic_ws/src/aic/install/aic_task_interfaces/share/aic_task_interfaces/environment/pythonpath.dsv
[0.781s] -- Up-to-date: /usr/local/google/home/kbalasundar/aic_ws/src/aic/install/aic_task_interfaces/lib/python3.12/site-packages/aic_task_interfaces-0.0.1-py3.12.egg-info
[0.781s] -- Installing: /usr/local/google/home/kbalasundar/aic_ws/src/aic/install/aic_task_interfaces/lib/python3.12/site-packages/aic_task_interfaces-0.0.1-py3.12.egg-info/PKG-INFO
[0.782s] -- Installing: /usr/local/google/home/kbalasundar/aic_ws/src/aic/install/aic_task_interfaces/lib/python3.12/site-packages/aic_task_interfaces-0.0.1-py3.12.egg-info/top_level.txt
[0.783s] -- Installing: /usr/local/google/home/kbalasundar/aic_ws/src/aic/install/aic_task_interfaces/lib/python3.12/site-packages/aic_task_interfaces-0.0.1-py3.12.egg-info/SOURCES.txt
[0.784s] -- Installing: /usr/local/google/home/kbalasundar/aic_ws/src/aic/install/aic_task_interfaces/lib/python3.12/site-packages/aic_task_interfaces-0.0.1-py3.12.egg-info/dependency_links.txt
[0.786s] -- Up-to-date: /usr/local/google/home/kbalasundar/aic_ws/src/aic/install/aic_task_interfaces/lib/python3.12/site-packages/aic_task_interfaces
[0.786s] -- Up-to-date: /usr/local/google/home/kbalasundar/aic_ws/src/aic/install/aic_task_interfaces/lib/python3.12/site-packages/aic_task_interfaces/msg
[0.786s] -- Up-to-date: /usr/local/google/home/kbalasundar/aic_ws/src/aic/install/aic_task_interfaces/lib/python3.12/site-packages/aic_task_interfaces/msg/__init__.py
[0.786s] -- Up-to-date: /usr/local/google/home/kbalasundar/aic_ws/src/aic/install/aic_task_interfaces/lib/python3.12/site-packages/aic_task_interfaces/msg/_task.py
[0.786s] -- Up-to-date: /usr/local/google/home/kbalasundar/aic_ws/src/aic/install/aic_task_interfaces/lib/python3.12/site-packages/aic_task_interfaces/msg/_task_s.c
[0.787s] -- Up-to-date: /usr/local/google/home/kbalasundar/aic_ws/src/aic/install/aic_task_interfaces/lib/python3.12/site-packages/aic_task_interfaces/__init__.py
[0.787s] -- Up-to-date: /usr/local/google/home/kbalasundar/aic_ws/src/aic/install/aic_task_interfaces/lib/python3.12/site-packages/aic_task_interfaces/aic_task_interfaces_s__rosidl_typesupport_fastrtps_c.so
[0.787s] -- Up-to-date: /usr/local/google/home/kbalasundar/aic_ws/src/aic/install/aic_task_interfaces/lib/python3.12/site-packages/aic_task_interfaces/action
[0.787s] -- Up-to-date: /usr/local/google/home/kbalasundar/aic_ws/src/aic/install/aic_task_interfaces/lib/python3.12/site-packages/aic_task_interfaces/action/_insert_cable_s.c
[0.787s] -- Up-to-date: /usr/local/google/home/kbalasundar/aic_ws/src/aic/install/aic_task_interfaces/lib/python3.12/site-packages/aic_task_interfaces/action/__init__.py
[0.787s] -- Up-to-date: /usr/local/google/home/kbalasundar/aic_ws/src/aic/install/aic_task_interfaces/lib/python3.12/site-packages/aic_task_interfaces/action/_insert_cable.py
[0.787s] -- Up-to-date: /usr/local/google/home/kbalasundar/aic_ws/src/aic/install/aic_task_interfaces/lib/python3.12/site-packages/aic_task_interfaces/aic_task_interfaces_s__rosidl_typesupport_introspection_c.so
[0.787s] -- Up-to-date: /usr/local/google/home/kbalasundar/aic_ws/src/aic/install/aic_task_interfaces/lib/python3.12/site-packages/aic_task_interfaces/_aic_task_interfaces_s.ep.rosidl_typesupport_c.c
[0.787s] -- Up-to-date: /usr/local/google/home/kbalasundar/aic_ws/src/aic/install/aic_task_interfaces/lib/python3.12/site-packages/aic_task_interfaces/_aic_task_interfaces_s.ep.rosidl_typesupport_introspection_c.c
[0.787s] -- Up-to-date: /usr/local/google/home/kbalasundar/aic_ws/src/aic/install/aic_task_interfaces/lib/python3.12/site-packages/aic_task_interfaces/aic_task_interfaces_s__rosidl_typesupport_c.so
[0.787s] -- Up-to-date: /usr/local/google/home/kbalasundar/aic_ws/src/aic/install/aic_task_interfaces/lib/python3.12/site-packages/aic_task_interfaces/_aic_task_interfaces_s.ep.rosidl_typesupport_fastrtps_c.c
[0.832s] Listing '/usr/local/google/home/kbalasundar/aic_ws/src/aic/install/aic_task_interfaces/lib/python3.12/site-packages/aic_task_interfaces'...
[0.832s] Listing '/usr/local/google/home/kbalasundar/aic_ws/src/aic/install/aic_task_interfaces/lib/python3.12/site-packages/aic_task_interfaces/action'...
[0.832s] Listing '/usr/local/google/home/kbalasundar/aic_ws/src/aic/install/aic_task_interfaces/lib/python3.12/site-packages/aic_task_interfaces/msg'...
[0.838s] -- Up-to-date: /usr/local/google/home/kbalasundar/aic_ws/src/aic/install/aic_task_interfaces/lib/python3.12/site-packages/aic_task_interfaces/aic_task_interfaces_s__rosidl_typesupport_fastrtps_c.so
[0.839s] -- Up-to-date: /usr/local/google/home/kbalasundar/aic_ws/src/aic/install/aic_task_interfaces/lib/python3.12/site-packages/aic_task_interfaces/aic_task_interfaces_s__rosidl_typesupport_introspection_c.so
[0.840s] -- Up-to-date: /usr/local/google/home/kbalasundar/aic_ws/src/aic/install/aic_task_interfaces/lib/python3.12/site-packages/aic_task_interfaces/aic_task_interfaces_s__rosidl_typesupport_c.so
[0.840s] -- Up-to-date: /usr/local/google/home/kbalasundar/aic_ws/src/aic/install/aic_task_interfaces/lib/libaic_task_interfaces__rosidl_generator_py.so
[0.841s] -- Up-to-date: /usr/local/google/home/kbalasundar/aic_ws/src/aic/install/aic_task_interfaces/share/aic_task_interfaces/msg/Task.idl
[0.841s] -- Up-to-date: /usr/local/google/home/kbalasundar/aic_ws/src/aic/install/aic_task_interfaces/share/aic_task_interfaces/action/InsertCable.idl
[0.841s] -- Up-to-date: /usr/local/google/home/kbalasundar/aic_ws/src/aic/install/aic_task_interfaces/share/aic_task_interfaces/msg/Task.msg
[0.841s] -- Up-to-date: /usr/local/google/home/kbalasundar/aic_ws/src/aic/install/aic_task_interfaces/share/aic_task_interfaces/action/InsertCable.action
[0.841s] -- Up-to-date: /usr/local/google/home/kbalasundar/aic_ws/src/aic/install/aic_task_interfaces/share/ament_index/resource_index/package_run_dependencies/aic_task_interfaces
[0.841s] -- Up-to-date: /usr/local/google/home/kbalasundar/aic_ws/src/aic/install/aic_task_interfaces/share/ament_index/resource_index/parent_prefix_path/aic_task_interfaces
[0.842s] -- Up-to-date: /usr/local/google/home/kbalasundar/aic_ws/src/aic/install/aic_task_interfaces/share/aic_task_interfaces/environment/ament_prefix_path.sh
[0.842s] -- Up-to-date: /usr/local/google/home/kbalasundar/aic_ws/src/aic/install/aic_task_interfaces/share/aic_task_interfaces/environment/ament_prefix_path.dsv
[0.842s] -- Up-to-date: /usr/local/google/home/kbalasundar/aic_ws/src/aic/install/aic_task_interfaces/share/aic_task_interfaces/environment/path.sh
[0.842s] -- Up-to-date: /usr/local/google/home/kbalasundar/aic_ws/src/aic/install/aic_task_interfaces/share/aic_task_interfaces/environment/path.dsv
[0.842s] -- Up-to-date: /usr/local/google/home/kbalasundar/aic_ws/src/aic/install/aic_task_interfaces/share/aic_task_interfaces/local_setup.bash
[0.842s] -- Up-to-date: /usr/local/google/home/kbalasundar/aic_ws/src/aic/install/aic_task_interfaces/share/aic_task_interfaces/local_setup.sh
[0.842s] -- Up-to-date: /usr/local/google/home/kbalasundar/aic_ws/src/aic/install/aic_task_interfaces/share/aic_task_interfaces/local_setup.zsh
[0.842s] -- Up-to-date: /usr/local/google/home/kbalasundar/aic_ws/src/aic/install/aic_task_interfaces/share/aic_task_interfaces/local_setup.dsv
[0.842s] -- Installing: /usr/local/google/home/kbalasundar/aic_ws/src/aic/install/aic_task_interfaces/share/aic_task_interfaces/package.dsv
[0.844s] -- Up-to-date: /usr/local/google/home/kbalasundar/aic_ws/src/aic/install/aic_task_interfaces/share/ament_index/resource_index/packages/aic_task_interfaces
[0.844s] -- Up-to-date: /usr/local/google/home/kbalasundar/aic_ws/src/aic/install/aic_task_interfaces/share/aic_task_interfaces/cmake/export_aic_task_interfaces__rosidl_generator_cExport.cmake
[0.844s] -- Up-to-date: /usr/local/google/home/kbalasundar/aic_ws/src/aic/install/aic_task_interfaces/share/aic_task_interfaces/cmake/export_aic_task_interfaces__rosidl_generator_cExport-noconfig.cmake
[0.844s] -- Up-to-date: /usr/local/google/home/kbalasundar/aic_ws/src/aic/install/aic_task_interfaces/share/aic_task_interfaces/cmake/export_aic_task_interfaces__rosidl_typesupport_fastrtps_cExport.cmake
[0.844s] -- Up-to-date: /usr/local/google/home/kbalasundar/aic_ws/src/aic/install/aic_task_interfaces/share/aic_task_interfaces/cmake/export_aic_task_interfaces__rosidl_typesupport_fastrtps_cExport-noconfig.cmake
[0.844s] -- Up-to-date: /usr/local/google/home/kbalasundar/aic_ws/src/aic/install/aic_task_interfaces/share/aic_task_interfaces/cmake/export_aic_task_interfaces__rosidl_generator_cppExport.cmake
[0.845s] -- Up-to-date: /usr/local/google/home/kbalasundar/aic_ws/src/aic/install/aic_task_interfaces/share/aic_task_interfaces/cmake/export_aic_task_interfaces__rosidl_typesupport_fastrtps_cppExport.cmake
[0.845s] -- Up-to-date: /usr/local/google/home/kbalasundar/aic_ws/src/aic/install/aic_task_interfaces/share/aic_task_interfaces/cmake/export_aic_task_interfaces__rosidl_typesupport_fastrtps_cppExport-noconfig.cmake
[0.845s] -- Up-to-date: /usr/local/google/home/kbalasundar/aic_ws/src/aic/install/aic_task_interfaces/share/aic_task_interfaces/cmake/aic_task_interfaces__rosidl_typesupport_introspection_cExport.cmake
[0.845s] -- Up-to-date: /usr/local/google/home/kbalasundar/aic_ws/src/aic/install/aic_task_interfaces/share/aic_task_interfaces/cmake/aic_task_interfaces__rosidl_typesupport_introspection_cExport-noconfig.cmake
[0.845s] -- Up-to-date: /usr/local/google/home/kbalasundar/aic_ws/src/aic/install/aic_task_interfaces/share/aic_task_interfaces/cmake/aic_task_interfaces__rosidl_typesupport_cExport.cmake
[0.845s] -- Up-to-date: /usr/local/google/home/kbalasundar/aic_ws/src/aic/install/aic_task_interfaces/share/aic_task_interfaces/cmake/aic_task_interfaces__rosidl_typesupport_cExport-noconfig.cmake
[0.846s] -- Up-to-date: /usr/local/google/home/kbalasundar/aic_ws/src/aic/install/aic_task_interfaces/share/aic_task_interfaces/cmake/aic_task_interfaces__rosidl_typesupport_introspection_cppExport.cmake
[0.846s] -- Up-to-date: /usr/local/google/home/kbalasundar/aic_ws/src/aic/install/aic_task_interfaces/share/aic_task_interfaces/cmake/aic_task_interfaces__rosidl_typesupport_introspection_cppExport-noconfig.cmake
[0.846s] -- Up-to-date: /usr/local/google/home/kbalasundar/aic_ws/src/aic/install/aic_task_interfaces/share/aic_task_interfaces/cmake/aic_task_interfaces__rosidl_typesupport_cppExport.cmake
[0.846s] -- Up-to-date: /usr/local/google/home/kbalasundar/aic_ws/src/aic/install/aic_task_interfaces/share/aic_task_interfaces/cmake/aic_task_interfaces__rosidl_typesupport_cppExport-noconfig.cmake
[0.846s] -- Up-to-date: /usr/local/google/home/kbalasundar/aic_ws/src/aic/install/aic_task_interfaces/share/aic_task_interfaces/cmake/export_aic_task_interfaces__rosidl_generator_pyExport.cmake
[0.846s] -- Up-to-date: /usr/local/google/home/kbalasundar/aic_ws/src/aic/install/aic_task_interfaces/share/aic_task_interfaces/cmake/export_aic_task_interfaces__rosidl_generator_pyExport-noconfig.cmake
[0.847s] -- Up-to-date: /usr/local/google/home/kbalasundar/aic_ws/src/aic/install/aic_task_interfaces/share/aic_task_interfaces/cmake/rosidl_cmake-extras.cmake
[0.847s] -- Up-to-date: /usr/local/google/home/kbalasundar/aic_ws/src/aic/install/aic_task_interfaces/share/aic_task_interfaces/cmake/ament_cmake_export_dependencies-extras.cmake
[0.847s] -- Up-to-date: /usr/local/google/home/kbalasundar/aic_ws/src/aic/install/aic_task_interfaces/share/aic_task_interfaces/cmake/ament_cmake_export_include_directories-extras.cmake
[0.847s] -- Up-to-date: /usr/local/google/home/kbalasundar/aic_ws/src/aic/install/aic_task_interfaces/share/aic_task_interfaces/cmake/ament_cmake_export_libraries-extras.cmake
[0.847s] -- Up-to-date: /usr/local/google/home/kbalasundar/aic_ws/src/aic/install/aic_task_interfaces/share/aic_task_interfaces/cmake/ament_cmake_export_targets-extras.cmake
[0.847s] -- Up-to-date: /usr/local/google/home/kbalasundar/aic_ws/src/aic/install/aic_task_interfaces/share/aic_task_interfaces/cmake/rosidl_cmake_export_typesupport_targets-extras.cmake
[0.847s] -- Up-to-date: /usr/local/google/home/kbalasundar/aic_ws/src/aic/install/aic_task_interfaces/share/aic_task_interfaces/cmake/rosidl_cmake_export_typesupport_libraries-extras.cmake
[0.847s] -- Up-to-date: /usr/local/google/home/kbalasundar/aic_ws/src/aic/install/aic_task_interfaces/share/aic_task_interfaces/cmake/aic_task_interfacesConfig.cmake
[0.847s] -- Up-to-date: /usr/local/google/home/kbalasundar/aic_ws/src/aic/install/aic_task_interfaces/share/aic_task_interfaces/cmake/aic_task_interfacesConfig-version.cmake
[0.848s] -- Up-to-date: /usr/local/google/home/kbalasundar/aic_ws/src/aic/install/aic_task_interfaces/share/aic_task_interfaces/package.xml
[0.850s] Invoked command in '/usr/local/google/home/kbalasundar/aic_ws/src/aic/build/aic_task_interfaces' returned '0': CMAKE_PREFIX_PATH=${CMAKE_PREFIX_PATH}:/opt/ros/kilted DEBUGINFOD_URLS=https://debuginfod.debian.net /usr/bin/cmake --install /usr/local/google/home/kbalasundar/aic_ws/src/aic/build/aic_task_interfaces
