[0.023s] Invoking command in '/usr/local/google/home/kbalasundar/aic_ws/src/aic/build/aic_task_interfaces': CMAKE_PREFIX_PATH=${CMAKE_PREFIX_PATH}:/opt/ros/kilted DEBUGINFOD_URLS=https://debuginfod.debian.net /usr/bin/cmake --build /usr/local/google/home/kbalasundar/aic_ws/src/aic/build/aic_task_interfaces -- -j64 -l64
[0.148s] [  2%] Built target aic_task_interfaces__rosidl_generator_type_description
[0.182s] [  2%] Built target ament_cmake_python_copy_aic_task_interfaces
[0.201s] [  4%] Built target aic_task_interfaces__cpp
[0.211s] [ 22%] Built target aic_task_interfaces__rosidl_generator_c
[0.273s] [ 38%] Built target aic_task_interfaces__rosidl_typesupport_introspection_c
[0.274s] [ 40%] Built target aic_task_interfaces__rosidl_typesupport_c
[0.279s] [ 59%] Built target aic_task_interfaces__rosidl_typesupport_cpp
[0.279s] [ 59%] Built target aic_task_interfaces__rosidl_typesupport_fastrtps_c
[0.282s] [ 77%] Built target aic_task_interfaces__rosidl_typesupport_introspection_cpp
[0.282s] [ 77%] Built target aic_task_interfaces__rosidl_typesupport_fastrtps_cpp
[0.331s] [ 77%] Built target aic_task_interfaces
[0.383s] [ 79%] Built target aic_task_interfaces__py
[0.450s] [ 86%] Built target aic_task_interfaces__rosidl_generator_py
[0.512s] [ 93%] Built target aic_task_interfaces_s__rosidl_typesupport_fastrtps_c
[0.512s] [ 97%] Built target aic_task_interfaces_s__rosidl_typesupport_c
[0.513s] [100%] Built target aic_task_interfaces_s__rosidl_typesupport_introspection_c
[0.515s] running egg_info
[0.549s] writing aic_task_interfaces.egg-info/PKG-INFO
[0.549s] writing dependency_links to aic_task_interfaces.egg-info/dependency_links.txt
[0.550s] writing top-level names to aic_task_interfaces.egg-info/top_level.txt
[0.649s] reading manifest file 'aic_task_interfaces.egg-info/SOURCES.txt'
[0.650s] writing manifest file 'aic_task_interfaces.egg-info/SOURCES.txt'
[0.692s] [100%] Built target ament_cmake_python_build_aic_task_interfaces_egg
[0.718s] Invoked command in '/usr/local/google/home/kbalasundar/aic_ws/src/aic/build/aic_task_interfaces' returned '0': CMAKE_PREFIX_PATH=${CMAKE_PREFIX_PATH}:/opt/ros/kilted DEBUGINFOD_URLS=https://debuginfod.debian.net /usr/bin/cmake --build /usr/local/google/home/kbalasundar/aic_ws/src/aic/build/aic_task_interfaces -- -j64 -l64
[0.740s] Invoking command in '/usr/local/google/home/kbalasundar/aic_ws/src/aic/build/aic_task_interfaces': CMAKE_PREFIX_PATH=${CMAKE_PREFIX_PATH}:/opt/ros/kilted DEBUGINFOD_URLS=https://debuginfod.debian.net /usr/bin/cmake --install /usr/local/google/home/kbalasundar/aic_ws/src/aic/build/aic_task_interfaces
[0.759s] -- Install configuration: ""
[0.759s] -- Up-to-date: /usr/local/google/home/kbalasundar/aic_ws/src/aic/install/aic_task_interfaces/share/ament_index/resource_index/rosidl_interfaces/aic_task_interfaces
[0.759s] -- Up-to-date: /usr/local/google/home/kbalasundar/aic_ws/src/aic/install/aic_task_interfaces/share/aic_task_interfaces/msg/Task.json
[0.759s] -- Up-to-date: /usr/local/google/home/kbalasundar/aic_ws/src/aic/install/aic_task_interfaces/share/aic_task_interfaces/action/InsertCable.json
[0.760s] -- Up-to-date: /usr/local/google/home/kbalasundar/aic_ws/src/aic/install/aic_task_interfaces/include/aic_task_interfaces/aic_task_interfaces
[0.760s] -- Up-to-date: /usr/local/google/home/kbalasundar/aic_ws/src/aic/install/aic_task_interfaces/include/aic_task_interfaces/aic_task_interfaces/msg
[0.760s] -- Up-to-date: /usr/local/google/home/kbalasundar/aic_ws/src/aic/install/aic_task_interfaces/include/aic_task_interfaces/aic_task_interfaces/msg/detail
[0.760s] -- Up-to-date: /usr/local/google/home/kbalasundar/aic_ws/src/aic/install/aic_task_interfaces/include/aic_task_interfaces/aic_task_interfaces/msg/detail/task__functions.h
[0.760s] -- Up-to-date: /usr/local/google/home/kbalasundar/aic_ws/src/aic/install/aic_task_interfaces/include/aic_task_interfaces/aic_task_interfaces/msg/detail/task__description.c
[0.760s] -- Up-to-date: /usr/local/google/home/kbalasundar/aic_ws/src/aic/install/aic_task_interfaces/include/aic_task_interfaces/aic_task_interfaces/msg/detail/task__functions.c
[0.761s] -- Up-to-date: /usr/local/google/home/kbalasundar/aic_ws/src/aic/install/aic_task_interfaces/include/aic_task_interfaces/aic_task_interfaces/msg/detail/task__type_support.c
[0.761s] -- Up-to-date: /usr/local/google/home/kbalasundar/aic_ws/src/aic/install/aic_task_interfaces/include/aic_task_interfaces/aic_task_interfaces/msg/detail/task__type_support.h
[0.761s] -- Up-to-date: /usr/local/google/home/kbalasundar/aic_ws/src/aic/install/aic_task_interfaces/include/aic_task_interfaces/aic_task_interfaces/msg/detail/task__struct.h
[0.761s] -- Up-to-date: /usr/local/google/home/kbalasundar/aic_ws/src/aic/install/aic_task_interfaces/include/aic_task_interfaces/aic_task_interfaces/msg/task.h
[0.761s] -- Up-to-date: /usr/local/google/home/kbalasundar/aic_ws/src/aic/install/aic_task_interfaces/include/aic_task_interfaces/aic_task_interfaces/msg/rosidl_generator_c__visibility_control.h
[0.761s] -- Up-to-date: /usr/local/google/home/kbalasundar/aic_ws/src/aic/install/aic_task_interfaces/include/aic_task_interfaces/aic_task_interfaces/action
[0.761s] -- Up-to-date: /usr/local/google/home/kbalasundar/aic_ws/src/aic/install/aic_task_interfaces/include/aic_task_interfaces/aic_task_interfaces/action/detail
[0.761s] -- Up-to-date: /usr/local/google/home/kbalasundar/aic_ws/src/aic/install/aic_task_interfaces/include/aic_task_interfaces/aic_task_interfaces/action/detail/insert_cable__functions.c
[0.761s] -- Up-to-date: /usr/local/google/home/kbalasundar/aic_ws/src/aic/install/aic_task_interfaces/include/aic_task_interfaces/aic_task_interfaces/action/detail/insert_cable__description.c
[0.761s] -- Up-to-date: /usr/local/google/home/kbalasundar/aic_ws/src/aic/install/aic_task_interfaces/include/aic_task_interfaces/aic_task_interfaces/action/detail/insert_cable__type_support.h
[0.762s] -- Up-to-date: /usr/local/google/home/kbalasundar/aic_ws/src/aic/install/aic_task_interfaces/include/aic_task_interfaces/aic_task_interfaces/action/detail/insert_cable__struct.h
[0.762s] -- Up-to-date: /usr/local/google/home/kbalasundar/aic_ws/src/aic/install/aic_task_interfaces/include/aic_task_interfaces/aic_task_interfaces/action/detail/insert_cable__functions.h
[0.762s] -- Up-to-date: /usr/local/google/home/kbalasundar/aic_ws/src/aic/install/aic_task_interfaces/include/aic_task_interfaces/aic_task_interfaces/action/detail/insert_cable__type_support.c
[0.762s] -- Up-to-date: /usr/local/google/home/kbalasundar/aic_ws/src/aic/install/aic_task_interfaces/include/aic_task_interfaces/aic_task_interfaces/action/insert_cable.h
[0.762s] -- Up-to-date: /usr/local/google/home/kbalasundar/aic_ws/src/aic/install/aic_task_interfaces/share/aic_task_interfaces/environment/library_path.sh
[0.762s] -- Up-to-date: /usr/local/google/home/kbalasundar/aic_ws/src/aic/install/aic_task_interfaces/share/aic_task_interfaces/environment/library_path.dsv
[0.762s] -- Up-to-date: /usr/local/google/home/kbalasundar/aic_ws/src/aic/install/aic_task_interfaces/lib/libaic_task_interfaces__rosidl_generator_c.so
[0.762s] -- Up-to-date: /usr/local/google/home/kbalasundar/aic_ws/src/aic/install/aic_task_interfaces/include/aic_task_interfaces/aic_task_interfaces
[0.762s] -- Up-to-date: /usr/local/google/home/kbalasundar/aic_ws/src/aic/install/aic_task_interfaces/include/aic_task_interfaces/aic_task_interfaces/msg
[0.763s] -- Up-to-date: /usr/local/google/home/kbalasundar/aic_ws/src/aic/install/aic_task_interfaces/include/aic_task_interfaces/aic_task_interfaces/msg/detail
[0.763s] -- Up-to-date: /usr/local/google/home/kbalasundar/aic_ws/src/aic/install/aic_task_interfaces/include/aic_task_interfaces/aic_task_interfaces/msg/detail/task__rosidl_typesupport_fastrtps_c.h
[0.763s] -- Up-to-date: /usr/local/google/home/kbalasundar/aic_ws/src/aic/install/aic_task_interfaces/include/aic_task_interfaces/aic_task_interfaces/msg/rosidl_typesupport_fastrtps_c__visibility_control.h
[0.763s] -- Up-to-date: /usr/local/google/home/kbalasundar/aic_ws/src/aic/install/aic_task_interfaces/include/aic_task_interfaces/aic_task_interfaces/action
[0.763s] -- Up-to-date: /usr/local/google/home/kbalasundar/aic_ws/src/aic/install/aic_task_interfaces/include/aic_task_interfaces/aic_task_interfaces/action/detail
[0.763s] -- Up-to-date: /usr/local/google/home/kbalasundar/aic_ws/src/aic/install/aic_task_interfaces/include/aic_task_interfaces/aic_task_interfaces/action/detail/insert_cable__rosidl_typesupport_fastrtps_c.h
[0.763s] -- Up-to-date: /usr/local/google/home/kbalasundar/aic_ws/src/aic/install/aic_task_interfaces/lib/libaic_task_interfaces__rosidl_typesupport_fastrtps_c.so
[0.763s] -- Up-to-date: /usr/local/google/home/kbalasundar/aic_ws/src/aic/install/aic_task_interfaces/include/aic_task_interfaces/aic_task_interfaces
[0.764s] -- Up-to-date: /usr/local/google/home/kbalasundar/aic_ws/src/aic/install/aic_task_interfaces/include/aic_task_interfaces/aic_task_interfaces/msg
[0.764s] -- Up-to-date: /usr/local/google/home/kbalasundar/aic_ws/src/aic/install/aic_task_interfaces/include/aic_task_interfaces/aic_task_interfaces/msg/detail
[0.764s] -- Up-to-date: /usr/local/google/home/kbalasundar/aic_ws/src/aic/install/aic_task_interfaces/include/aic_task_interfaces/aic_task_interfaces/msg/detail/task__traits.hpp
[0.764s] -- Up-to-date: /usr/local/google/home/kbalasundar/aic_ws/src/aic/install/aic_task_interfaces/include/aic_task_interfaces/aic_task_interfaces/msg/detail/task__builder.hpp
[0.764s] -- Up-to-date: /usr/local/google/home/kbalasundar/aic_ws/src/aic/install/aic_task_interfaces/include/aic_task_interfaces/aic_task_interfaces/msg/detail/task__struct.hpp
[0.764s] -- Up-to-date: /usr/local/google/home/kbalasundar/aic_ws/src/aic/install/aic_task_interfaces/include/aic_task_interfaces/aic_task_interfaces/msg/detail/task__type_support.hpp
[0.765s] -- Up-to-date: /usr/local/google/home/kbalasundar/aic_ws/src/aic/install/aic_task_interfaces/include/aic_task_interfaces/aic_task_interfaces/msg/rosidl_generator_cpp__visibility_control.hpp
[0.765s] -- Up-to-date: /usr/local/google/home/kbalasundar/aic_ws/src/aic/install/aic_task_interfaces/include/aic_task_interfaces/aic_task_interfaces/msg/task.hpp
[0.765s] -- Up-to-date: /usr/local/google/home/kbalasundar/aic_ws/src/aic/install/aic_task_interfaces/include/aic_task_interfaces/aic_task_interfaces/action
[0.765s] -- Up-to-date: /usr/local/google/home/kbalasundar/aic_ws/src/aic/install/aic_task_interfaces/include/aic_task_interfaces/aic_task_interfaces/action/detail
[0.765s] -- Up-to-date: /usr/local/google/home/kbalasundar/aic_ws/src/aic/install/aic_task_interfaces/include/aic_task_interfaces/aic_task_interfaces/action/detail/insert_cable__type_support.hpp
[0.765s] -- Up-to-date: /usr/local/google/home/kbalasundar/aic_ws/src/aic/install/aic_task_interfaces/include/aic_task_interfaces/aic_task_interfaces/action/detail/insert_cable__traits.hpp
[0.765s] -- Up-to-date: /usr/local/google/home/kbalasundar/aic_ws/src/aic/install/aic_task_interfaces/include/aic_task_interfaces/aic_task_interfaces/action/detail/insert_cable__struct.hpp
[0.765s] -- Up-to-date: /usr/local/google/home/kbalasundar/aic_ws/src/aic/install/aic_task_interfaces/include/aic_task_interfaces/aic_task_interfaces/action/detail/insert_cable__builder.hpp
[0.765s] -- Up-to-date: /usr/local/google/home/kbalasundar/aic_ws/src/aic/install/aic_task_interfaces/include/aic_task_interfaces/aic_task_interfaces/action/insert_cable.hpp
[0.766s] -- Up-to-date: /usr/local/google/home/kbalasundar/aic_ws/src/aic/install/aic_task_interfaces/include/aic_task_interfaces/aic_task_interfaces
[0.766s] -- Up-to-date: /usr/local/google/home/kbalasundar/aic_ws/src/aic/install/aic_task_interfaces/include/aic_task_interfaces/aic_task_interfaces/msg
[0.766s] -- Up-to-date: /usr/local/google/home/kbalasundar/aic_ws/src/aic/install/aic_task_interfaces/include/aic_task_interfaces/aic_task_interfaces/msg/detail
[0.766s] -- Up-to-date: /usr/local/google/home/kbalasundar/aic_ws/src/aic/install/aic_task_interfaces/include/aic_task_interfaces/aic_task_interfaces/msg/detail/task__rosidl_typesupport_fastrtps_cpp.hpp
[0.766s] -- Up-to-date: /usr/local/google/home/kbalasundar/aic_ws/src/aic/install/aic_task_interfaces/include/aic_task_interfaces/aic_task_interfaces/msg/detail/dds_fastrtps
[0.766s] -- Up-to-date: /usr/local/google/home/kbalasundar/aic_ws/src/aic/install/aic_task_interfaces/include/aic_task_interfaces/aic_task_interfaces/msg/rosidl_typesupport_fastrtps_cpp__visibility_control.h
[0.766s] -- Up-to-date: /usr/local/google/home/kbalasundar/aic_ws/src/aic/install/aic_task_interfaces/include/aic_task_interfaces/aic_task_interfaces/action
[0.766s] -- Up-to-date: /usr/local/google/home/kbalasundar/aic_ws/src/aic/install/aic_task_interfaces/include/aic_task_interfaces/aic_task_interfaces/action/detail
[0.767s] -- Up-to-date: /usr/local/google/home/kbalasundar/aic_ws/src/aic/install/aic_task_interfaces/include/aic_task_interfaces/aic_task_interfaces/action/detail/insert_cable__rosidl_typesupport_fastrtps_cpp.hpp
[0.767s] -- Up-to-date: /usr/local/google/home/kbalasundar/aic_ws/src/aic/install/aic_task_interfaces/include/aic_task_interfaces/aic_task_interfaces/action/detail/dds_fastrtps
[0.767s] -- Up-to-date: /usr/local/google/home/kbalasundar/aic_ws/src/aic/install/aic_task_interfaces/lib/libaic_task_interfaces__rosidl_typesupport_fastrtps_cpp.so
[0.767s] -- Up-to-date: /usr/local/google/home/kbalasundar/aic_ws/src/aic/install/aic_task_interfaces/include/aic_task_interfaces/aic_task_interfaces
[0.767s] -- Up-to-date: /usr/local/google/home/kbalasundar/aic_ws/src/aic/install/aic_task_interfaces/include/aic_task_interfaces/aic_task_interfaces/msg
[0.767s] -- Up-to-date: /usr/local/google/home/kbalasundar/aic_ws/src/aic/install/aic_task_interfaces/include/aic_task_interfaces/aic_task_interfaces/msg/detail
[0.767s] -- Up-to-date: /usr/local/google/home/kbalasundar/aic_ws/src/aic/install/aic_task_interfaces/include/aic_task_interfaces/aic_task_interfaces/msg/detail/task__rosidl_typesupport_introspection_c.h
[0.767s] -- Up-to-date: /usr/local/google/home/kbalasundar/aic_ws/src/aic/install/aic_task_interfaces/include/aic_task_interfaces/aic_task_interfaces/msg/detail/task__type_support.c
[0.767s] -- Up-to-date: /usr/local/google/home/kbalasundar/aic_ws/src/aic/install/aic_task_interfaces/include/aic_task_interfaces/aic_task_interfaces/msg/rosidl_typesupport_introspection_c__visibility_control.h
[0.768s] -- Up-to-date: /usr/local/google/home/kbalasundar/aic_ws/src/aic/install/aic_task_interfaces/include/aic_task_interfaces/aic_task_interfaces/action
[0.768s] -- Up-to-date: /usr/local/google/home/kbalasundar/aic_ws/src/aic/install/aic_task_interfaces/include/aic_task_interfaces/aic_task_interfaces/action/detail
[0.768s] -- Up-to-date: /usr/local/google/home/kbalasundar/aic_ws/src/aic/install/aic_task_interfaces/include/aic_task_interfaces/aic_task_interfaces/action/detail/insert_cable__rosidl_typesupport_introspection_c.h
[0.768s] -- Up-to-date: /usr/local/google/home/kbalasundar/aic_ws/src/aic/install/aic_task_interfaces/include/aic_task_interfaces/aic_task_interfaces/action/detail/insert_cable__type_support.c
[0.768s] -- Up-to-date: /usr/local/google/home/kbalasundar/aic_ws/src/aic/install/aic_task_interfaces/lib/libaic_task_interfaces__rosidl_typesupport_introspection_c.so
[0.768s] -- Up-to-date: /usr/local/google/home/kbalasundar/aic_ws/src/aic/install/aic_task_interfaces/lib/libaic_task_interfaces__rosidl_typesupport_c.so
[0.768s] -- Up-to-date: /usr/local/google/home/kbalasundar/aic_ws/src/aic/install/aic_task_interfaces/include/aic_task_interfaces/aic_task_interfaces
[0.768s] -- Up-to-date: /usr/local/google/home/kbalasundar/aic_ws/src/aic/install/aic_task_interfaces/include/aic_task_interfaces/aic_task_interfaces/msg
[0.769s] -- Up-to-date: /usr/local/google/home/kbalasundar/aic_ws/src/aic/install/aic_task_interfaces/include/aic_task_interfaces/aic_task_interfaces/msg/detail
[0.769s] -- Up-to-date: /usr/local/google/home/kbalasundar/aic_ws/src/aic/install/aic_task_interfaces/include/aic_task_interfaces/aic_task_interfaces/msg/detail/task__type_support.cpp
[0.769s] -- Up-to-date: /usr/local/google/home/kbalasundar/aic_ws/src/aic/install/aic_task_interfaces/include/aic_task_interfaces/aic_task_interfaces/msg/detail/task__rosidl_typesupport_introspection_cpp.hpp
[0.769s] -- Up-to-date: /usr/local/google/home/kbalasundar/aic_ws/src/aic/install/aic_task_interfaces/include/aic_task_interfaces/aic_task_interfaces/action
[0.769s] -- Up-to-date: /usr/local/google/home/kbalasundar/aic_ws/src/aic/install/aic_task_interfaces/include/aic_task_interfaces/aic_task_interfaces/action/detail
[0.769s] -- Up-to-date: /usr/local/google/home/kbalasundar/aic_ws/src/aic/install/aic_task_interfaces/include/aic_task_interfaces/aic_task_interfaces/action/detail/insert_cable__type_support.cpp
[0.769s] -- Up-to-date: /usr/local/google/home/kbalasundar/aic_ws/src/aic/install/aic_task_interfaces/include/aic_task_interfaces/aic_task_interfaces/action/detail/insert_cable__rosidl_typesupport_introspection_cpp.hpp
[0.769s] -- Up-to-date: /usr/local/google/home/kbalasundar/aic_ws/src/aic/install/aic_task_interfaces/lib/libaic_task_interfaces__rosidl_typesupport_introspection_cpp.so
[0.770s] -- Up-to-date: /usr/local/google/home/kbalasundar/aic_ws/src/aic/install/aic_task_interfaces/lib/libaic_task_interfaces__rosidl_typesupport_cpp.so
[0.771s] -- Up-to-date: /usr/local/google/home/kbalasundar/aic_ws/src/aic/install/aic_task_interfaces/share/aic_task_interfaces/environment/pythonpath.sh
[0.771s] -- Up-to-date: /usr/local/google/home/kbalasundar/aic_ws/src/aic/install/aic_task_interfaces/share/aic_task_interfaces/environment/pythonpath.dsv
[0.771s] -- Up-to-date: /usr/local/google/home/kbalasundar/aic_ws/src/aic/install/aic_task_interfaces/lib/python3.12/site-packages/aic_task_interfaces-0.0.1-py3.12.egg-info
[0.771s] -- Installing: /usr/local/google/home/kbalasundar/aic_ws/src/aic/install/aic_task_interfaces/lib/python3.12/site-packages/aic_task_interfaces-0.0.1-py3.12.egg-info/PKG-INFO
[0.772s] -- Installing: /usr/local/google/home/kbalasundar/aic_ws/src/aic/install/aic_task_interfaces/lib/python3.12/site-packages/aic_task_interfaces-0.0.1-py3.12.egg-info/top_level.txt
[0.774s] -- Installing: /usr/local/google/home/kbalasundar/aic_ws/src/aic/install/aic_task_interfaces/lib/python3.12/site-packages/aic_task_interfaces-0.0.1-py3.12.egg-info/SOURCES.txt
[0.775s] -- Installing: /usr/local/google/home/kbalasundar/aic_ws/src/aic/install/aic_task_interfaces/lib/python3.12/site-packages/aic_task_interfaces-0.0.1-py3.12.egg-info/dependency_links.txt
[0.776s] -- Up-to-date: /usr/local/google/home/kbalasundar/aic_ws/src/aic/install/aic_task_interfaces/lib/python3.12/site-packages/aic_task_interfaces
[0.776s] -- Up-to-date: /usr/local/google/home/kbalasundar/aic_ws/src/aic/install/aic_task_interfaces/lib/python3.12/site-packages/aic_task_interfaces/msg
[0.776s] -- Up-to-date: /usr/local/google/home/kbalasundar/aic_ws/src/aic/install/aic_task_interfaces/lib/python3.12/site-packages/aic_task_interfaces/msg/__init__.py
[0.776s] -- Up-to-date: /usr/local/google/home/kbalasundar/aic_ws/src/aic/install/aic_task_interfaces/lib/python3.12/site-packages/aic_task_interfaces/msg/_task.py
[0.777s] -- Up-to-date: /usr/local/google/home/kbalasundar/aic_ws/src/aic/install/aic_task_interfaces/lib/python3.12/site-packages/aic_task_interfaces/msg/_task_s.c
[0.777s] -- Up-to-date: /usr/local/google/home/kbalasundar/aic_ws/src/aic/install/aic_task_interfaces/lib/python3.12/site-packages/aic_task_interfaces/__init__.py
[0.777s] -- Up-to-date: /usr/local/google/home/kbalasundar/aic_ws/src/aic/install/aic_task_interfaces/lib/python3.12/site-packages/aic_task_interfaces/aic_task_interfaces_s__rosidl_typesupport_fastrtps_c.so
[0.777s] -- Up-to-date: /usr/local/google/home/kbalasundar/aic_ws/src/aic/install/aic_task_interfaces/lib/python3.12/site-packages/aic_task_interfaces/action
[0.777s] -- Up-to-date: /usr/local/google/home/kbalasundar/aic_ws/src/aic/install/aic_task_interfaces/lib/python3.12/site-packages/aic_task_interfaces/action/_insert_cable_s.c
[0.777s] -- Up-to-date: /usr/local/google/home/kbalasundar/aic_ws/src/aic/install/aic_task_interfaces/lib/python3.12/site-packages/aic_task_interfaces/action/__init__.py
[0.777s] -- Up-to-date: /usr/local/google/home/kbalasundar/aic_ws/src/aic/install/aic_task_interfaces/lib/python3.12/site-packages/aic_task_interfaces/action/_insert_cable.py
[0.777s] -- Up-to-date: /usr/local/google/home/kbalasundar/aic_ws/src/aic/install/aic_task_interfaces/lib/python3.12/site-packages/aic_task_interfaces/aic_task_interfaces_s__rosidl_typesupport_introspection_c.so
[0.777s] -- Up-to-date: /usr/local/google/home/kbalasundar/aic_ws/src/aic/install/aic_task_interfaces/lib/python3.12/site-packages/aic_task_interfaces/_aic_task_interfaces_s.ep.rosidl_typesupport_c.c
[0.778s] -- Up-to-date: /usr/local/google/home/kbalasundar/aic_ws/src/aic/install/aic_task_interfaces/lib/python3.12/site-packages/aic_task_interfaces/_aic_task_interfaces_s.ep.rosidl_typesupport_introspection_c.c
[0.778s] -- Up-to-date: /usr/local/google/home/kbalasundar/aic_ws/src/aic/install/aic_task_interfaces/lib/python3.12/site-packages/aic_task_interfaces/aic_task_interfaces_s__rosidl_typesupport_c.so
[0.778s] -- Up-to-date: /usr/local/google/home/kbalasundar/aic_ws/src/aic/install/aic_task_interfaces/lib/python3.12/site-packages/aic_task_interfaces/_aic_task_interfaces_s.ep.rosidl_typesupport_fastrtps_c.c
[0.824s] Listing '/usr/local/google/home/kbalasundar/aic_ws/src/aic/install/aic_task_interfaces/lib/python3.12/site-packages/aic_task_interfaces'...
[0.824s] Listing '/usr/local/google/home/kbalasundar/aic_ws/src/aic/install/aic_task_interfaces/lib/python3.12/site-packages/aic_task_interfaces/action'...
[0.824s] Listing '/usr/local/google/home/kbalasundar/aic_ws/src/aic/install/aic_task_interfaces/lib/python3.12/site-packages/aic_task_interfaces/msg'...
[0.830s] -- Up-to-date: /usr/local/google/home/kbalasundar/aic_ws/src/aic/install/aic_task_interfaces/lib/python3.12/site-packages/aic_task_interfaces/aic_task_interfaces_s__rosidl_typesupport_fastrtps_c.so
[0.830s] -- Up-to-date: /usr/local/google/home/kbalasundar/aic_ws/src/aic/install/aic_task_interfaces/lib/python3.12/site-packages/aic_task_interfaces/aic_task_interfaces_s__rosidl_typesupport_introspection_c.so
[0.831s] -- Up-to-date: /usr/local/google/home/kbalasundar/aic_ws/src/aic/install/aic_task_interfaces/lib/python3.12/site-packages/aic_task_interfaces/aic_task_interfaces_s__rosidl_typesupport_c.so
[0.832s] -- Up-to-date: /usr/local/google/home/kbalasundar/aic_ws/src/aic/install/aic_task_interfaces/lib/libaic_task_interfaces__rosidl_generator_py.so
[0.832s] -- Up-to-date: /usr/local/google/home/kbalasundar/aic_ws/src/aic/install/aic_task_interfaces/share/aic_task_interfaces/msg/Task.idl
[0.832s] -- Up-to-date: /usr/local/google/home/kbalasundar/aic_ws/src/aic/install/aic_task_interfaces/share/aic_task_interfaces/action/InsertCable.idl
[0.833s] -- Up-to-date: /usr/local/google/home/kbalasundar/aic_ws/src/aic/install/aic_task_interfaces/share/aic_task_interfaces/msg/Task.msg
[0.833s] -- Up-to-date: /usr/local/google/home/kbalasundar/aic_ws/src/aic/install/aic_task_interfaces/share/aic_task_interfaces/action/InsertCable.action
[0.833s] -- Up-to-date: /usr/local/google/home/kbalasundar/aic_ws/src/aic/install/aic_task_interfaces/share/ament_index/resource_index/package_run_dependencies/aic_task_interfaces
[0.833s] -- Up-to-date: /usr/local/google/home/kbalasundar/aic_ws/src/aic/install/aic_task_interfaces/share/ament_index/resource_index/parent_prefix_path/aic_task_interfaces
[0.833s] -- Up-to-date: /usr/local/google/home/kbalasundar/aic_ws/src/aic/install/aic_task_interfaces/share/aic_task_interfaces/environment/ament_prefix_path.sh
[0.833s] -- Up-to-date: /usr/local/google/home/kbalasundar/aic_ws/src/aic/install/aic_task_interfaces/share/aic_task_interfaces/environment/ament_prefix_path.dsv
[0.833s] -- Up-to-date: /usr/local/google/home/kbalasundar/aic_ws/src/aic/install/aic_task_interfaces/share/aic_task_interfaces/environment/path.sh
[0.834s] -- Up-to-date: /usr/local/google/home/kbalasundar/aic_ws/src/aic/install/aic_task_interfaces/share/aic_task_interfaces/environment/path.dsv
[0.834s] -- Up-to-date: /usr/local/google/home/kbalasundar/aic_ws/src/aic/install/aic_task_interfaces/share/aic_task_interfaces/local_setup.bash
[0.834s] -- Up-to-date: /usr/local/google/home/kbalasundar/aic_ws/src/aic/install/aic_task_interfaces/share/aic_task_interfaces/local_setup.sh
[0.834s] -- Up-to-date: /usr/local/google/home/kbalasundar/aic_ws/src/aic/install/aic_task_interfaces/share/aic_task_interfaces/local_setup.zsh
[0.834s] -- Up-to-date: /usr/local/google/home/kbalasundar/aic_ws/src/aic/install/aic_task_interfaces/share/aic_task_interfaces/local_setup.dsv
[0.834s] -- Installing: /usr/local/google/home/kbalasundar/aic_ws/src/aic/install/aic_task_interfaces/share/aic_task_interfaces/package.dsv
[0.835s] -- Up-to-date: /usr/local/google/home/kbalasundar/aic_ws/src/aic/install/aic_task_interfaces/share/ament_index/resource_index/packages/aic_task_interfaces
[0.835s] -- Up-to-date: /usr/local/google/home/kbalasundar/aic_ws/src/aic/install/aic_task_interfaces/share/aic_task_interfaces/cmake/export_aic_task_interfaces__rosidl_generator_cExport.cmake
[0.836s] -- Up-to-date: /usr/local/google/home/kbalasundar/aic_ws/src/aic/install/aic_task_interfaces/share/aic_task_interfaces/cmake/export_aic_task_interfaces__rosidl_generator_cExport-noconfig.cmake
[0.836s] -- Up-to-date: /usr/local/google/home/kbalasundar/aic_ws/src/aic/install/aic_task_interfaces/share/aic_task_interfaces/cmake/export_aic_task_interfaces__rosidl_typesupport_fastrtps_cExport.cmake
[0.836s] -- Up-to-date: /usr/local/google/home/kbalasundar/aic_ws/src/aic/install/aic_task_interfaces/share/aic_task_interfaces/cmake/export_aic_task_interfaces__rosidl_typesupport_fastrtps_cExport-noconfig.cmake
[0.836s] -- Up-to-date: /usr/local/google/home/kbalasundar/aic_ws/src/aic/install/aic_task_interfaces/share/aic_task_interfaces/cmake/export_aic_task_interfaces__rosidl_generator_cppExport.cmake
[0.836s] -- Up-to-date: /usr/local/google/home/kbalasundar/aic_ws/src/aic/install/aic_task_interfaces/share/aic_task_interfaces/cmake/export_aic_task_interfaces__rosidl_typesupport_fastrtps_cppExport.cmake
[0.836s] -- Up-to-date: /usr/local/google/home/kbalasundar/aic_ws/src/aic/install/aic_task_interfaces/share/aic_task_interfaces/cmake/export_aic_task_interfaces__rosidl_typesupport_fastrtps_cppExport-noconfig.cmake
[0.837s] -- Up-to-date: /usr/local/google/home/kbalasundar/aic_ws/src/aic/install/aic_task_interfaces/share/aic_task_interfaces/cmake/aic_task_interfaces__rosidl_typesupport_introspection_cExport.cmake
[0.837s] -- Up-to-date: /usr/local/google/home/kbalasundar/aic_ws/src/aic/install/aic_task_interfaces/share/aic_task_interfaces/cmake/aic_task_interfaces__rosidl_typesupport_introspection_cExport-noconfig.cmake
[0.837s] -- Up-to-date: /usr/local/google/home/kbalasundar/aic_ws/src/aic/install/aic_task_interfaces/share/aic_task_interfaces/cmake/aic_task_interfaces__rosidl_typesupport_cExport.cmake
[0.837s] -- Up-to-date: /usr/local/google/home/kbalasundar/aic_ws/src/aic/install/aic_task_interfaces/share/aic_task_interfaces/cmake/aic_task_interfaces__rosidl_typesupport_cExport-noconfig.cmake
[0.837s] -- Up-to-date: /usr/local/google/home/kbalasundar/aic_ws/src/aic/install/aic_task_interfaces/share/aic_task_interfaces/cmake/aic_task_interfaces__rosidl_typesupport_introspection_cppExport.cmake
[0.837s] -- Up-to-date: /usr/local/google/home/kbalasundar/aic_ws/src/aic/install/aic_task_interfaces/share/aic_task_interfaces/cmake/aic_task_interfaces__rosidl_typesupport_introspection_cppExport-noconfig.cmake
[0.837s] -- Up-to-date: /usr/local/google/home/kbalasundar/aic_ws/src/aic/install/aic_task_interfaces/share/aic_task_interfaces/cmake/aic_task_interfaces__rosidl_typesupport_cppExport.cmake
[0.838s] -- Up-to-date: /usr/local/google/home/kbalasundar/aic_ws/src/aic/install/aic_task_interfaces/share/aic_task_interfaces/cmake/aic_task_interfaces__rosidl_typesupport_cppExport-noconfig.cmake
[0.838s] -- Up-to-date: /usr/local/google/home/kbalasundar/aic_ws/src/aic/install/aic_task_interfaces/share/aic_task_interfaces/cmake/export_aic_task_interfaces__rosidl_generator_pyExport.cmake
[0.838s] -- Up-to-date: /usr/local/google/home/kbalasundar/aic_ws/src/aic/install/aic_task_interfaces/share/aic_task_interfaces/cmake/export_aic_task_interfaces__rosidl_generator_pyExport-noconfig.cmake
[0.838s] -- Up-to-date: /usr/local/google/home/kbalasundar/aic_ws/src/aic/install/aic_task_interfaces/share/aic_task_interfaces/cmake/rosidl_cmake-extras.cmake
[0.838s] -- Up-to-date: /usr/local/google/home/kbalasundar/aic_ws/src/aic/install/aic_task_interfaces/share/aic_task_interfaces/cmake/ament_cmake_export_dependencies-extras.cmake
[0.838s] -- Up-to-date: /usr/local/google/home/kbalasundar/aic_ws/src/aic/install/aic_task_interfaces/share/aic_task_interfaces/cmake/ament_cmake_export_include_directories-extras.cmake
[0.838s] -- Up-to-date: /usr/local/google/home/kbalasundar/aic_ws/src/aic/install/aic_task_interfaces/share/aic_task_interfaces/cmake/ament_cmake_export_libraries-extras.cmake
[0.839s] -- Up-to-date: /usr/local/google/home/kbalasundar/aic_ws/src/aic/install/aic_task_interfaces/share/aic_task_interfaces/cmake/ament_cmake_export_targets-extras.cmake
[0.839s] -- Up-to-date: /usr/local/google/home/kbalasundar/aic_ws/src/aic/install/aic_task_interfaces/share/aic_task_interfaces/cmake/rosidl_cmake_export_typesupport_targets-extras.cmake
[0.839s] -- Up-to-date: /usr/local/google/home/kbalasundar/aic_ws/src/aic/install/aic_task_interfaces/share/aic_task_interfaces/cmake/rosidl_cmake_export_typesupport_libraries-extras.cmake
[0.839s] -- Up-to-date: /usr/local/google/home/kbalasundar/aic_ws/src/aic/install/aic_task_interfaces/share/aic_task_interfaces/cmake/aic_task_interfacesConfig.cmake
[0.839s] -- Up-to-date: /usr/local/google/home/kbalasundar/aic_ws/src/aic/install/aic_task_interfaces/share/aic_task_interfaces/cmake/aic_task_interfacesConfig-version.cmake
[0.839s] -- Up-to-date: /usr/local/google/home/kbalasundar/aic_ws/src/aic/install/aic_task_interfaces/share/aic_task_interfaces/package.xml
[0.843s] Invoked command in '/usr/local/google/home/kbalasundar/aic_ws/src/aic/build/aic_task_interfaces' returned '0': CMAKE_PREFIX_PATH=${CMAKE_PREFIX_PATH}:/opt/ros/kilted DEBUGINFOD_URLS=https://debuginfod.debian.net /usr/bin/cmake --install /usr/local/google/home/kbalasundar/aic_ws/src/aic/build/aic_task_interfaces
