[ 25%] Built target insert_cable_skill_protos_desc
[ 33%] Built target insert_cable_skill_config
[ 58%] Built target insert_cable_skill_protos
[100%] Built target insert_cable_skill_main
-- Install configuration: ""
-- Up-to-date: /usr/local/google/home/kbalasundar/aic_ws/src/aic/install/aic_flowstate_skills/share/ament_index/resource_index/package_run_dependencies/aic_flowstate_skills
-- Up-to-date: /usr/local/google/home/kbalasundar/aic_ws/src/aic/install/aic_flowstate_skills/share/ament_index/resource_index/parent_prefix_path/aic_flowstate_skills
-- Up-to-date: /usr/local/google/home/kbalasundar/aic_ws/src/aic/install/aic_flowstate_skills/share/aic_flowstate_skills/environment/ament_prefix_path.sh
-- Up-to-date: /usr/local/google/home/kbalasundar/aic_ws/src/aic/install/aic_flowstate_skills/share/aic_flowstate_skills/environment/ament_prefix_path.dsv
-- Up-to-date: /usr/local/google/home/kbalasundar/aic_ws/src/aic/install/aic_flowstate_skills/share/aic_flowstate_skills/environment/path.sh
-- Up-to-date: /usr/local/google/home/kbalasundar/aic_ws/src/aic/install/aic_flowstate_skills/share/aic_flowstate_skills/environment/path.dsv
-- Up-to-date: /usr/local/google/home/kbalasundar/aic_ws/src/aic/install/aic_flowstate_skills/share/aic_flowstate_skills/local_setup.bash
-- Up-to-date: /usr/local/google/home/kbalasundar/aic_ws/src/aic/install/aic_flowstate_skills/share/aic_flowstate_skills/local_setup.sh
-- Up-to-date: /usr/local/google/home/kbalasundar/aic_ws/src/aic/install/aic_flowstate_skills/share/aic_flowstate_skills/local_setup.zsh
-- Up-to-date: /usr/local/google/home/kbalasundar/aic_ws/src/aic/install/aic_flowstate_skills/share/aic_flowstate_skills/local_setup.dsv
-- Installing: /usr/local/google/home/kbalasundar/aic_ws/src/aic/install/aic_flowstate_skills/share/aic_flowstate_skills/package.dsv
-- Up-to-date: /usr/local/google/home/kbalasundar/aic_ws/src/aic/install/aic_flowstate_skills/share/ament_index/resource_index/packages/aic_flowstate_skills
-- Up-to-date: /usr/local/google/home/kbalasundar/aic_ws/src/aic/install/aic_flowstate_skills/share/aic_flowstate_skills/cmake/aic_flowstate_skillsConfig.cmake
-- Up-to-date: /usr/local/google/home/kbalasundar/aic_ws/src/aic/install/aic_flowstate_skills/share/aic_flowstate_skills/cmake/aic_flowstate_skillsConfig-version.cmake
-- Up-to-date: /usr/local/google/home/kbalasundar/aic_ws/src/aic/install/aic_flowstate_skills/share/aic_flowstate_skills/package.xml
-- Up-to-date: /usr/local/google/home/kbalasundar/aic_ws/src/aic/install/aic_flowstate_skills/share/aic_flowstate_skills/insert_cable_skill.manifest.textproto
-- Up-to-date: /usr/local/google/home/kbalasundar/aic_ws/src/aic/install/aic_flowstate_skills/share/aic_flowstate_skills/insert_cable_skill.manifest.pbbin
-- Up-to-date: /usr/local/google/home/kbalasundar/aic_ws/src/aic/install/aic_flowstate_skills/share/aic_flowstate_skills/insert_cable_skill_config.pbbin
-- Up-to-date: /usr/local/google/home/kbalasundar/aic_ws/src/aic/install/aic_flowstate_skills/share/aic_flowstate_skills/insert_cable_skill_protos.desc
-- Up-to-date: /usr/local/google/home/kbalasundar/aic_ws/src/aic/install/aic_flowstate_skills/lib/aic_flowstate_skills/insert_cable_skill_main
