[0.024s] Invoking command in '/usr/local/google/home/kbalasundar/aic_ws/src/aic/build/aic_flowstate_skills': AMENT_PREFIX_PATH=/usr/local/google/home/kbalasundar/aic_ws/src/aic/install/aic_task_interfaces:${AMENT_PREFIX_PATH} CMAKE_PREFIX_PATH=/usr/local/google/home/kbalasundar/aic_ws/src/aic/install/aic_task_interfaces:/usr/local/google/home/kbalasundar/flowstate_ws/install/sdk_examples_ros_skills:/usr/local/google/home/kbalasundar/flowstate_ws/install/sdk_examples_ros_services:/usr/local/google/home/kbalasundar/flowstate_ws/install/intrinsic_sdk_ros:/usr/local/google/home/kbalasundar/flowstate_ws/install/intrinsic_sdk_cmake:/usr/local/google/home/kbalasundar/flowstate_ws/install/pybind11_protobuf_vendor:/usr/local/google/home/kbalasundar/flowstate_ws/install/pybind11_abseil_vendor:/usr/local/google/home/kbalasundar/flowstate_ws/install/ortools_vendor:/usr/local/google/home/kbalasundar/flowstate_ws/install/gz_transport_vendor/opt/gz_transport_vendor:/usr/local/google/home/kbalasundar/flowstate_ws/install/gz_transport_vendor:/usr/local/google/home/kbalasundar/flowstate_ws/install/gz_msgs_vendor/opt/gz_msgs_vendor:/usr/local/google/home/kbalasundar/flowstate_ws/install/gz_msgs_vendor:/usr/local/google/home/kbalasundar/flowstate_ws/install/grpc_vendor:/usr/local/google/home/kbalasundar/flowstate_ws/install/re2_vendor:/usr/local/google/home/kbalasundar/flowstate_ws/install/opencensus_cpp_vendor:/usr/local/google/home/kbalasundar/flowstate_ws/install/prometheus_cpp_vendor:/usr/local/google/home/kbalasundar/flowstate_ws/install/intrinsic_pybind11_vendor:/usr/local/google/home/kbalasundar/flowstate_ws/install/gz_math_vendor/opt/gz_math_vendor:/usr/local/google/home/kbalasundar/flowstate_ws/install/gz_math_vendor:/usr/local/google/home/kbalasundar/flowstate_ws/install/gz_utils_vendor/opt/gz_utils_vendor:/usr/local/google/home/kbalasundar/flowstate_ws/install/gz_utils_vendor:/usr/local/google/home/kbalasundar/flowstate_ws/install/gz_cmake_vendor/opt/gz_cmake_vendor:/usr/local/google/home/kbalasundar/flowstate_ws/install/gz_cmake_vendor:/usr/local/google/home/kbalasundar/flowstate_ws/install/flatbuffers_vendor:/usr/local/google/home/kbalasundar/flowstate_ws/install/eigen_vendor:/usr/local/google/home/kbalasundar/flowstate_ws/install/bazelisk_vendor:/usr/local/google/home/kbalasundar/flowstate_ws/install/abseil_cpp_vendor:/opt/ros/kilted/opt/sdformat_vendor:/opt/ros/kilted/opt/gz_math_vendor:/opt/ros/kilted/opt/gz_utils_vendor:/opt/ros/kilted/opt/gz_tools_vendor:/opt/ros/kilted/opt/gz_ogre_next_vendor:/opt/ros/kilted/opt/gz_dartsim_vendor:/opt/ros/kilted/opt/gz_cmake_vendor:/opt/ros/kilted DEBUGINFOD_URLS=https://debuginfod.debian.net LD_LIBRARY_PATH=/usr/local/google/home/kbalasundar/aic_ws/src/aic/install/aic_task_interfaces/lib:${LD_LIBRARY_PATH} PYTHONPATH=/usr/local/google/home/kbalasundar/aic_ws/src/aic/install/aic_task_interfaces/lib/python3.12/site-packages:${PYTHONPATH} /usr/bin/cmake --build /usr/local/google/home/kbalasundar/aic_ws/src/aic/build/aic_flowstate_skills -- -j64 -l64
[0.089s] -- Found aic_task_interfaces: 0.0.1 (/usr/local/google/home/kbalasundar/aic_ws/src/aic/install/aic_task_interfaces/share/aic_task_interfaces/cmake)
[0.399s] -- Found rosidl_generator_c: 4.9.6 (/opt/ros/kilted/share/rosidl_generator_c/cmake)
[0.412s] -- Found rosidl_generator_cpp: 4.9.6 (/opt/ros/kilted/share/rosidl_generator_cpp/cmake)
[0.429s] -- Using all available rosidl_typesupport_c: rosidl_typesupport_fastrtps_c;rosidl_typesupport_introspection_c
[0.450s] -- Using all available rosidl_typesupport_cpp: rosidl_typesupport_fastrtps_cpp;rosidl_typesupport_introspection_cpp
[0.557s] -- Found abseil_cpp_vendor: 0.1.0 (/usr/local/google/home/kbalasundar/flowstate_ws/install/abseil_cpp_vendor/share/abseil_cpp_vendor/cmake)
[0.557s] -- Found eigen_vendor: 0.1.0 (/usr/local/google/home/kbalasundar/flowstate_ws/install/eigen_vendor/share/eigen_vendor/cmake)
[0.558s] -- Found flatbuffers_vendor: 0.1.0 (/usr/local/google/home/kbalasundar/flowstate_ws/install/flatbuffers_vendor/share/flatbuffers_vendor/cmake)
[0.558s] -- Found grpc_vendor: 0.1.0 (/usr/local/google/home/kbalasundar/flowstate_ws/install/grpc_vendor/share/grpc_vendor/cmake)
[0.560s] -- Found gz_cmake_vendor: 0.1.0 (/usr/local/google/home/kbalasundar/flowstate_ws/install/gz_cmake_vendor/share/gz_cmake_vendor/cmake)
[0.560s] -- Found gz_math_vendor: 0.1.0 (/usr/local/google/home/kbalasundar/flowstate_ws/install/gz_math_vendor/share/gz_math_vendor/cmake)
[0.560s] -- Found gz_msgs_vendor: 0.1.0 (/usr/local/google/home/kbalasundar/flowstate_ws/install/gz_msgs_vendor/share/gz_msgs_vendor/cmake)
[0.561s] -- Found gz_utils_vendor: 0.1.0 (/usr/local/google/home/kbalasundar/flowstate_ws/install/gz_utils_vendor/share/gz_utils_vendor/cmake)
[0.561s] -- Found gz_transport_vendor: 0.1.0 (/usr/local/google/home/kbalasundar/flowstate_ws/install/gz_transport_vendor/share/gz_transport_vendor/cmake)
[0.561s] -- Found intrinsic_pybind11_vendor: 1.65.0 (/usr/local/google/home/kbalasundar/flowstate_ws/install/intrinsic_pybind11_vendor/share/intrinsic_pybind11_vendor/cmake)
[0.562s] -- Found pybind11_abseil_vendor: 1.65.0 (/usr/local/google/home/kbalasundar/flowstate_ws/install/pybind11_abseil_vendor/share/pybind11_abseil_vendor/cmake)
[0.562s] -- Found pybind11_protobuf_vendor: 1.65.0 (/usr/local/google/home/kbalasundar/flowstate_ws/install/pybind11_protobuf_vendor/share/pybind11_protobuf_vendor/cmake)
[0.563s] -- Found ortools_vendor: 0.1.0 (/usr/local/google/home/kbalasundar/flowstate_ws/install/ortools_vendor/share/ortools_vendor/cmake)
[0.563s] -- Found opencensus_cpp_vendor: 0.1.0 (/usr/local/google/home/kbalasundar/flowstate_ws/install/opencensus_cpp_vendor/share/opencensus_cpp_vendor/cmake)
[0.575s] -- Found RE2 via CMake.
[0.578s] -- Looking for gz-msgs11 -- found version 11.1.0
[0.586s] -- Searching for dependencies of gz-msgs11
[0.588s] -- Looking for gz-utils3 -- found version 3.1.1
[0.589s] -- Searching for dependencies of gz-utils3
[0.589s] -- Searching for <gz-utils3> component [cli]
[0.590s] -- Looking for gz-utils3-cli -- found version 3.1.1
[0.590s] -- Searching for dependencies of gz-utils3-cli
[0.591s] -- Looking for gz-math8 -- found version 8.2.0
[0.591s] -- Searching for dependencies of gz-math8
[0.592s] -- Looking for gz-utils3 -- found version 3.1.1
[0.600s] -- Checking for module 'tinyxml2'
[0.630s] --   Found tinyxml2, version 10.0.0
[0.694s] -- Looking for gz-transport14 -- found version 14.1.0
[0.694s] -- Searching for dependencies of gz-transport14
[0.749s] -- Config-file not installed for ZeroMQ -- checking for pkg-config
[0.757s] -- Checking for module 'libzmq >= 4'
[0.789s] --   Found libzmq, version 4.3.5
[0.898s] -- Checking for module 'uuid'
[0.930s] --   Found uuid, version 2.39.3
[1.000s] -- Looking for gz-utils3 -- found version 3.1.1
[1.001s] -- Looking for gz-msgs11 -- found version 11.1.0
[1.007s] -- Found pybind11: /usr/local/google/home/kbalasundar/flowstate_ws/install/intrinsic_pybind11_vendor/opt/intrinsic_pybind11_vendor/include (found version "2.13.6")
[1.225s] -- Found rclcpp: 29.5.6 (/opt/ros/kilted/share/rclcpp/cmake)
[1.278s] -- Found rmw_implementation_cmake: 7.8.2 (/opt/ros/kilted/share/rmw_implementation_cmake/cmake)
[1.281s] -- Found rmw_fastrtps_cpp: 9.3.3 (/opt/ros/kilted/share/rmw_fastrtps_cpp/cmake)
[1.344s] -- Using RMW implementation 'rmw_fastrtps_cpp' as default
[1.432s] -- Found rclcpp_action: 29.5.6 (/opt/ros/kilted/share/rclcpp_action/cmake)
[1.558s] -- Configuring done (1.5s)
[1.645s] -- Generating done (0.1s)
[1.666s] -- Build files have been written to: /usr/local/google/home/kbalasundar/aic_ws/src/aic/build/aic_flowstate_skills
[1.763s] [ 25%] Built target insert_cable_skill_protos_desc
[1.763s] [ 33%] Built target insert_cable_skill_config
[1.834s] [ 58%] Built target insert_cable_skill_protos
[1.916s] [ 66%] [32mBuilding CXX object insert_cable_skill/CMakeFiles/insert_cable_skill_main.dir/src/insert_cable_skill.cc.o[0m
[3.385s] /usr/local/google/home/kbalasundar/aic_ws/src/aic/flowstate/aic_flowstate_skills/insert_cable_skill/src/insert_cable_skill.cc:23:10: fatal error: insert_cable_skill.pb.h: No such file or directory
[3.386s]    23 | #include "insert_cable_skill.pb.h"
[3.386s]       |          ^~~~~~~~~~~~~~~~~~~~~~~~~
[3.386s] compilation terminated.
[3.389s] gmake[2]: *** [insert_cable_skill/CMakeFiles/insert_cable_skill_main.dir/build.make:85: insert_cable_skill/CMakeFiles/insert_cable_skill_main.dir/src/insert_cable_skill.cc.o] Error 1
[3.389s] gmake[1]: *** [CMakeFiles/Makefile2:262: insert_cable_skill/CMakeFiles/insert_cable_skill_main.dir/all] Error 2
[3.390s] gmake: *** [Makefile:146: all] Error 2
[3.393s] Invoked command in '/usr/local/google/home/kbalasundar/aic_ws/src/aic/build/aic_flowstate_skills' returned '2': AMENT_PREFIX_PATH=/usr/local/google/home/kbalasundar/aic_ws/src/aic/install/aic_task_interfaces:${AMENT_PREFIX_PATH} CMAKE_PREFIX_PATH=/usr/local/google/home/kbalasundar/aic_ws/src/aic/install/aic_task_interfaces:/usr/local/google/home/kbalasundar/flowstate_ws/install/sdk_examples_ros_skills:/usr/local/google/home/kbalasundar/flowstate_ws/install/sdk_examples_ros_services:/usr/local/google/home/kbalasundar/flowstate_ws/install/intrinsic_sdk_ros:/usr/local/google/home/kbalasundar/flowstate_ws/install/intrinsic_sdk_cmake:/usr/local/google/home/kbalasundar/flowstate_ws/install/pybind11_protobuf_vendor:/usr/local/google/home/kbalasundar/flowstate_ws/install/pybind11_abseil_vendor:/usr/local/google/home/kbalasundar/flowstate_ws/install/ortools_vendor:/usr/local/google/home/kbalasundar/flowstate_ws/install/gz_transport_vendor/opt/gz_transport_vendor:/usr/local/google/home/kbalasundar/flowstate_ws/install/gz_transport_vendor:/usr/local/google/home/kbalasundar/flowstate_ws/install/gz_msgs_vendor/opt/gz_msgs_vendor:/usr/local/google/home/kbalasundar/flowstate_ws/install/gz_msgs_vendor:/usr/local/google/home/kbalasundar/flowstate_ws/install/grpc_vendor:/usr/local/google/home/kbalasundar/flowstate_ws/install/re2_vendor:/usr/local/google/home/kbalasundar/flowstate_ws/install/opencensus_cpp_vendor:/usr/local/google/home/kbalasundar/flowstate_ws/install/prometheus_cpp_vendor:/usr/local/google/home/kbalasundar/flowstate_ws/install/intrinsic_pybind11_vendor:/usr/local/google/home/kbalasundar/flowstate_ws/install/gz_math_vendor/opt/gz_math_vendor:/usr/local/google/home/kbalasundar/flowstate_ws/install/gz_math_vendor:/usr/local/google/home/kbalasundar/flowstate_ws/install/gz_utils_vendor/opt/gz_utils_vendor:/usr/local/google/home/kbalasundar/flowstate_ws/install/gz_utils_vendor:/usr/local/google/home/kbalasundar/flowstate_ws/install/gz_cmake_vendor/opt/gz_cmake_vendor:/usr/local/google/home/kbalasundar/flowstate_ws/install/gz_cmake_vendor:/usr/local/google/home/kbalasundar/flowstate_ws/install/flatbuffers_vendor:/usr/local/google/home/kbalasundar/flowstate_ws/install/eigen_vendor:/usr/local/google/home/kbalasundar/flowstate_ws/install/bazelisk_vendor:/usr/local/google/home/kbalasundar/flowstate_ws/install/abseil_cpp_vendor:/opt/ros/kilted/opt/sdformat_vendor:/opt/ros/kilted/opt/gz_math_vendor:/opt/ros/kilted/opt/gz_utils_vendor:/opt/ros/kilted/opt/gz_tools_vendor:/opt/ros/kilted/opt/gz_ogre_next_vendor:/opt/ros/kilted/opt/gz_dartsim_vendor:/opt/ros/kilted/opt/gz_cmake_vendor:/opt/ros/kilted DEBUGINFOD_URLS=https://debuginfod.debian.net LD_LIBRARY_PATH=/usr/local/google/home/kbalasundar/aic_ws/src/aic/install/aic_task_interfaces/lib:${LD_LIBRARY_PATH} PYTHONPATH=/usr/local/google/home/kbalasundar/aic_ws/src/aic/install/aic_task_interfaces/lib/python3.12/site-packages:${PYTHONPATH} /usr/bin/cmake --build /usr/local/google/home/kbalasundar/aic_ws/src/aic/build/aic_flowstate_skills -- -j64 -l64
