[0.000000] (-) TimerEvent: {}
[0.000278] (-) JobUnselected: {'identifier': 'aic_adapter'}
[0.000396] (-) JobUnselected: {'identifier': 'aic_assets'}
[0.000665] (-) JobUnselected: {'identifier': 'aic_bringup'}
[0.000729] (-) JobUnselected: {'identifier': 'aic_control_interfaces'}
[0.000751] (-) JobUnselected: {'identifier': 'aic_controller'}
[0.000769] (-) JobUnselected: {'identifier': 'aic_description'}
[0.000785] (-) JobUnselected: {'identifier': 'aic_engine'}
[0.000800] (-) JobUnselected: {'identifier': 'aic_engine_interfaces'}
[0.000816] (-) JobUnselected: {'identifier': 'aic_example_policies'}
[0.000831] (-) JobUnselected: {'identifier': 'aic_gazebo'}
[0.000845] (-) JobUnselected: {'identifier': 'aic_model'}
[0.000860] (-) JobUnselected: {'identifier': 'aic_model_interfaces'}
[0.000874] (-) JobUnselected: {'identifier': 'aic_mujoco'}
[0.000889] (-) JobUnselected: {'identifier': 'aic_scoring'}
[0.000904] (-) JobUnselected: {'identifier': 'aic_task_interfaces'}
[0.000918] (-) JobUnselected: {'identifier': 'aic_teleoperation'}
[0.000933] (-) JobUnselected: {'identifier': 'lerobot_robot_aic'}
[0.000954] (aic_flowstate_skills) JobQueued: {'identifier': 'aic_flowstate_skills', 'dependencies': OrderedDict({'aic_task_interfaces': '/usr/local/google/home/kbalasundar/aic_ws/src/aic/install/aic_task_interfaces'})}
[0.000991] (aic_flowstate_skills) JobStarted: {'identifier': 'aic_flowstate_skills'}
[0.043893] (aic_flowstate_skills) JobEnded: {'identifier': 'aic_flowstate_skills', 'rc': 1}
[0.054419] (-) EventReactorShutdown: {}
